Component: ARM Compiler 5.06 update 7 (build 960) Tool: armlink [4d3601]

==============================================================================

Section Cross References

    startup_stm32f103xb.o(RESET) refers to startup_stm32f103xb.o(STACK) for __initial_sp
    startup_stm32f103xb.o(RESET) refers to startup_stm32f103xb.o(.text) for Reset_Handler
    startup_stm32f103xb.o(RESET) refers to stm32f1xx_it.o(i.NMI_Handler) for NMI_Handler
    startup_stm32f103xb.o(RESET) refers to stm32f1xx_it.o(i.HardFault_Handler) for HardFault_Handler
    startup_stm32f103xb.o(RESET) refers to stm32f1xx_it.o(i.MemManage_Handler) for MemManage_Handler
    startup_stm32f103xb.o(RESET) refers to stm32f1xx_it.o(i.BusFault_Handler) for BusFault_Handler
    startup_stm32f103xb.o(RESET) refers to stm32f1xx_it.o(i.UsageFault_Handler) for UsageFault_Handler
    startup_stm32f103xb.o(RESET) refers to stm32f1xx_it.o(i.SVC_Handler) for SVC_Handler
    startup_stm32f103xb.o(RESET) refers to stm32f1xx_it.o(i.DebugMon_Handler) for DebugMon_Handler
    startup_stm32f103xb.o(RESET) refers to stm32f1xx_it.o(i.PendSV_Handler) for PendSV_Handler
    startup_stm32f103xb.o(RESET) refers to stm32f1xx_it.o(i.SysTick_Handler) for SysTick_Handler
    startup_stm32f103xb.o(RESET) refers to stm32f1xx_it.o(i.DMA1_Channel1_IRQHandler) for DMA1_Channel1_IRQHandler
    startup_stm32f103xb.o(RESET) refers to stm32f1xx_it.o(i.DMA1_Channel2_IRQHandler) for DMA1_Channel2_IRQHandler
    startup_stm32f103xb.o(RESET) refers to stm32f1xx_it.o(i.ADC1_2_IRQHandler) for ADC1_2_IRQHandler
    startup_stm32f103xb.o(RESET) refers to stm32f1xx_it.o(i.TIM2_IRQHandler) for TIM2_IRQHandler
    startup_stm32f103xb.o(RESET) refers to stm32f1xx_it.o(i.TIM4_IRQHandler) for TIM4_IRQHandler
    startup_stm32f103xb.o(RESET) refers to stm32f1xx_it.o(i.USART1_IRQHandler) for USART1_IRQHandler
    startup_stm32f103xb.o(.text) refers to system_stm32f1xx.o(i.SystemInit) for SystemInit
    startup_stm32f103xb.o(.text) refers to entry.o(.ARM.Collect$$$$00000000) for __main
    ws2812.o(i.HAL_TIM_PWM_PulseFinishedCallback) refers to stm32f1xx_hal_tim.o(i.HAL_TIM_PWM_Stop_DMA) for HAL_TIM_PWM_Stop_DMA
    ws2812.o(i.HAL_TIM_PWM_PulseFinishedCallback) refers to tim.o(.bss) for htim1
    ws2812.o(i.WS2812_clear) refers to ws2812.o(i.WS2812_display) for WS2812_display
    ws2812.o(i.WS2812_clear) refers to ws2812.o(.bss) for .bss
    ws2812.o(i.WS2812_display) refers to stm32f1xx_hal_tim.o(i.HAL_TIM_PWM_Start_DMA) for HAL_TIM_PWM_Start_DMA
    ws2812.o(i.WS2812_display) refers to ws2812.o(.bss) for .bss
    ws2812.o(i.WS2812_display) refers to tim.o(.bss) for htim1
    ws2812.o(i.WS2812_display_RGB) refers to ws2812.o(.bss) for .bss
    ws2812.o(i.WS2812_display_hex_RGB) refers to ws2812.o(.bss) for .bss
    8x8led.o(i.Init_Max7219) refers to 8x8led.o(i.Write_Max7219) for Write_Max7219
    8x8led.o(i.Write_Byte) refers to stm32f1xx_hal_gpio.o(i.HAL_GPIO_WritePin) for HAL_GPIO_WritePin
    8x8led.o(i.Write_Byte) refers to stm32f1xx_hal_spi.o(i.HAL_SPI_Transmit) for HAL_SPI_Transmit
    8x8led.o(i.Write_Byte) refers to spi.o(.bss) for hspi1
    8x8led.o(i.Write_Max7219) refers to 8x8led.o(i.Write_Byte) for Write_Byte
    8x8led.o(i.Write_Max7219) refers to stm32f1xx_hal_gpio.o(i.HAL_GPIO_WritePin) for HAL_GPIO_WritePin
    dac8830.o(i.dac8830_write_Byte) refers to stm32f1xx_hal_gpio.o(i.HAL_GPIO_WritePin) for HAL_GPIO_WritePin
    dac8830.o(i.dac8830_write_Byte) refers to stm32f1xx_hal_spi.o(i.HAL_SPI_Transmit) for HAL_SPI_Transmit
    dac8830.o(i.dac8830_write_Byte) refers to spi.o(.bss) for hspi1
    dac8830.o(i.dac8830_write_volt) refers to f2d.o(.text) for __aeabi_f2d
    dac8830.o(i.dac8830_write_volt) refers to ddiv.o(.text) for __aeabi_ddiv
    dac8830.o(i.dac8830_write_volt) refers to dmul.o(.text) for __aeabi_dmul
    dac8830.o(i.dac8830_write_volt) refers to dfixi.o(.text) for __aeabi_d2iz
    dac8830.o(i.dac8830_write_volt) refers to dac8830.o(i.dac8830_write_Byte) for dac8830_write_Byte
    dac8830.o(i.dac8830_write_volt) refers to stm32f1xx_hal_gpio.o(i.HAL_GPIO_WritePin) for HAL_GPIO_WritePin
    main.o(i.HAL_ADC_ConvCpltCallback) refers to main.o(.data) for .data
    main.o(i.HAL_TIM_IC_CaptureCallback) refers to stm32f1xx_hal_tim.o(i.HAL_TIM_ReadCapturedValue) for HAL_TIM_ReadCapturedValue
    main.o(i.HAL_TIM_IC_CaptureCallback) refers to stm32f1xx_hal_tim.o(i.HAL_TIM_IC_Stop_IT) for HAL_TIM_IC_Stop_IT
    main.o(i.HAL_TIM_IC_CaptureCallback) refers to main.o(.data) for .data
    main.o(i.HAL_TIM_IC_CaptureCallback) refers to tim.o(.bss) for htim2
    main.o(i.HAL_TIM_IC_CaptureCallback) refers to main.o(.bss) for .bss
    main.o(i.HAL_TIM_PeriodElapsedCallback) refers to main.o(i.ws2812_show_freq) for ws2812_show_freq
    main.o(i.HAL_TIM_PeriodElapsedCallback) refers to main.o(i.led_show_freq) for led_show_freq
    main.o(i.HAL_TIM_PeriodElapsedCallback) refers to fdiv.o(.text) for __aeabi_fdiv
[...]
    .ARM.Collect$$$$0000000E                 0x080000fc   Section        4  entry12b.o(.ARM.Collect$$$$0000000E)
    .ARM.Collect$$$$0000000F                 0x08000100   Section        0  entry10a.o(.ARM.Collect$$$$0000000F)
    .ARM.Collect$$$$00000011                 0x08000100   Section        0  entry11a.o(.ARM.Collect$$$$00000011)
    .ARM.Collect$$$$00002712                 0x08000100   Section        4  entry2.o(.ARM.Collect$$$$00002712)
    __lit__00000000                          0x08000100   Data           4  entry2.o(.ARM.Collect$$$$00002712)
    .text                                    0x08000104   Section       36  startup_stm32f103xb.o(.text)
    .text                                    0x08000128   Section        0  llushr.o(.text)
    .text                                    0x08000148   Section        0  memseta.o(.text)
    .text                                    0x0800016c   Section        0  fadd.o(.text)
    .text                                    0x0800021c   Section        0  fmul.o(.text)
    .text                                    0x08000280   Section        0  fdiv.o(.text)
    .text                                    0x080002fc   Section        0  fscalb.o(.text)
    .text                                    0x08000314   Section        0  dadd.o(.text)
    .text                                    0x08000462   Section        0  dmul.o(.text)
    .text                                    0x08000546   Section        0  ddiv.o(.text)
    .text                                    0x08000624   Section        0  dscalb.o(.text)
    .text                                    0x08000652   Section        0  fflti.o(.text)
    .text                                    0x08000664   Section        0  ffltui.o(.text)
    .text                                    0x0800066e   Section        0  dflti.o(.text)
    .text                                    0x08000690   Section        0  dfltui.o(.text)
    .text                                    0x080006aa   Section        0  ffixi.o(.text)
    .text                                    0x080006dc   Section        0  ffixui.o(.text)
    .text                                    0x08000704   Section        0  dfixi.o(.text)
    .text                                    0x08000742   Section        0  dfixui.o(.text)
    .text                                    0x08000774   Section        0  f2d.o(.text)
    .text                                    0x0800079c   Section       48  cdrcmple.o(.text)
    .text                                    0x080007cc   Section        0  d2f.o(.text)
    .text                                    0x08000804   Section       20  cfcmple.o(.text)
    .text                                    0x08000818   Section       20  cfrcmple.o(.text)
    .text                                    0x0800082c   Section        0  uidiv.o(.text)
    .text                                    0x08000858   Section        0  uldiv.o(.text)
    .text                                    0x080008ba   Section        0  llshl.o(.text)
    .text                                    0x080008d8   Section        0  llsshr.o(.text)
    .text                                    0x080008fc   Section        0  fepilogue.o(.text)
    .text                                    0x080008fc   Section        0  iusefp.o(.text)
    .text                                    0x0800096a   Section        0  depilogue.o(.text)
    .text                                    0x08000a24   Section        0  dsqrt.o(.text)
    .text                                    0x08000ac6   Section        0  dfixul.o(.text)
    .text                                    0x08000af8   Section       36  init.o(.text)
    i.ADC1_2_IRQHandler                      0x08000b1c   Section        0  stm32f1xx_it.o(i.ADC1_2_IRQHandler)
    i.ADC_ConversionStop_Disable             0x08000b28   Section        0  stm32f1xx_hal_adc.o(i.ADC_ConversionStop_Disable)
    i.ADC_DMAConvCplt                        0x08000b7e   Section        0  stm32f1xx_hal_adc.o(i.ADC_DMAConvCplt)
    i.ADC_DMAError                           0x08000bcc   Section        0  stm32f1xx_hal_adc.o(i.ADC_DMAError)
    i.ADC_DMAHalfConvCplt                    0x08000be6   Section        0  stm32f1xx_hal_adc.o(i.ADC_DMAHalfConvCplt)
    i.ADC_Enable                             0x08000bf0   Section        0  stm32f1xx_hal_adc.o(i.ADC_Enable)
    i.BusFault_Handler                       0x08000c6c   Section        0  stm32f1xx_it.o(i.BusFault_Handler)
    i.DMA1_Channel1_IRQHandler               0x08000c70   Section        0  stm32f1xx_it.o(i.DMA1_Channel1_IRQHandler)
    i.DMA1_Channel2_IRQHandler               0x08000c7c   Section        0  stm32f1xx_it.o(i.DMA1_Channel2_IRQHandler)
    i.DMA_SetConfig                          0x08000c88   Section        0  stm32f1xx_hal_dma.o(i.DMA_SetConfig)
    DMA_SetConfig                            0x08000c89   Thumb Code    42  stm32f1xx_hal_dma.o(i.DMA_SetConfig)
    i.DebugMon_Handler                       0x08000cb2   Section        0  stm32f1xx_it.o(i.DebugMon_Handler)
    i.Error_Handler                          0x08000cb4   Section        0  main.o(i.Error_Handler)
    i.HAL_ADCEx_Calibration_Start            0x08000cb8   Section        0  stm32f1xx_hal_adc_ex.o(i.HAL_ADCEx_Calibration_Start)
    i.HAL_ADCEx_InjectedConvCpltCallback     0x08000d90   Section        0  stm32f1xx_hal_adc_ex.o(i.HAL_ADCEx_InjectedConvCpltCallback)
    i.HAL_ADC_ConfigChannel                  0x08000d94   Section        0  stm32f1xx_hal_adc.o(i.HAL_ADC_ConfigChannel)
    i.HAL_ADC_ConvCpltCallback               0x08000e90   Section        0  main.o(i.HAL_ADC_ConvCpltCallback)
    i.HAL_ADC_ConvHalfCpltCallback           0x08000ea8   Section        0  stm32f1xx_hal_adc.o(i.HAL_ADC_ConvHalfCpltCallback)
    i.HAL_ADC_ErrorCallback                  0x08000eaa   Section        0  stm32f1xx_hal_adc.o(i.HAL_ADC_ErrorCallback)
    i.HAL_ADC_IRQHandler                     0x08000eac   Section        0  stm32f1xx_hal_adc.o(i.HAL_ADC_IRQHandler)
    i.HAL_ADC_Init                           0x08000f94   Section        0  stm32f1xx_hal_adc.o(i.HAL_ADC_Init)
    i.HAL_ADC_LevelOutOfWindowCallback       0x080010b0   Section        0  stm32f1xx_hal_adc.o(i.HAL_ADC_LevelOutOfWindowCallback)
    i.HAL_ADC_MspInit                        0x080010b4   Section        0  adc.o(i.HAL_ADC_MspInit)
    i.HAL_ADC_Start_DMA                      0x08001154   Section        0  stm32f1xx_hal_adc.o(i.HAL_ADC_Start_DMA)
    i.HAL_ADC_Stop_DMA                       0x08001260   Section        0  stm32f1xx_hal_adc.o(i.HAL_ADC_Stop_DMA)
    i.HAL_DMA_Abort                          0x080012b6   Section        0  stm32f1xx_hal_dma.o(i.HAL_DMA_Abort)
    i.HAL_DMA_Abort_IT                       0x080012fc   Section        0  stm32f1xx_hal_dma.o(i.HAL_DMA_Abort_IT)
    i.HAL_DMA_IRQHandler                     0x08001394   Section        0  stm32f1xx_hal_dma.o(i.HAL_DMA_IRQHandler)
    i.HAL_DMA_Init                           0x080014e8   Section        0  stm32f1xx_hal_dma.o(i.HAL_DMA_Init)
    i.HAL_DMA_Start_IT                       0x08001544   Section        0  stm32f1xx_hal_dma.o(i.HAL_DMA_Start_IT)
    i.HAL_GPIO_Init                          0x080015b4   Section        0  stm32f1xx_hal_gpio.o(i.HAL_GPIO_Init)
    i.HAL_GPIO_WritePin                      0x08001794   Section        0  stm32f1xx_hal_gpio.o(i.HAL_GPIO_WritePin)
    i.HAL_GetTick                            0x080017a0   Section        0  stm32f1xx_hal.o(i.HAL_GetTick)
    i.HAL_IncTick                            0x080017ac   Section        0  stm32f1xx_hal.o(i.HAL_IncTick)
    i.HAL_Init                               0x080017bc   Section        0  stm32f1xx_hal.o(i.HAL_Init)
    i.HAL_InitTick                           0x080017e0   Section        0  stm32f1xx_hal.o(i.HAL_InitTick)
    i.HAL_MspInit                            0x08001820   Section        0  stm32f1xx_hal_msp.o(i.HAL_MspInit)
    i.HAL_NVIC_EnableIRQ                     0x0800185c   Section        0  stm32f1xx_hal_cortex.o(i.HAL_NVIC_EnableIRQ)
    i.HAL_NVIC_SetPriority                   0x08001878   Section        0  stm32f1xx_hal_cortex.o(i.HAL_NVIC_SetPriority)
    i.HAL_NVIC_SetPriorityGrouping           0x080018b8   Section        0  stm32f1xx_hal_cortex.o(i.HAL_NVIC_SetPriorityGrouping)
    i.HAL_RCCEx_GetPeriphCLKFreq             0x080018dc   Section        0  stm32f1xx_hal_rcc_ex.o(i.HAL_RCCEx_GetPeriphCLKFreq)
    i.HAL_RCCEx_PeriphCLKConfig              0x080019a4   Section        0  stm32f1xx_hal_rcc_ex.o(i.HAL_RCCEx_PeriphCLKConfig)
    i.HAL_RCC_ClockConfig                    0x08001a90   Section        0  stm32f1xx_hal_rcc.o(i.HAL_RCC_ClockConfig)
    i.HAL_RCC_GetPCLK1Freq                   0x08001bbc   Section        0  stm32f1xx_hal_rcc.o(i.HAL_RCC_GetPCLK1Freq)
    i.HAL_RCC_GetPCLK2Freq                   0x08001bdc   Section        0  stm32f1xx_hal_rcc.o(i.HAL_RCC_GetPCLK2Freq)
    i.HAL_RCC_GetSysClockFreq                0x08001bfc   Section        0  stm32f1xx_hal_rcc.o(i.HAL_RCC_GetSysClockFreq)
    i.HAL_RCC_OscConfig                      0x08001c68   Section        0  stm32f1xx_hal_rcc.o(i.HAL_RCC_OscConfig)
    i.HAL_SPI_Init                           0x08001f88   Section        0  stm32f1xx_hal_spi.o(i.HAL_SPI_Init)
    i.HAL_SPI_MspInit                        0x0800203c   Section        0  spi.o(i.HAL_SPI_MspInit)
    i.HAL_SPI_Transmit                       0x08002098   Section        0  stm32f1xx_hal_spi.o(i.HAL_SPI_Transmit)
    i.HAL_SYSTICK_Config                     0x080021fe   Section        0  stm32f1xx_hal_cortex.o(i.HAL_SYSTICK_Config)
    i.HAL_TIMEx_BreakCallback                0x08002226   Section        0  stm32f1xx_hal_tim_ex.o(i.HAL_TIMEx_BreakCallback)
    i.HAL_TIMEx_CommutCallback               0x08002228   Section        0  stm32f1xx_hal_tim_ex.o(i.HAL_TIMEx_CommutCallback)
    i.HAL_TIMEx_ConfigBreakDeadTime          0x0800222a   Section        0  stm32f1xx_hal_tim_ex.o(i.HAL_TIMEx_ConfigBreakDeadTime)
    i.HAL_TIMEx_MasterConfigSynchronization  0x08002280   Section        0  stm32f1xx_hal_tim_ex.o(i.HAL_TIMEx_MasterConfigSynchronization)
    i.HAL_TIM_Base_Init                      0x080022e8   Section        0  stm32f1xx_hal_tim.o(i.HAL_TIM_Base_Init)
    i.HAL_TIM_Base_MspInit                   0x08002344   Section        0  tim.o(i.HAL_TIM_Base_MspInit)
    i.HAL_TIM_Base_Start                     0x08002454   Section        0  stm32f1xx_hal_tim.o(i.HAL_TIM_Base_Start)
    i.HAL_TIM_Base_Start_IT                  0x080024a4   Section        0  stm32f1xx_hal_tim.o(i.HAL_TIM_Base_Start_IT)
    i.HAL_TIM_Base_Stop                      0x080024fc   Section        0  stm32f1xx_hal_tim.o(i.HAL_TIM_Base_Stop)
    i.HAL_TIM_ConfigClockSource              0x08002522   Section        0  stm32f1xx_hal_tim.o(i.HAL_TIM_ConfigClockSource)
    i.HAL_TIM_ErrorCallback                  0x080025f8   Section        0  stm32f1xx_hal_tim.o(i.HAL_TIM_ErrorCallback)
    i.HAL_TIM_IC_CaptureCallback             0x080025fc   Section        0  main.o(i.HAL_TIM_IC_CaptureCallback)
    i.HAL_TIM_IC_ConfigChannel               0x0800267c   Section        0  stm32f1xx_hal_tim.o(i.HAL_TIM_IC_ConfigChannel)
    i.HAL_TIM_IC_Init                        0x0800278a   Section        0  stm32f1xx_hal_tim.o(i.HAL_TIM_IC_Init)
    i.HAL_TIM_IC_MspInit                     0x080027e4   Section        0  stm32f1xx_hal_tim.o(i.HAL_TIM_IC_MspInit)
    i.HAL_TIM_IC_Start_IT                    0x080027e8   Section        0  stm32f1xx_hal_tim.o(i.HAL_TIM_IC_Start_IT)
    i.HAL_TIM_IC_Stop_IT                     0x080028c8   Section        0  stm32f1xx_hal_tim.o(i.HAL_TIM_IC_Stop_IT)
    i.HAL_TIM_IRQHandler                     0x0800294e   Section        0  stm32f1xx_hal_tim.o(i.HAL_TIM_IRQHandler)
    i.HAL_TIM_MspPostInit                    0x08002ab4   Section        0  tim.o(i.HAL_TIM_MspPostInit)
    i.HAL_TIM_OC_DelayElapsedCallback        0x08002b00   Section        0  stm32f1xx_hal_tim.o(i.HAL_TIM_OC_DelayElapsedCallback)
    i.HAL_TIM_PWM_ConfigChannel              0x08002b02   Section        0  stm32f1xx_hal_tim.o(i.HAL_TIM_PWM_ConfigChannel)
    i.HAL_TIM_PWM_Init                       0x08002bc8   Section        0  stm32f1xx_hal_tim.o(i.HAL_TIM_PWM_Init)
    i.HAL_TIM_PWM_MspInit                    0x08002c22   Section        0  stm32f1xx_hal_tim.o(i.HAL_TIM_PWM_MspInit)
    i.HAL_TIM_PWM_PulseFinishedCallback      0x08002c24   Section        0  ws2812.o(i.HAL_TIM_PWM_PulseFinishedCallback)
    i.HAL_TIM_PWM_PulseFinishedHalfCpltCallback 0x08002c30   Section        0  stm32f1xx_hal_tim.o(i.HAL_TIM_PWM_PulseFinishedHalfCpltCallback)
    i.HAL_TIM_PWM_Start_DMA                  0x08002c34   Section        0  stm32f1xx_hal_tim.o(i.HAL_TIM_PWM_Start_DMA)
    i.HAL_TIM_PWM_Stop_DMA                   0x08002db8   Section        0  stm32f1xx_hal_tim.o(i.HAL_TIM_PWM_Stop_DMA)
    i.HAL_TIM_PeriodElapsedCallback          0x08002e70   Section        0  main.o(i.HAL_TIM_PeriodElapsedCallback)
    i.HAL_TIM_ReadCapturedValue              0x08002ea4   Section        0  stm32f1xx_hal_tim.o(i.HAL_TIM_ReadCapturedValue)
    i.HAL_TIM_TriggerCallback                0x08002ece   Section        0  stm32f1xx_hal_tim.o(i.HAL_TIM_TriggerCallback)
    i.HAL_UARTEx_RxEventCallback             0x08002ed0   Section        0  stm32f1xx_hal_uart.o(i.HAL_UARTEx_RxEventCallback)
    i.HAL_UART_ErrorCallback                 0x08002ed2   Section        0  stm32f1xx_hal_uart.o(i.HAL_UART_ErrorCallback)
    i.HAL_UART_IRQHandler                    0x08002ed4   Section        0  stm32f1xx_hal_uart.o(i.HAL_UART_IRQHandler)
    i.HAL_UART_Init                          0x080030e0   Section        0  stm32f1xx_hal_uart.o(i.HAL_UART_Init)
    i.HAL_UART_MspInit                       0x08003144   Section        0  usart.o(i.HAL_UART_MspInit)
    i.HAL_UART_Receive_IT                    0x080031c4   Section        0  stm32f1xx_hal_uart.o(i.HAL_UART_Receive_IT)
    i.HAL_UART_RxCpltCallback                0x080031f0   Section        0  main.o(i.HAL_UART_RxCpltCallback)
    i.HAL_UART_Transmit                      0x08003240   Section        0  stm32f1xx_hal_uart.o(i.HAL_UART_Transmit)
    i.HAL_UART_TxCpltCallback                0x080032f2   Section        0  stm32f1xx_hal_uart.o(i.HAL_UART_TxCpltCallback)
    i.HardFault_Handler                      0x080032f4   Section        0  stm32f1xx_it.o(i.HardFault_Handler)
    i.Init_Max7219                           0x080032f6   Section        0  8x8led.o(i.Init_Max7219)
    i.MX_ADC1_Init                           0x08003334   Section        0  adc.o(i.MX_ADC1_Init)
    i.MX_DMA_Init                            0x08003380   Section        0  dma.o(i.MX_DMA_Init)
    i.MX_GPIO_Init                           0x080033bc   Section        0  gpio.o(i.MX_GPIO_Init)
    i.MX_SPI1_Init                           0x0800342c   Section        0  spi.o(i.MX_SPI1_Init)
    i.MX_TIM1_Init                           0x08003474   Section        0  tim.o(i.MX_TIM1_Init)
    i.MX_TIM2_Init                           0x08003538   Section        0  tim.o(i.MX_TIM2_Init)
    i.MX_TIM3_Init                           0x080035cc   Section        0  tim.o(i.MX_TIM3_Init)
    i.MX_TIM4_Init                           0x08003634   Section        0  tim.o(i.MX_TIM4_Init)
    i.MX_USART1_UART_Init                    0x080036a0   Section        0  usart.o(i.MX_USART1_UART_Init)
    i.MemManage_Handler                      0x080036d8   Section        0  stm32f1xx_it.o(i.MemManage_Handler)
    i.NMI_Handler                            0x080036da   Section        0  stm32f1xx_it.o(i.NMI_Handler)
    i.PendSV_Handler                         0x080036dc   Section        0  stm32f1xx_it.o(i.PendSV_Handler)
    i.SPI_EndRxTxTransaction                 0x080036de   Section        0  stm32f1xx_hal_spi.o(i.SPI_EndRxTxTransaction)
    SPI_EndRxTxTransaction                   0x080036df   Thumb Code    32  stm32f1xx_hal_spi.o(i.SPI_EndRxTxTransaction)
    i.SPI_WaitFlagStateUntilTimeout          0x08003700   Section        0  stm32f1xx_hal_spi.o(i.SPI_WaitFlagStateUntilTimeout)
    SPI_WaitFlagStateUntilTimeout            0x08003701   Thumb Code   180  stm32f1xx_hal_spi.o(i.SPI_WaitFlagStateUntilTimeout)
    i.SVC_Handler                            0x080037b8   Section        0  stm32f1xx_it.o(i.SVC_Handler)
    i.SysTick_Handler                        0x080037ba   Section        0  stm32f1xx_it.o(i.SysTick_Handler)
    i.SystemClock_Config                     0x080037be   Section        0  main.o(i.SystemClock_Config)
    i.SystemInit                             0x08003836   Section        0  system_stm32f1xx.o(i.SystemInit)
    i.TIM2_IRQHandler                        0x08003838   Section        0  stm32f1xx_it.o(i.TIM2_IRQHandler)
    i.TIM4_IRQHandler                        0x08003844   Section        0  stm32f1xx_it.o(i.TIM4_IRQHandler)
    i.TIM_Base_SetConfig                     0x08003850   Section        0  stm32f1xx_hal_tim.o(i.TIM_Base_SetConfig)
    i.TIM_CCxChannelCmd                      0x080038bc   Section        0  stm32f1xx_hal_tim.o(i.TIM_CCxChannelCmd)
    i.TIM_DMADelayPulseCplt                  0x080038d6   Section        0  stm32f1xx_hal_tim.o(i.TIM_DMADelayPulseCplt)
    TIM_DMADelayPulseCplt                    0x080038d7   Thumb Code    94  stm32f1xx_hal_tim.o(i.TIM_DMADelayPulseCplt)
    i.TIM_DMADelayPulseHalfCplt              0x08003934   Section        0  stm32f1xx_hal_tim.o(i.TIM_DMADelayPulseHalfCplt)
    i.TIM_DMAError                           0x0800396c   Section        0  stm32f1xx_hal_tim.o(i.TIM_DMAError)
    i.TIM_ETR_SetConfig                      0x080039c0   Section        0  stm32f1xx_hal_tim.o(i.TIM_ETR_SetConfig)
    i.TIM_ITRx_SetConfig                     0x080039d4   Section        0  stm32f1xx_hal_tim.o(i.TIM_ITRx_SetConfig)
    TIM_ITRx_SetConfig                       0x080039d5   Thumb Code    16  stm32f1xx_hal_tim.o(i.TIM_ITRx_SetConfig)
    i.TIM_OC1_SetConfig                      0x080039e4   Section        0  stm32f1xx_hal_tim.o(i.TIM_OC1_SetConfig)
    TIM_OC1_SetConfig                        0x080039e5   Thumb Code    74  stm32f1xx_hal_tim.o(i.TIM_OC1_SetConfig)
    i.TIM_OC2_SetConfig                      0x08003a34   Section        0  stm32f1xx_hal_tim.o(i.TIM_OC2_SetConfig)
    i.TIM_OC3_SetConfig                      0x08003a8c   Section        0  stm32f1xx_hal_tim.o(i.TIM_OC3_SetConfig)
    TIM_OC3_SetConfig                        0x08003a8d   Thumb Code    82  stm32f1xx_hal_tim.o(i.TIM_OC3_SetConfig)
    i.TIM_OC4_SetConfig                      0x08003ae4   Section        0  stm32f1xx_hal_tim.o(i.TIM_OC4_SetConfig)
    TIM_OC4_SetConfig                        0x08003ae5   Thumb Code    64  stm32f1xx_hal_tim.o(i.TIM_OC4_SetConfig)
    i.TIM_TI1_ConfigInputStage               0x08003b28   Section        0  stm32f1xx_hal_tim.o(i.TIM_TI1_ConfigInputStage)
    TIM_TI1_ConfigInputStage                 0x08003b29   Thumb Code    34  stm32f1xx_hal_tim.o(i.TIM_TI1_ConfigInputStage)
    i.TIM_TI1_SetConfig                      0x08003b4c   Section        0  stm32f1xx_hal_tim.o(i.TIM_TI1_SetConfig)
    i.TIM_TI2_ConfigInputStage               0x08003ba4   Section        0  stm32f1xx_hal_tim.o(i.TIM_TI2_ConfigInputStage)
    TIM_TI2_ConfigInputStage                 0x08003ba5   Thumb Code    36  stm32f1xx_hal_tim.o(i.TIM_TI2_ConfigInputStage)
    i.TIM_TI2_SetConfig                      0x08003bc8   Section        0  stm32f1xx_hal_tim.o(i.TIM_TI2_SetConfig)
    TIM_TI2_SetConfig                        0x08003bc9   Thumb Code    54  stm32f1xx_hal_tim.o(i.TIM_TI2_SetConfig)
    i.UART_DMAAbortOnError                   0x08003bfe   Section        0  stm32f1xx_hal_uart.o(i.UART_DMAAbortOnError)
    UART_DMAAbortOnError                     0x08003bff   Thumb Code    16  stm32f1xx_hal_uart.o(i.UART_DMAAbortOnError)
    i.UART_EndRxTransfer                     0x08003c0e   Section        0  stm32f1xx_hal_uart.o(i.UART_EndRxTransfer)
    UART_EndRxTransfer                       0x08003c0f   Thumb Code    48  stm32f1xx_hal_uart.o(i.UART_EndRxTransfer)
    i.UART_Receive_IT                        0x08003c3e   Section        0  stm32f1xx_hal_uart.o(i.UART_Receive_IT)
    UART_Receive_IT                          0x08003c3f   Thumb Code   182  stm32f1xx_hal_uart.o(i.UART_Receive_IT)
    i.UART_SetConfig                         0x08003cf4   Section        0  stm32f1xx_hal_uart.o(i.UART_SetConfig)
    UART_SetConfig                           0x08003cf5   Thumb Code   178  stm32f1xx_hal_uart.o(i.UART_SetConfig)
    i.UART_Start_Receive_IT                  0x08003dac   Section        0  stm32f1xx_hal_uart.o(i.UART_Start_Receive_IT)
    i.UART_WaitOnFlagUntilTimeout            0x08003de2   Section        0  stm32f1xx_hal_uart.o(i.UART_WaitOnFlagUntilTimeout)
    UART_WaitOnFlagUntilTimeout              0x08003de3   Thumb Code   100  stm32f1xx_hal_uart.o(i.UART_WaitOnFlagUntilTimeout)
    i.USART1_IRQHandler                      0x08003e48   Section        0  stm32f1xx_it.o(i.USART1_IRQHandler)
    i.UsageFault_Handler                     0x08003e54   Section        0  stm32f1xx_it.o(i.UsageFault_Handler)
    i.WS2812_clear                           0x08003e58   Section        0  ws2812.o(i.WS2812_clear)
    i.WS2812_display                         0x08003e78   Section        0  ws2812.o(i.WS2812_display)
    i.WS2812_display_RGB                     0x08003e90   Section        0  ws2812.o(i.WS2812_display_RGB)
    i.Write_Byte                             0x08003ec8   Section        0  8x8led.o(i.Write_Byte)
    i.Write_Max7219                          0x08003eec   Section        0  8x8led.o(i.Write_Max7219)
    i.__0printf                              0x08003f0c   Section        0  printfa.o(i.__0printf)
    i.__NVIC_SetPriority                     0x08003f2c   Section        0  stm32f1xx_hal_cortex.o(i.__NVIC_SetPriority)
    __NVIC_SetPriority                       0x08003f2d   Thumb Code    32  stm32f1xx_hal_cortex.o(i.__NVIC_SetPriority)
    i.__scatterload_copy                     0x08003f4c   Section       14  handlers.o(i.__scatterload_copy)
    i.__scatterload_null                     0x08003f5a   Section        2  handlers.o(i.__scatterload_null)
    i.__scatterload_zeroinit                 0x08003f5c   Section       14  handlers.o(i.__scatterload_zeroinit)
    i.__set_errno                            0x08003f6c   Section        0  errno.o(i.__set_errno)
    i._fp_digits                             0x08003f78   Section        0  printfa.o(i._fp_digits)
    _fp_digits                               0x08003f79   Thumb Code   366  printfa.o(i._fp_digits)
    i._printf_core                           0x080040fc   Section        0  printfa.o(i._printf_core)
    _printf_core                             0x080040fd   Thumb Code  1704  printfa.o(i._printf_core)
    i._printf_post_padding                   0x080047b0   Section        0  printfa.o(i._printf_post_padding)
    _printf_post_padding                     0x080047b1   Thumb Code    36  printfa.o(i._printf_post_padding)
    i._printf_pre_padding                    0x080047d4   Section        0  printfa.o(i._printf_pre_padding)
    _printf_pre_padding                      0x080047d5   Thumb Code    46  printfa.o(i._printf_pre_padding)
    i.adj_vp                                 0x08004804   Section        0  main.o(i.adj_vp)
    i.cal_arr_and_psc                        0x08004830   Section        0  main.o(i.cal_arr_and_psc)
    i.dac8830_write_Byte                     0x080048d0   Section        0  dac8830.o(i.dac8830_write_Byte)
    i.dac8830_write_volt                     0x080048f4   Section        0  dac8830.o(i.dac8830_write_volt)
    i.fputc                                  0x0800493c   Section        0  main.o(i.fputc)
    i.get_wave_type                          0x08004954   Section        0  main.o(i.get_wave_type)
    i.led_show_freq                          0x080049bc   Section        0  main.o(i.led_show_freq)
    i.main                                   0x08004a28   Section        0  main.o(i.main)
    i.sqrt                                   0x08004d88   Section        0  sqrt.o(i.sqrt)
    i.to_microsecond                         0x08004dd4   Section        0  main.o(i.to_microsecond)
    i.uart_HMI_show                          0x08004dfc   Section        0  main.o(i.uart_HMI_show)
    i.ws2812_show_freq                       0x08004ed8   Section        0  main.o(i.ws2812_show_freq)
    .constdata                               0x080050a8   Section       16  system_stm32f1xx.o(.constdata)
    .constdata                               0x080050b8   Section        8  system_stm32f1xx.o(.constdata)
    .conststring                             0x080050c0   Section       76  main.o(.conststring)
    .data                                    0x20000000   Section      108  main.o(.data)
    .data                                    0x2000006c   Section       12  stm32f1xx_hal.o(.data)
    .data                                    0x20000078   Section        4  system_stm32f1xx.o(.data)
    .data                                    0x2000007c   Section        4  stdout.o(.data)
    .data                                    0x20000080   Section        4  errno.o(.data)
    _errno                                   0x20000080   Data           4  errno.o(.data)
    .bss                                     0x20000084   Section     1744  ws2812.o(.bss)
    .bss                                     0x20000754   Section     8116  main.o(.bss)
    .bss                                     0x20002708   Section      116  adc.o(.bss)
    .bss                                     0x2000277c   Section       88  spi.o(.bss)
    .bss                                     0x200027d4   Section      356  tim.o(.bss)
    .bss                                     0x20002938   Section       68  usart.o(.bss)
    STACK                                    0x20002980   Section     1024  startup_stm32f103xb.o(STACK)

    Global Symbols

    Symbol Name                              Value     Ov Type        Size  Object(Section)

    BuildAttributes$$THM_ISAv4$P$D$K$B$S$PE$A:L22UL41UL21$X:L11$S22US41US21$IEEE1$IW$USESV6$~STKCKD$USESV7$~SHL$OTIME$ROPI$IEEEJ$EBA8$MICROLIB$REQ8$PRES8$EABIv2 0x00000000   Number         0  anon$$obj.o ABSOLUTE
    __ARM_use_no_argv                        0x00000000   Number         0  main.o ABSOLUTE
    _printf_a                                0x00000000   Number         0  stubs.o ABSOLUTE
    _printf_c                                0x00000000   Number         0  stubs.o ABSOLUTE
    _printf_charcount                        0x00000000   Number         0  stubs.o ABSOLUTE
    _printf_d                                0x00000000   Number         0  stubs.o ABSOLUTE
    _printf_e                                0x00000000   Number         0  stubs.o ABSOLUTE
    _printf_f                                0x00000000   Number         0  stubs.o ABSOLUTE
    _printf_flags                            0x00000000   Number         0  stubs.o ABSOLUTE
    _printf_fp_dec                           0x00000000   Number         0  stubs.o ABSOLUTE
    _printf_fp_hex                           0x00000000   Number         0  stubs.o ABSOLUTE
    _printf_g                                0x00000000   Number         0  stubs.o ABSOLUTE
    _printf_i                                0x00000000   Number         0  stubs.o ABSOLUTE
    _printf_int_dec                          0x00000000   Number         0  stubs.o ABSOLUTE
    _printf_l                                0x00000000   Number         0  stubs.o ABSOLUTE
    _printf_lc                               0x00000000   Number         0  stubs.o ABSOLUTE
    _printf_ll                               0x00000000   Number         0  stubs.o ABSOLUTE
    _printf_lld                              0x00000000   Number         0  stubs.o ABSOLUTE
    _printf_lli                              0x00000000   Number         0  stubs.o ABSOLUTE
    _printf_llo                              0x00000000   Number         0  stubs.o ABSOLUTE
    _printf_llu                              0x00000000   Number         0  stubs.o ABSOLUTE
    _printf_llx                              0x00000000   Number         0  stubs.o ABSOLUTE
    _printf_longlong_dec                     0x00000000   Number         0  stubs.o ABSOLUTE
    _printf_longlong_hex                     0x00000000   Number         0  stubs.o ABSOLUTE
    _printf_longlong_oct                     0x00000000   Number         0  stubs.o ABSOLUTE
    _printf_ls                               0x00000000   Number         0  stubs.o ABSOLUTE
    _printf_mbtowc                           0x00000000   Number         0  stubs.o ABSOLUTE
    _printf_n                                0x00000000   Number         0  stubs.o ABSOLUTE
    _printf_o                                0x00000000   Number         0  stubs.o ABSOLUTE
    _printf_p                                0x00000000   Number         0  stubs.o ABSOLUTE
    _printf_percent                          0x00000000   Number         0  stubs.o ABSOLUTE
    _printf_pre_padding                      0x00000000   Number         0  stubs.o ABSOLUTE
    _printf_return_value                     0x00000000   Number         0  stubs.o ABSOLUTE
    _printf_s                                0x00000000   Number         0  stubs.o ABSOLUTE
    _printf_sizespec                         0x00000000   Number         0  stubs.o ABSOLUTE
    _printf_str                              0x00000000   Number         0  stubs.o ABSOLUTE
    _printf_truncate_signed                  0x00000000   Number         0  stubs.o ABSOLUTE
    _printf_truncate_unsigned                0x00000000   Number         0  stubs.o ABSOLUTE
    _printf_u                                0x00000000   Number         0  stubs.o ABSOLUTE
    _printf_wc                               0x00000000   Number         0  stubs.o ABSOLUTE
    _printf_wctomb                           0x00000000   Number         0  stubs.o ABSOLUTE
    _printf_widthprec                        0x00000000   Number         0  stubs.o ABSOLUTE
    _printf_x                                0x00000000   Number         0  stubs.o ABSOLUTE
    __arm_fini_                               - Undefined Weak Reference
    __cpp_initialize__aeabi_                  - Undefined Weak Reference
    __cxa_finalize                            - Undefined Weak Reference
    __decompress                              - Undefined Weak Reference
    _clock_init                               - Undefined Weak Reference
    _microlib_exit                            - Undefined Weak Reference
    __Vectors_Size                           0x000000ec   Number         0  startup_stm32f103xb.o ABSOLUTE
    __Vectors                                0x08000000   Data           4  startup_stm32f103xb.o(RESET)
    __Vectors_End                            0x080000ec   Data           0  startup_stm32f103xb.o(RESET)
    __main                                   0x080000ed   Thumb Code     0  entry.o(.ARM.Collect$$$$00000000)
    _main_stk                                0x080000ed   Thumb Code     0  entry2.o(.ARM.Collect$$$$00000001)
    _main_scatterload                        0x080000f1   Thumb Code     0  entry5.o(.ARM.Collect$$$$00000004)
    __main_after_scatterload                 0x080000f5   Thumb Code     0  entry5.o(.ARM.Collect$$$$00000004)
    _main_clock                              0x080000f5   Thumb Code     0  entry7b.o(.ARM.Collect$$$$00000008)
    _main_cpp_init                           0x080000f5   Thumb Code     0  entry8b.o(.ARM.Collect$$$$0000000A)
    _main_init                               0x080000f5   Thumb Code     0  entry9a.o(.ARM.Collect$$$$0000000B)
    __rt_lib_shutdown_fini                   0x080000fd   Thumb Code     0  entry12b.o(.ARM.Collect$$$$0000000E)
    __rt_final_cpp                           0x08000101   Thumb Code     0  entry10a.o(.ARM.Collect$$$$0000000F)
    __rt_final_exit                          0x08000101   Thumb Code     0  entry11a.o(.ARM.Collect$$$$00000011)
    Reset_Handler                            0x08000105   Thumb Code     8  startup_stm32f103xb.o(.text)
    CAN1_RX1_IRQHandler                      0x0800011f   Thumb Code     0  startup_stm32f103xb.o(.text)
    CAN1_SCE_IRQHandler                      0x0800011f   Thumb Code     0  startup_stm32f103xb.o(.text)
    DMA1_Channel3_IRQHandler                 0x0800011f   Thumb Code     0  startup_stm32f103xb.o(.text)
    DMA1_Channel4_IRQHandler                 0x0800011f   Thumb Code     0  startup_stm32f103xb.o(.text)
    DMA1_Channel5_IRQHandler                 0x0800011f   Thumb Code     0  startup_stm32f103xb.o(.text)
    DMA1_Channel6_IRQHandler                 0x0800011f   Thumb Code     0  startup_stm32f103xb.o(.text)
    DMA1_Channel7_IRQHandler                 0x0800011f   Thumb Code     0  startup_stm32f103xb.o(.text)
    EXTI0_IRQHandler                         0x0800011f   Thumb Code     0  startup_stm32f103xb.o(.text)
    EXTI15_10_IRQHandler                     0x0800011f   Thumb Code     0  startup_stm32f103xb.o(.text)
    EXTI1_IRQHandler                         0x0800011f   Thumb Code     0  startup_stm32f103xb.o(.text)
    EXTI2_IRQHandler                         0x0800011f   Thumb Code     0  startup_stm32f103xb.o(.text)
    EXTI3_IRQHandler                         0x0800011f   Thumb Code     0  startup_stm32f103xb.o(.text)
    EXTI4_IRQHandler                         0x0800011f   Thumb Code     0  startup_stm32f103xb.o(.text)
    EXTI9_5_IRQHandler                       0x0800011f   Thumb Code     0  startup_stm32f103xb.o(.text)
    FLASH_IRQHandler                         0x0800011f   Thumb Code     0  startup_stm32f103xb.o(.text)
    I2C1_ER_IRQHandler                       0x0800011f   Thumb Code     0  startup_stm32f103xb.o(.text)
    I2C1_EV_IRQHandler                       0x0800011f   Thumb Code     0  startup_stm32f103xb.o(.text)
    I2C2_ER_IRQHandler                       0x0800011f   Thumb Code     0  startup_stm32f103xb.o(.text)
    I2C2_EV_IRQHandler                       0x0800011f   Thumb Code     0  startup_stm32f103xb.o(.text)
    PVD_IRQHandler                           0x0800011f   Thumb Code     0  startup_stm32f103xb.o(.text)
    RCC_IRQHandler                           0x0800011f   Thumb Code     0  startup_stm32f103xb.o(.text)
    RTC_Alarm_IRQHandler                     0x0800011f   Thumb Code     0  startup_stm32f103xb.o(.text)
    RTC_IRQHandler                           0x0800011f   Thumb Code     0  startup_stm32f103xb.o(.text)
    SPI1_IRQHandler                          0x0800011f   Thumb Code     0  startup_stm32f103xb.o(.text)
    SPI2_IRQHandler                          0x0800011f   Thumb Code     0  startup_stm32f103xb.o(.text)
    TAMPER_IRQHandler                        0x0800011f   Thumb Code     0  startup_stm32f103xb.o(.text)
    TIM1_BRK_IRQHandler                      0x0800011f   Thumb Code     0  startup_stm32f103xb.o(.text)
    TIM1_CC_IRQHandler                       0x0800011f   Thumb Code     0  startup_stm32f103xb.o(.text)
    TIM1_TRG_COM_IRQHandler                  0x0800011f   Thumb Code     0  startup_stm32f103xb.o(.text)
    TIM1_UP_IRQHandler                       0x0800011f   Thumb Code     0  startup_stm32f103xb.o(.text)
    TIM3_IRQHandler                          0x0800011f   Thumb Code     0  startup_stm32f103xb.o(.text)
    USART2_IRQHandler                        0x0800011f   Thumb Code     0  startup_stm32f103xb.o(.text)
    USART3_IRQHandler                        0x0800011f   Thumb Code     0  startup_stm32f103xb.o(.text)
    USBWakeUp_IRQHandler                     0x0800011f   Thumb Code     0  startup_stm32f103xb.o(.text)
    USB_HP_CAN1_TX_IRQHandler                0x0800011f   Thumb Code     0  startup_stm32f103xb.o(.text)
    USB_LP_CAN1_RX0_IRQHandler               0x0800011f   Thumb Code     0  startup_stm32f103xb.o(.text)
    WWDG_IRQHandler                          0x0800011f   Thumb Code     0  startup_stm32f103xb.o(.text)
    __aeabi_llsr                             0x08000129   Thumb Code    32  llushr.o(.text)
    _ll_ushift_r                             0x08000129   Thumb Code     0  llushr.o(.text)
    __aeabi_memset                           0x08000149   Thumb Code    14  memseta.o(.text)
    __aeabi_memset4                          0x08000149   Thumb Code     0  memseta.o(.text)
    __aeabi_memset8                          0x08000149   Thumb Code     0  memseta.o(.text)
    __aeabi_memclr                           0x08000157   Thumb Code     4  memseta.o(.text)
    __aeabi_memclr4                          0x08000157   Thumb Code     0  memseta.o(.text)
    __aeabi_memclr8                          0x08000157   Thumb Code     0  memseta.o(.text)
    _memset$wrapper                          0x0800015b   Thumb Code    18  memseta.o(.text)
    __aeabi_fadd                             0x0800016d   Thumb Code   164  fadd.o(.text)
    __aeabi_fsub                             0x08000211   Thumb Code     6  fadd.o(.text)
    __aeabi_frsub                            0x08000217   Thumb Code     6  fadd.o(.text)
    __aeabi_fmul                             0x0800021d   Thumb Code   100  fmul.o(.text)
    __aeabi_fdiv                             0x08000281   Thumb Code   124  fdiv.o(.text)
    __ARM_scalbnf                            0x080002fd   Thumb Code    24  fscalb.o(.text)
    scalbnf                                  0x080002fd   Thumb Code     0  fscalb.o(.text)
    __aeabi_dadd                             0x08000315   Thumb Code   322  dadd.o(.text)
    __aeabi_dsub                             0x08000457   Thumb Code     6  dadd.o(.text)
    __aeabi_drsub                            0x0800045d   Thumb Code     6  dadd.o(.text)
    __aeabi_dmul                             0x08000463   Thumb Code   228  dmul.o(.text)
    __aeabi_ddiv                             0x08000547   Thumb Code   222  ddiv.o(.text)
    __ARM_scalbn                             0x08000625   Thumb Code    46  dscalb.o(.text)
    scalbn                                   0x08000625   Thumb Code     0  dscalb.o(.text)
    __aeabi_i2f                              0x08000653   Thumb Code    18  fflti.o(.text)
    __aeabi_ui2f                             0x08000665   Thumb Code    10  ffltui.o(.text)
    __aeabi_i2d                              0x0800066f   Thumb Code    34  dflti.o(.text)
    __aeabi_ui2d                             0x08000691   Thumb Code    26  dfltui.o(.text)
    __aeabi_f2iz                             0x080006ab   Thumb Code    50  ffixi.o(.text)
    __aeabi_f2uiz                            0x080006dd   Thumb Code    40  ffixui.o(.text)
    __aeabi_d2iz                             0x08000705   Thumb Code    62  dfixi.o(.text)
    __aeabi_d2uiz                            0x08000743   Thumb Code    50  dfixui.o(.text)
    __aeabi_f2d                              0x08000775   Thumb Code    38  f2d.o(.text)
    __aeabi_cdrcmple                         0x0800079d   Thumb Code    48  cdrcmple.o(.text)
    __aeabi_d2f                              0x080007cd   Thumb Code    56  d2f.o(.text)
    __aeabi_cfcmpeq                          0x08000805   Thumb Code     0  cfcmple.o(.text)
    __aeabi_cfcmple                          0x08000805   Thumb Code    20  cfcmple.o(.text)
    __aeabi_cfrcmple                         0x08000819   Thumb Code    20  cfrcmple.o(.text)
    __aeabi_uidiv                            0x0800082d   Thumb Code     0  uidiv.o(.text)
    __aeabi_uidivmod                         0x0800082d   Thumb Code    44  uidiv.o(.text)
    __aeabi_uldivmod                         0x08000859   Thumb Code    98  uldiv.o(.text)
    __aeabi_llsl                             0x080008bb   Thumb Code    30  llshl.o(.text)
    _ll_shift_l                              0x080008bb   Thumb Code     0  llshl.o(.text)
    __aeabi_lasr                             0x080008d9   Thumb Code    36  llsshr.o(.text)
    _ll_sshift_r                             0x080008d9   Thumb Code     0  llsshr.o(.text)
    __I$use$fp                               0x080008fd   Thumb Code     0  iusefp.o(.text)
    _float_round                             0x080008fd   Thumb Code    18  fepilogue.o(.text)
    _float_epilogue                          0x0800090f   Thumb Code    92  fepilogue.o(.text)
    _double_round                            0x0800096b   Thumb Code    30  depilogue.o(.text)
    _double_epilogue                         0x08000989   Thumb Code   156  depilogue.o(.text)
    _dsqrt                                   0x08000a25   Thumb Code   162  dsqrt.o(.text)
    __aeabi_d2ulz                            0x08000ac7   Thumb Code    48  dfixul.o(.text)
    __scatterload                            0x08000af9   Thumb Code    28  init.o(.text)
    __scatterload_rt2                        0x08000af9   Thumb Code     0  init.o(.text)
    ADC1_2_IRQHandler                        0x08000b1d   Thumb Code     6  stm32f1xx_it.o(i.ADC1_2_IRQHandler)
    ADC_ConversionStop_Disable               0x08000b29   Thumb Code    86  stm32f1xx_hal_adc.o(i.ADC_ConversionStop_Disable)
    ADC_DMAConvCplt                          0x08000b7f   Thumb Code    78  stm32f1xx_hal_adc.o(i.ADC_DMAConvCplt)
    ADC_DMAError                             0x08000bcd   Thumb Code    26  stm32f1xx_hal_adc.o(i.ADC_DMAError)
    ADC_DMAHalfConvCplt                      0x08000be7   Thumb Code    10  stm32f1xx_hal_adc.o(i.ADC_DMAHalfConvCplt)
    ADC_Enable                               0x08000bf1   Thumb Code   114  stm32f1xx_hal_adc.o(i.ADC_Enable)
    BusFault_Handler                         0x08000c6d   Thumb Code     2  stm32f1xx_it.o(i.BusFault_Handler)
    DMA1_Channel1_IRQHandler                 0x08000c71   Thumb Code     6  stm32f1xx_it.o(i.DMA1_Channel1_IRQHandler)
    DMA1_Channel2_IRQHandler                 0x08000c7d   Thumb Code     6  stm32f1xx_it.o(i.DMA1_Channel2_IRQHandler)
    DebugMon_Handler                         0x08000cb3   Thumb Code     2  stm32f1xx_it.o(i.DebugMon_Handler)
    Error_Handler                            0x08000cb5   Thumb Code     4  main.o(i.Error_Handler)
    HAL_ADCEx_Calibration_Start              0x08000cb9   Thumb Code   210  stm32f1xx_hal_adc_ex.o(i.HAL_ADCEx_Calibration_Start)
    HAL_ADCEx_InjectedConvCpltCallback       0x08000d91   Thumb Code     2  stm32f1xx_hal_adc_ex.o(i.HAL_ADCEx_InjectedConvCpltCallback)
    HAL_ADC_ConfigChannel                    0x08000d95   Thumb Code   240  stm32f1xx_hal_adc.o(i.HAL_ADC_ConfigChannel)
    HAL_ADC_ConvCpltCallback                 0x08000e91   Thumb Code    16  main.o(i.HAL_ADC_ConvCpltCallback)
    HAL_ADC_ConvHalfCpltCallback             0x08000ea9   Thumb Code     2  stm32f1xx_hal_adc.o(i.HAL_ADC_ConvHalfCpltCallback)
    HAL_ADC_ErrorCallback                    0x08000eab   Thumb Code     2  stm32f1xx_hal_adc.o(i.HAL_ADC_ErrorCallback)
    HAL_ADC_IRQHandler                       0x08000ead   Thumb Code   230  stm32f1xx_hal_adc.o(i.HAL_ADC_IRQHandler)
    HAL_ADC_Init                             0x08000f95   Thumb Code   272  stm32f1xx_hal_adc.o(i.HAL_ADC_Init)
    HAL_ADC_LevelOutOfWindowCallback         0x080010b1   Thumb Code     2  stm32f1xx_hal_adc.o(i.HAL_ADC_LevelOutOfWindowCallback)
    HAL_ADC_MspInit                          0x080010b5   Thumb Code   138  adc.o(i.HAL_ADC_MspInit)
    HAL_ADC_Start_DMA                        0x08001155   Thumb Code   246  stm32f1xx_hal_adc.o(i.HAL_ADC_Start_DMA)
    HAL_ADC_Stop_DMA                         0x08001261   Thumb Code    86  stm32f1xx_hal_adc.o(i.HAL_ADC_Stop_DMA)
    HAL_DMA_Abort                            0x080012b7   Thumb Code    70  stm32f1xx_hal_dma.o(i.HAL_DMA_Abort)
    HAL_DMA_Abort_IT                         0x080012fd   Thumb Code   148  stm32f1xx_hal_dma.o(i.HAL_DMA_Abort_IT)
    HAL_DMA_IRQHandler                       0x08001395   Thumb Code   316  stm32f1xx_hal_dma.o(i.HAL_DMA_IRQHandler)
    HAL_DMA_Init                             0x080014e9   Thumb Code    84  stm32f1xx_hal_dma.o(i.HAL_DMA_Init)
    HAL_DMA_Start_IT                         0x08001545   Thumb Code   112  stm32f1xx_hal_dma.o(i.HAL_DMA_Start_IT)
    HAL_GPIO_Init                            0x080015b5   Thumb Code   446  stm32f1xx_hal_gpio.o(i.HAL_GPIO_Init)
    HAL_GPIO_WritePin                        0x08001795   Thumb Code    10  stm32f1xx_hal_gpio.o(i.HAL_GPIO_WritePin)
    HAL_GetTick                              0x080017a1   Thumb Code     6  stm32f1xx_hal.o(i.HAL_GetTick)
    HAL_IncTick                              0x080017ad   Thumb Code    12  stm32f1xx_hal.o(i.HAL_IncTick)
    HAL_Init                                 0x080017bd   Thumb Code    32  stm32f1xx_hal.o(i.HAL_Init)
    HAL_InitTick                             0x080017e1   Thumb Code    54  stm32f1xx_hal.o(i.HAL_InitTick)
    HAL_MspInit                              0x08001821   Thumb Code    52  stm32f1xx_hal_msp.o(i.HAL_MspInit)
    HAL_NVIC_EnableIRQ                       0x0800185d   Thumb Code    26  stm32f1xx_hal_cortex.o(i.HAL_NVIC_EnableIRQ)
    HAL_NVIC_SetPriority                     0x08001879   Thumb Code    60  stm32f1xx_hal_cortex.o(i.HAL_NVIC_SetPriority)
    HAL_NVIC_SetPriorityGrouping             0x080018b9   Thumb Code    26  stm32f1xx_hal_cortex.o(i.HAL_NVIC_SetPriorityGrouping)
    HAL_RCCEx_GetPeriphCLKFreq               0x080018dd   Thumb Code   166  stm32f1xx_hal_rcc_ex.o(i.HAL_RCCEx_GetPeriphCLKFreq)
    HAL_RCCEx_PeriphCLKConfig                0x080019a5   Thumb Code   224  stm32f1xx_hal_rcc_ex.o(i.HAL_RCCEx_PeriphCLKConfig)
    HAL_RCC_ClockConfig                      0x08001a91   Thumb Code   280  stm32f1xx_hal_rcc.o(i.HAL_RCC_ClockConfig)
    HAL_RCC_GetPCLK1Freq                     0x08001bbd   Thumb Code    20  stm32f1xx_hal_rcc.o(i.HAL_RCC_GetPCLK1Freq)
    HAL_RCC_GetPCLK2Freq                     0x08001bdd   Thumb Code    20  stm32f1xx_hal_rcc.o(i.HAL_RCC_GetPCLK2Freq)
    HAL_RCC_GetSysClockFreq                  0x08001bfd   Thumb Code    74  stm32f1xx_hal_rcc.o(i.HAL_RCC_GetSysClockFreq)
    HAL_RCC_OscConfig                        0x08001c69   Thumb Code   778  stm32f1xx_hal_rcc.o(i.HAL_RCC_OscConfig)
    HAL_SPI_Init                             0x08001f89   Thumb Code   178  stm32f1xx_hal_spi.o(i.HAL_SPI_Init)
    HAL_SPI_MspInit                          0x0800203d   Thumb Code    80  spi.o(i.HAL_SPI_MspInit)
    HAL_SPI_Transmit                         0x08002099   Thumb Code   358  stm32f1xx_hal_spi.o(i.HAL_SPI_Transmit)
    HAL_SYSTICK_Config                       0x080021ff   Thumb Code    40  stm32f1xx_hal_cortex.o(i.HAL_SYSTICK_Config)
    HAL_TIMEx_BreakCallback                  0x08002227   Thumb Code     2  stm32f1xx_hal_tim_ex.o(i.HAL_TIMEx_BreakCallback)
    HAL_TIMEx_CommutCallback                 0x08002229   Thumb Code     2  stm32f1xx_hal_tim_ex.o(i.HAL_TIMEx_CommutCallback)
    HAL_TIMEx_ConfigBreakDeadTime            0x0800222b   Thumb Code    84  stm32f1xx_hal_tim_ex.o(i.HAL_TIMEx_ConfigBreakDeadTime)
    HAL_TIMEx_MasterConfigSynchronization    0x08002281   Thumb Code    92  stm32f1xx_hal_tim_ex.o(i.HAL_TIMEx_MasterConfigSynchronization)
    HAL_TIM_Base_Init                        0x080022e9   Thumb Code    90  stm32f1xx_hal_tim.o(i.HAL_TIM_Base_Init)
    HAL_TIM_Base_MspInit                     0x08002345   Thumb Code   240  tim.o(i.HAL_TIM_Base_MspInit)
    HAL_TIM_Base_Start                       0x08002455   Thumb Code    66  stm32f1xx_hal_tim.o(i.HAL_TIM_Base_Start)
    HAL_TIM_Base_Start_IT                    0x080024a5   Thumb Code    76  stm32f1xx_hal_tim.o(i.HAL_TIM_Base_Start_IT)
    HAL_TIM_Base_Stop                        0x080024fd   Thumb Code    38  stm32f1xx_hal_tim.o(i.HAL_TIM_Base_Stop)
    HAL_TIM_ConfigClockSource                0x08002523   Thumb Code   214  stm32f1xx_hal_tim.o(i.HAL_TIM_ConfigClockSource)
    HAL_TIM_ErrorCallback                    0x080025f9   Thumb Code     2  stm32f1xx_hal_tim.o(i.HAL_TIM_ErrorCallback)
    HAL_TIM_IC_CaptureCallback               0x080025fd   Thumb Code   114  main.o(i.HAL_TIM_IC_CaptureCallback)
    HAL_TIM_IC_ConfigChannel                 0x0800267d   Thumb Code   270  stm32f1xx_hal_tim.o(i.HAL_TIM_IC_ConfigChannel)
    HAL_TIM_IC_Init                          0x0800278b   Thumb Code    90  stm32f1xx_hal_tim.o(i.HAL_TIM_IC_Init)
    HAL_TIM_IC_MspInit                       0x080027e5   Thumb Code     2  stm32f1xx_hal_tim.o(i.HAL_TIM_IC_MspInit)
    HAL_TIM_IC_Start_IT                      0x080027e9   Thumb Code   212  stm32f1xx_hal_tim.o(i.HAL_TIM_IC_Start_IT)
    HAL_TIM_IC_Stop_IT                       0x080028c9   Thumb Code   134  stm32f1xx_hal_tim.o(i.HAL_TIM_IC_Stop_IT)
    HAL_TIM_IRQHandler                       0x0800294f   Thumb Code   358  stm32f1xx_hal_tim.o(i.HAL_TIM_IRQHandler)
    HAL_TIM_MspPostInit                      0x08002ab5   Thumb Code    64  tim.o(i.HAL_TIM_MspPostInit)
    HAL_TIM_OC_DelayElapsedCallback          0x08002b01   Thumb Code     2  stm32f1xx_hal_tim.o(i.HAL_TIM_OC_DelayElapsedCallback)
    HAL_TIM_PWM_ConfigChannel                0x08002b03   Thumb Code   198  stm32f1xx_hal_tim.o(i.HAL_TIM_PWM_ConfigChannel)
    HAL_TIM_PWM_Init                         0x08002bc9   Thumb Code    90  stm32f1xx_hal_tim.o(i.HAL_TIM_PWM_Init)
    HAL_TIM_PWM_MspInit                      0x08002c23   Thumb Code     2  stm32f1xx_hal_tim.o(i.HAL_TIM_PWM_MspInit)
    HAL_TIM_PWM_PulseFinishedCallback        0x08002c25   Thumb Code     8  ws2812.o(i.HAL_TIM_PWM_PulseFinishedCallback)
    HAL_TIM_PWM_PulseFinishedHalfCpltCallback 0x08002c31   Thumb Code     2  stm32f1xx_hal_tim.o(i.HAL_TIM_PWM_PulseFinishedHalfCpltCallback)
    HAL_TIM_PWM_Start_DMA                    0x08002c35   Thumb Code   362  stm32f1xx_hal_tim.o(i.HAL_TIM_PWM_Start_DMA)
    HAL_TIM_PWM_Stop_DMA                     0x08002db9   Thumb Code   178  stm32f1xx_hal_tim.o(i.HAL_TIM_PWM_Stop_DMA)
    HAL_TIM_PeriodElapsedCallback            0x08002e71   Thumb Code    38  main.o(i.HAL_TIM_PeriodElapsedCallback)
    HAL_TIM_ReadCapturedValue                0x08002ea5   Thumb Code    42  stm32f1xx_hal_tim.o(i.HAL_TIM_ReadCapturedValue)
    HAL_TIM_TriggerCallback                  0x08002ecf   Thumb Code     2  stm32f1xx_hal_tim.o(i.HAL_TIM_TriggerCallback)
    HAL_UARTEx_RxEventCallback               0x08002ed1   Thumb Code     2  stm32f1xx_hal_uart.o(i.HAL_UARTEx_RxEventCallback)
    HAL_UART_ErrorCallback                   0x08002ed3   Thumb Code     2  stm32f1xx_hal_uart.o(i.HAL_UART_ErrorCallback)
    HAL_UART_IRQHandler                      0x08002ed5   Thumb Code   520  stm32f1xx_hal_uart.o(i.HAL_UART_IRQHandler)
    HAL_UART_Init                            0x080030e1   Thumb Code    98  stm32f1xx_hal_uart.o(i.HAL_UART_Init)
    HAL_UART_MspInit                         0x08003145   Thumb Code   116  usart.o(i.HAL_UART_MspInit)
    HAL_UART_Receive_IT                      0x080031c5   Thumb Code    42  stm32f1xx_hal_uart.o(i.HAL_UART_Receive_IT)
    HAL_UART_RxCpltCallback                  0x080031f1   Thumb Code    68  main.o(i.HAL_UART_RxCpltCallback)
    HAL_UART_Transmit                        0x08003241   Thumb Code   178  stm32f1xx_hal_uart.o(i.HAL_UART_Transmit)
    HAL_UART_TxCpltCallback                  0x080032f3   Thumb Code     2  stm32f1xx_hal_uart.o(i.HAL_UART_TxCpltCallback)
    HardFault_Handler                        0x080032f5   Thumb Code     2  stm32f1xx_it.o(i.HardFault_Handler)
    Init_Max7219                             0x080032f7   Thumb Code    62  8x8led.o(i.Init_Max7219)
    MX_ADC1_Init                             0x08003335   Thumb Code    68  adc.o(i.MX_ADC1_Init)
    MX_DMA_Init                              0x08003381   Thumb Code    56  dma.o(i.MX_DMA_Init)
    MX_GPIO_Init                             0x080033bd   Thumb Code   102  gpio.o(i.MX_GPIO_Init)
    MX_SPI1_Init                             0x0800342d   Thumb Code    62  spi.o(i.MX_SPI1_Init)
    MX_TIM1_Init                             0x08003475   Thumb Code   188  tim.o(i.MX_TIM1_Init)
    MX_TIM2_Init                             0x08003539   Thumb Code   144  tim.o(i.MX_TIM2_Init)
    MX_TIM3_Init                             0x080035cd   Thumb Code    96  tim.o(i.MX_TIM3_Init)
    MX_TIM4_Init                             0x08003635   Thumb Code    98  tim.o(i.MX_TIM4_Init)
    MX_USART1_UART_Init                      0x080036a1   Thumb Code    48  usart.o(i.MX_USART1_UART_Init)
    MemManage_Handler                        0x080036d9   Thumb Code     2  stm32f1xx_it.o(i.MemManage_Handler)
    NMI_Handler                              0x080036db   Thumb Code     2  stm32f1xx_it.o(i.NMI_Handler)
    PendSV_Handler                           0x080036dd   Thumb Code     2  stm32f1xx_it.o(i.PendSV_Handler)
    SVC_Handler                              0x080037b9   Thumb Code     2  stm32f1xx_it.o(i.SVC_Handler)
    SysTick_Handler                          0x080037bb   Thumb Code     4  stm32f1xx_it.o(i.SysTick_Handler)
    SystemClock_Config                       0x080037bf   Thumb Code   120  main.o(i.SystemClock_Config)
    SystemInit                               0x08003837   Thumb Code     2  system_stm32f1xx.o(i.SystemInit)
    TIM2_IRQHandler                          0x08003839   Thumb Code     6  stm32f1xx_it.o(i.TIM2_IRQHandler)
    TIM4_IRQHandler                          0x08003845   Thumb Code     6  stm32f1xx_it.o(i.TIM4_IRQHandler)
    TIM_Base_SetConfig                       0x08003851   Thumb Code    94  stm32f1xx_hal_tim.o(i.TIM_Base_SetConfig)
    TIM_CCxChannelCmd                        0x080038bd   Thumb Code    26  stm32f1xx_hal_tim.o(i.TIM_CCxChannelCmd)
    TIM_DMADelayPulseHalfCplt                0x08003935   Thumb Code    56  stm32f1xx_hal_tim.o(i.TIM_DMADelayPulseHalfCplt)
    TIM_DMAError                             0x0800396d   Thumb Code    84  stm32f1xx_hal_tim.o(i.TIM_DMAError)
    TIM_ETR_SetConfig                        0x080039c1   Thumb Code    20  stm32f1xx_hal_tim.o(i.TIM_ETR_SetConfig)
    TIM_OC2_SetConfig                        0x08003a35   Thumb Code    84  stm32f1xx_hal_tim.o(i.TIM_OC2_SetConfig)
    TIM_TI1_SetConfig                        0x08003b4d   Thumb Code    76  stm32f1xx_hal_tim.o(i.TIM_TI1_SetConfig)
    UART_Start_Receive_IT                    0x08003dad   Thumb Code    54  stm32f1xx_hal_uart.o(i.UART_Start_Receive_IT)
    USART1_IRQHandler                        0x08003e49   Thumb Code     6  stm32f1xx_it.o(i.USART1_IRQHandler)
    UsageFault_Handler                       0x08003e55   Thumb Code     2  stm32f1xx_it.o(i.UsageFault_Handler)
    WS2812_clear                             0x08003e59   Thumb Code    28  ws2812.o(i.WS2812_clear)
    WS2812_display                           0x08003e79   Thumb Code    14  ws2812.o(i.WS2812_display)
    WS2812_display_RGB                       0x08003e91   Thumb Code    52  ws2812.o(i.WS2812_display_RGB)
    Write_Byte                               0x08003ec9   Thumb Code    28  8x8led.o(i.Write_Byte)
    Write_Max7219                            0x08003eed   Thumb Code    28  8x8led.o(i.Write_Max7219)
    __0printf                                0x08003f0d   Thumb Code    22  printfa.o(i.__0printf)
    __1printf                                0x08003f0d   Thumb Code     0  printfa.o(i.__0printf)
    __2printf                                0x08003f0d   Thumb Code     0  printfa.o(i.__0printf)
    __c89printf                              0x08003f0d   Thumb Code     0  printfa.o(i.__0printf)
    printf                                   0x08003f0d   Thumb Code     0  printfa.o(i.__0printf)
    __scatterload_copy                       0x08003f4d   Thumb Code    14  handlers.o(i.__scatterload_copy)
    __scatterload_null                       0x08003f5b   Thumb Code     2  handlers.o(i.__scatterload_null)
    __scatterload_zeroinit                   0x08003f5d   Thumb Code    14  handlers.o(i.__scatterload_zeroinit)
    __set_errno                              0x08003f6d   Thumb Code     6  errno.o(i.__set_errno)
    adj_vp                                   0x08004805   Thumb Code    32  main.o(i.adj_vp)
    cal_arr_and_psc                          0x08004831   Thumb Code   154  main.o(i.cal_arr_and_psc)
    dac8830_write_Byte                       0x080048d1   Thumb Code    28  dac8830.o(i.dac8830_write_Byte)
    dac8830_write_volt                       0x080048f5   Thumb Code    58  dac8830.o(i.dac8830_write_volt)
    fputc                                    0x0800493d   Thumb Code    20  main.o(i.fputc)
    get_wave_type                            0x08004955   Thumb Code    98  main.o(i.get_wave_type)
    led_show_freq                            0x080049bd   Thumb Code    96  main.o(i.led_show_freq)
    main                                     0x08004a29   Thumb Code   756  main.o(i.main)
    sqrt                                     0x08004d89   Thumb Code    76  sqrt.o(i.sqrt)
    to_microsecond                           0x08004dd5   Thumb Code    34  main.o(i.to_microsecond)
    uart_HMI_show                            0x08004dfd   Thumb Code   142  main.o(i.uart_HMI_show)
    ws2812_show_freq                         0x08004ed9   Thumb Code   426  main.o(i.ws2812_show_freq)
    AHBPrescTable                            0x080050a8   Data          16  system_stm32f1xx.o(.constdata)
    APBPrescTable                            0x080050b8   Data           8  system_stm32f1xx.o(.constdata)
    Region$$Table$$Base                      0x0800510c   Number         0  anon$$obj.o(Region$$Table)
    Region$$Table$$Limit                     0x0800512c   Number         0  anon$$obj.o(Region$$Table)
    Rx_char                                  0x20000000   Data           1  main.o(.data)
    capture_Cnt                              0x20000001   Data           1  main.o(.data)
    wave_type                                0x20000004   Data           4  main.o(.data)
    adcBufFullFlag                           0x20000008   Data           4  main.o(.data)
    brightness                               0x2000000c   Data           4  main.o(.data)
    flag                                     0x20000010   Data           4  main.o(.data)
    points                                   0x20000014   Data           4  main.o(.data)
    high_time                                0x20000018   Data           4  main.o(.data)
    low_time                                 0x2000001c   Data           4  main.o(.data)
    total_time                               0x20000020   Data           4  main.o(.data)
    duty_cycle                               0x20000024   Data           4  main.o(.data)
    freq                                     0x20000028   Data           4  main.o(.data)
    rms                                      0x2000002c   Data           4  main.o(.data)
    vp                                       0x20000030   Data           4  main.o(.data)
    adjVp                                    0x20000034   Data           4  main.o(.data)
    preFreq                                  0x20000038   Data           4  main.o(.data)
    vdc                                      0x2000003c   Data           4  main.o(.data)
    ws2812_sine                              0x20000040   Data          16  main.o(.data)
    ws2812_square                            0x20000050   Data          28  main.o(.data)
    uwTickFreq                               0x2000006c   Data           1  stm32f1xx_hal.o(.data)
    uwTickPrio                               0x20000070   Data           4  stm32f1xx_hal.o(.data)
    uwTick                                   0x20000074   Data           4  stm32f1xx_hal.o(.data)
    SystemCoreClock                          0x20000078   Data           4  system_stm32f1xx.o(.data)
    __stdout                                 0x2000007c   Data           4  stdout.o(.data)
    RGB_buffur                               0x20000084   Data        1744  ws2812.o(.bss)
    capture_Buf                              0x20000754   Data          20  main.o(.bss)
    adc_buf                                  0x20000768   Data        4000  main.o(.bss)
    volt_buf                                 0x20001708   Data        4096  main.o(.bss)
    hadc1                                    0x20002708   Data          48  adc.o(.bss)
    hdma_adc1                                0x20002738   Data          68  adc.o(.bss)
    hspi1                                    0x2000277c   Data          88  spi.o(.bss)
    htim1                                    0x200027d4   Data          72  tim.o(.bss)
    htim2                                    0x2000281c   Data          72  tim.o(.bss)
    htim3                                    0x20002864   Data          72  tim.o(.bss)
    htim4                                    0x200028ac   Data          72  tim.o(.bss)
    hdma_tim1_ch1                            0x200028f4   Data          68  tim.o(.bss)
    huart1                                   0x20002938   Data          68  usart.o(.bss)
    __initial_sp                             0x20002d80   Data           0  startup_stm32f103xb.o(STACK)



==============================================================================

Memory Map of the image

  Image Entry point : 0x080000ed

  Load Region LR_IROM1 (Base: 0x08000000, Size: 0x000051b0, Max: 0x00010000, ABSOLUTE)

    Execution Region ER_IROM1 (Exec base: 0x08000000, Load base: 0x08000000, Size: 0x0000512c, Max: 0x00010000, ABSOLUTE)

    Exec Addr    Load Addr    Size         Type   Attr      Idx    E Section Name        Object

    0x08000000   0x08000000   0x000000ec   Data   RO            3    RESET               startup_stm32f103xb.o
    0x080000ec   0x080000ec   0x00000000   Code   RO         3753  * .ARM.Collect$$$$00000000  mc_w.l(entry.o)
    0x080000ec   0x080000ec   0x00000004   Code   RO         4063    .ARM.Collect$$$$00000001  mc_w.l(entry2.o)
    0x080000f0   0x080000f0   0x00000004   Code   RO         4066    .ARM.Collect$$$$00000004  mc_w.l(entry5.o)
    0x080000f4   0x080000f4   0x00000000   Code   RO         4068    .ARM.Collect$$$$00000008  mc_w.l(entry7b.o)
    0x080000f4   0x080000f4   0x00000000   Code   RO         4070    .ARM.Collect$$$$0000000A  mc_w.l(entry8b.o)
    0x080000f4   0x080000f4   0x00000008   Code   RO         4071    .ARM.Collect$$$$0000000B  mc_w.l(entry9a.o)
    0x080000fc   0x080000fc   0x00000004   Code   RO         4078    .ARM.Collect$$$$0000000E  mc_w.l(entry12b.o)
    0x08000100   0x08000100   0x00000000   Code   RO         4073    .ARM.Collect$$$$0000000F  mc_w.l(entry10a.o)
    0x08000100   0x08000100   0x00000000   Code   RO         4075    .ARM.Collect$$$$00000011  mc_w.l(entry11a.o)
    0x08000100   0x08000100   0x00000004   Code   RO         4064    .ARM.Collect$$$$00002712  mc_w.l(entry2.o)
    0x08000104   0x08000104   0x00000024   Code   RO            4    .text               startup_stm32f103xb.o
    0x08000128   0x08000128   0x00000020   Code   RO         3756    .text               mc_w.l(llushr.o)
    0x08000148   0x08000148   0x00000024   Code   RO         3758    .text               mc_w.l(memseta.o)
    0x0800016c   0x0800016c   0x000000b0   Code   RO         4021    .text               mf_w.l(fadd.o)
    0x0800021c   0x0800021c   0x00000064   Code   RO         4023    .text               mf_w.l(fmul.o)
    0x08000280   0x08000280   0x0000007c   Code   RO         4025    .text               mf_w.l(fdiv.o)
    0x080002fc   0x080002fc   0x00000018   Code   RO         4027    .text               mf_w.l(fscalb.o)
    0x08000314   0x08000314   0x0000014e   Code   RO         4029    .text               mf_w.l(dadd.o)
    0x08000462   0x08000462   0x000000e4   Code   RO         4031    .text               mf_w.l(dmul.o)
    0x08000546   0x08000546   0x000000de   Code   RO         4033    .text               mf_w.l(ddiv.o)
    0x08000624   0x08000624   0x0000002e   Code   RO         4035    .text               mf_w.l(dscalb.o)
    0x08000652   0x08000652   0x00000012   Code   RO         4037    .text               mf_w.l(fflti.o)
    0x08000664   0x08000664   0x0000000a   Code   RO         4039    .text               mf_w.l(ffltui.o)
    0x0800066e   0x0800066e   0x00000022   Code   RO         4041    .text               mf_w.l(dflti.o)
    0x08000690   0x08000690   0x0000001a   Code   RO         4043    .text               mf_w.l(dfltui.o)
    0x080006aa   0x080006aa   0x00000032   Code   RO         4045    .text               mf_w.l(ffixi.o)
    0x080006dc   0x080006dc   0x00000028   Code   RO         4047    .text               mf_w.l(ffixui.o)
    0x08000704   0x08000704   0x0000003e   Code   RO         4049    .text               mf_w.l(dfixi.o)
    0x08000742   0x08000742   0x00000032   Code   RO         4051    .text               mf_w.l(dfixui.o)
    0x08000774   0x08000774   0x00000026   Code   RO         4053    .text               mf_w.l(f2d.o)
    0x0800079a   0x0800079a   0x00000002   PAD
    0x0800079c   0x0800079c   0x00000030   Code   RO         4055    .text               mf_w.l(cdrcmple.o)
    0x080007cc   0x080007cc   0x00000038   Code   RO         4057    .text               mf_w.l(d2f.o)
    0x08000804   0x08000804   0x00000014   Code   RO         4059    .text               mf_w.l(cfcmple.o)
    0x08000818   0x08000818   0x00000014   Code   RO         4061    .text               mf_w.l(cfrcmple.o)
    0x0800082c   0x0800082c   0x0000002c   Code   RO         4080    .text               mc_w.l(uidiv.o)
    0x08000858   0x08000858   0x00000062   Code   RO         4082    .text               mc_w.l(uldiv.o)
    0x080008ba   0x080008ba   0x0000001e   Code   RO         4084    .text               mc_w.l(llshl.o)
    0x080008d8   0x080008d8   0x00000024   Code   RO         4086    .text               mc_w.l(llsshr.o)
    0x080008fc   0x080008fc   0x00000000   Code   RO         4095    .text               mc_w.l(iusefp.o)
    0x080008fc   0x080008fc   0x0000006e   Code   RO         4096    .text               mf_w.l(fepilogue.o)
    0x0800096a   0x0800096a   0x000000ba   Code   RO         4098    .text               mf_w.l(depilogue.o)
    0x08000a24   0x08000a24   0x000000a2   Code   RO         4100    .text               mf_w.l(dsqrt.o)
    0x08000ac6   0x08000ac6   0x00000030   Code   RO         4102    .text               mf_w.l(dfixul.o)
    0x08000af6   0x08000af6   0x00000002   PAD
    0x08000af8   0x08000af8   0x00000024   Code   RO         4106    .text               mc_w.l(init.o)
    0x08000b1c   0x08000b1c   0x0000000c   Code   RO          635    i.ADC1_2_IRQHandler  stm32f1xx_it.o
    0x08000b28   0x08000b28   0x00000056   Code   RO          807    i.ADC_ConversionStop_Disable  stm32f1xx_hal_adc.o
    0x08000b7e   0x08000b7e   0x0000004e   Code   RO          808    i.ADC_DMAConvCplt   stm32f1xx_hal_adc.o
    0x08000bcc   0x08000bcc   0x0000001a   Code   RO          809    i.ADC_DMAError      stm32f1xx_hal_adc.o
    0x08000be6   0x08000be6   0x0000000a   Code   RO          810    i.ADC_DMAHalfConvCplt  stm32f1xx_hal_adc.o
    0x08000bf0   0x08000bf0   0x0000007c   Code   RO          811    i.ADC_Enable        stm32f1xx_hal_adc.o
    0x08000c6c   0x08000c6c   0x00000002   Code   RO          636    i.BusFault_Handler  stm32f1xx_it.o
    0x08000c6e   0x08000c6e   0x00000002   PAD
    0x08000c70   0x08000c70   0x0000000c   Code   RO          637    i.DMA1_Channel1_IRQHandler  stm32f1xx_it.o
    0x08000c7c   0x08000c7c   0x0000000c   Code   RO          638    i.DMA1_Channel2_IRQHandler  stm32f1xx_it.o
    0x08000c88   0x08000c88   0x0000002a   Code   RO         1461    i.DMA_SetConfig     stm32f1xx_hal_dma.o
    0x08000cb2   0x08000cb2   0x00000002   Code   RO          639    i.DebugMon_Handler  stm32f1xx_it.o
    0x08000cb4   0x08000cb4   0x00000004   Code   RO          243    i.Error_Handler     main.o
    0x08000cb8   0x08000cb8   0x000000d8   Code   RO          987    i.HAL_ADCEx_Calibration_Start  stm32f1xx_hal_adc_ex.o
    0x08000d90   0x08000d90   0x00000002   Code   RO          989    i.HAL_ADCEx_InjectedConvCpltCallback  stm32f1xx_hal_adc_ex.o
    0x08000d92   0x08000d92   0x00000002   PAD
    0x08000d94   0x08000d94   0x000000fc   Code   RO          813    i.HAL_ADC_ConfigChannel  stm32f1xx_hal_adc.o
    0x08000e90   0x08000e90   0x00000018   Code   RO          244    i.HAL_ADC_ConvCpltCallback  main.o
    0x08000ea8   0x08000ea8   0x00000002   Code   RO          815    i.HAL_ADC_ConvHalfCpltCallback  stm32f1xx_hal_adc.o
    0x08000eaa   0x08000eaa   0x00000002   Code   RO          817    i.HAL_ADC_ErrorCallback  stm32f1xx_hal_adc.o
    0x08000eac   0x08000eac   0x000000e6   Code   RO          821    i.HAL_ADC_IRQHandler  stm32f1xx_hal_adc.o
    0x08000f92   0x08000f92   0x00000002   PAD
    0x08000f94   0x08000f94   0x0000011c   Code   RO          822    i.HAL_ADC_Init      stm32f1xx_hal_adc.o
    0x080010b0   0x080010b0   0x00000002   Code   RO          823    i.HAL_ADC_LevelOutOfWindowCallback  stm32f1xx_hal_adc.o
    0x080010b2   0x080010b2   0x00000002   PAD
    0x080010b4   0x080010b4   0x000000a0   Code   RO          420    i.HAL_ADC_MspInit   adc.o
    0x08001154   0x08001154   0x0000010c   Code   RO          829    i.HAL_ADC_Start_DMA  stm32f1xx_hal_adc.o
    0x08001260   0x08001260   0x00000056   Code   RO          832    i.HAL_ADC_Stop_DMA  stm32f1xx_hal_adc.o
    0x080012b6   0x080012b6   0x00000046   Code   RO         1462    i.HAL_DMA_Abort     stm32f1xx_hal_dma.o
    0x080012fc   0x080012fc   0x00000098   Code   RO         1463    i.HAL_DMA_Abort_IT  stm32f1xx_hal_dma.o
    0x08001394   0x08001394   0x00000154   Code   RO         1467    i.HAL_DMA_IRQHandler  stm32f1xx_hal_dma.o
    0x080014e8   0x080014e8   0x0000005c   Code   RO         1468    i.HAL_DMA_Init      stm32f1xx_hal_dma.o
    0x08001544   0x08001544   0x00000070   Code   RO         1472    i.HAL_DMA_Start_IT  stm32f1xx_hal_dma.o
    0x080015b4   0x080015b4   0x000001e0   Code   RO         1398    i.HAL_GPIO_Init     stm32f1xx_hal_gpio.o
    0x08001794   0x08001794   0x0000000a   Code   RO         1402    i.HAL_GPIO_WritePin  stm32f1xx_hal_gpio.o
    0x0800179e   0x0800179e   0x00000002   PAD
    0x080017a0   0x080017a0   0x0000000c   Code   RO         1094    i.HAL_GetTick       stm32f1xx_hal.o
    0x080017ac   0x080017ac   0x00000010   Code   RO         1100    i.HAL_IncTick       stm32f1xx_hal.o
    0x080017bc   0x080017bc   0x00000024   Code   RO         1101    i.HAL_Init          stm32f1xx_hal.o
    0x080017e0   0x080017e0   0x00000040   Code   RO         1102    i.HAL_InitTick      stm32f1xx_hal.o
    0x08001820   0x08001820   0x0000003c   Code   RO          747    i.HAL_MspInit       stm32f1xx_hal_msp.o
    0x0800185c   0x0800185c   0x0000001a   Code   RO         1558    i.HAL_NVIC_EnableIRQ  stm32f1xx_hal_cortex.o
    0x08001876   0x08001876   0x00000002   PAD
    0x08001878   0x08001878   0x00000040   Code   RO         1564    i.HAL_NVIC_SetPriority  stm32f1xx_hal_cortex.o
    0x080018b8   0x080018b8   0x00000024   Code   RO         1565    i.HAL_NVIC_SetPriorityGrouping  stm32f1xx_hal_cortex.o
    0x080018dc   0x080018dc   0x000000c8   Code   RO         1360    i.HAL_RCCEx_GetPeriphCLKFreq  stm32f1xx_hal_rcc_ex.o
    0x080019a4   0x080019a4   0x000000ec   Code   RO         1361    i.HAL_RCCEx_PeriphCLKConfig  stm32f1xx_hal_rcc_ex.o
    0x08001a90   0x08001a90   0x0000012c   Code   RO         1258    i.HAL_RCC_ClockConfig  stm32f1xx_hal_rcc.o
    0x08001bbc   0x08001bbc   0x00000020   Code   RO         1265    i.HAL_RCC_GetPCLK1Freq  stm32f1xx_hal_rcc.o
    0x08001bdc   0x08001bdc   0x00000020   Code   RO         1266    i.HAL_RCC_GetPCLK2Freq  stm32f1xx_hal_rcc.o
    0x08001bfc   0x08001bfc   0x0000006c   Code   RO         1267    i.HAL_RCC_GetSysClockFreq  stm32f1xx_hal_rcc.o
    0x08001c68   0x08001c68   0x00000320   Code   RO         1270    i.HAL_RCC_OscConfig  stm32f1xx_hal_rcc.o
    0x08001f88   0x08001f88   0x000000b2   Code   RO         2069    i.HAL_SPI_Init      stm32f1xx_hal_spi.o
    0x0800203a   0x0800203a   0x00000002   PAD
    0x0800203c   0x0800203c   0x0000005c   Code   RO          486    i.HAL_SPI_MspInit   spi.o
    0x08002098   0x08002098   0x00000166   Code   RO         2077    i.HAL_SPI_Transmit  stm32f1xx_hal_spi.o
    0x080021fe   0x080021fe   0x00000028   Code   RO         1569    i.HAL_SYSTICK_Config  stm32f1xx_hal_cortex.o
    0x08002226   0x08002226   0x00000002   Code   RO         3086    i.HAL_TIMEx_BreakCallback  stm32f1xx_hal_tim_ex.o
    0x08002228   0x08002228   0x00000002   Code   RO         3087    i.HAL_TIMEx_CommutCallback  stm32f1xx_hal_tim_ex.o
    0x0800222a   0x0800222a   0x00000054   Code   RO         3089    i.HAL_TIMEx_ConfigBreakDeadTime  stm32f1xx_hal_tim_ex.o
    0x0800227e   0x0800227e   0x00000002   PAD
    0x08002280   0x08002280   0x00000068   Code   RO         3105    i.HAL_TIMEx_MasterConfigSynchronization  stm32f1xx_hal_tim_ex.o
    0x080022e8   0x080022e8   0x0000005a   Code   RO         2382    i.HAL_TIM_Base_Init  stm32f1xx_hal_tim.o
    0x08002342   0x08002342   0x00000002   PAD
    0x08002344   0x08002344   0x00000110   Code   RO          528    i.HAL_TIM_Base_MspInit  tim.o
    0x08002454   0x08002454   0x00000050   Code   RO         2385    i.HAL_TIM_Base_Start  stm32f1xx_hal_tim.o
    0x080024a4   0x080024a4   0x00000058   Code   RO         2387    i.HAL_TIM_Base_Start_IT  stm32f1xx_hal_tim.o
    0x080024fc   0x080024fc   0x00000026   Code   RO         2388    i.HAL_TIM_Base_Stop  stm32f1xx_hal_tim.o
    0x08002522   0x08002522   0x000000d6   Code   RO         2391    i.HAL_TIM_ConfigClockSource  stm32f1xx_hal_tim.o
    0x080025f8   0x080025f8   0x00000002   Code   RO         2412    i.HAL_TIM_ErrorCallback  stm32f1xx_hal_tim.o
    0x080025fa   0x080025fa   0x00000002   PAD
    0x080025fc   0x080025fc   0x00000080   Code   RO          245    i.HAL_TIM_IC_CaptureCallback  main.o
    0x0800267c   0x0800267c   0x0000010e   Code   RO         2418    i.HAL_TIM_IC_ConfigChannel  stm32f1xx_hal_tim.o
    0x0800278a   0x0800278a   0x0000005a   Code   RO         2421    i.HAL_TIM_IC_Init   stm32f1xx_hal_tim.o
    0x080027e4   0x080027e4   0x00000002   Code   RO         2423    i.HAL_TIM_IC_MspInit  stm32f1xx_hal_tim.o
    0x080027e6   0x080027e6   0x00000002   PAD
    0x080027e8   0x080027e8   0x000000e0   Code   RO         2426    i.HAL_TIM_IC_Start_IT  stm32f1xx_hal_tim.o
    0x080028c8   0x080028c8   0x00000086   Code   RO         2429    i.HAL_TIM_IC_Stop_IT  stm32f1xx_hal_tim.o
    0x0800294e   0x0800294e   0x00000166   Code   RO         2430    i.HAL_TIM_IRQHandler  stm32f1xx_hal_tim.o
    0x08002ab4   0x08002ab4   0x0000004c   Code   RO          529    i.HAL_TIM_MspPostInit  tim.o
    0x08002b00   0x08002b00   0x00000002   Code   RO         2433    i.HAL_TIM_OC_DelayElapsedCallback  stm32f1xx_hal_tim.o
    0x08002b02   0x08002b02   0x000000c6   Code   RO         2454    i.HAL_TIM_PWM_ConfigChannel  stm32f1xx_hal_tim.o
    0x08002bc8   0x08002bc8   0x0000005a   Code   RO         2457    i.HAL_TIM_PWM_Init  stm32f1xx_hal_tim.o
    0x08002c22   0x08002c22   0x00000002   Code   RO         2459    i.HAL_TIM_PWM_MspInit  stm32f1xx_hal_tim.o
    0x08002c24   0x08002c24   0x0000000c   Code   RO           13    i.HAL_TIM_PWM_PulseFinishedCallback  ws2812.o
    0x08002c30   0x08002c30   0x00000002   Code   RO         2461    i.HAL_TIM_PWM_PulseFinishedHalfCpltCallback  stm32f1xx_hal_tim.o
    0x08002c32   0x08002c32   0x00000002   PAD
    0x08002c34   0x08002c34   0x00000184   Code   RO         2463    i.HAL_TIM_PWM_Start_DMA  stm32f1xx_hal_tim.o
    0x08002db8   0x08002db8   0x000000b8   Code   RO         2466    i.HAL_TIM_PWM_Stop_DMA  stm32f1xx_hal_tim.o
    0x08002e70   0x08002e70   0x00000034   Code   RO          246    i.HAL_TIM_PeriodElapsedCallback  main.o
    0x08002ea4   0x08002ea4   0x0000002a   Code   RO         2470    i.HAL_TIM_ReadCapturedValue  stm32f1xx_hal_tim.o
    0x08002ece   0x08002ece   0x00000002   Code   RO         2473    i.HAL_TIM_TriggerCallback  stm32f1xx_hal_tim.o
    0x08002ed0   0x08002ed0   0x00000002   Code   RO         3364    i.HAL_UARTEx_RxEventCallback  stm32f1xx_hal_uart.o
    0x08002ed2   0x08002ed2   0x00000002   Code   RO         3378    i.HAL_UART_ErrorCallback  stm32f1xx_hal_uart.o
    0x08002ed4   0x08002ed4   0x0000020c   Code   RO         3381    i.HAL_UART_IRQHandler  stm32f1xx_hal_uart.o
    0x080030e0   0x080030e0   0x00000062   Code   RO         3382    i.HAL_UART_Init     stm32f1xx_hal_uart.o
    0x08003142   0x08003142   0x00000002   PAD
    0x08003144   0x08003144   0x00000080   Code   RO          594    i.HAL_UART_MspInit  usart.o
    0x080031c4   0x080031c4   0x0000002a   Code   RO         3387    i.HAL_UART_Receive_IT  stm32f1xx_hal_uart.o
    0x080031ee   0x080031ee   0x00000002   PAD
    0x080031f0   0x080031f0   0x00000050   Code   RO          247    i.HAL_UART_RxCpltCallback  main.o
    0x08003240   0x08003240   0x000000b2   Code   RO         3390    i.HAL_UART_Transmit  stm32f1xx_hal_uart.o
    0x080032f2   0x080032f2   0x00000002   Code   RO         3393    i.HAL_UART_TxCpltCallback  stm32f1xx_hal_uart.o
    0x080032f4   0x080032f4   0x00000002   Code   RO          640    i.HardFault_Handler  stm32f1xx_it.o
    0x080032f6   0x080032f6   0x0000003e   Code   RO          168    i.Init_Max7219      8x8led.o
    0x08003334   0x08003334   0x0000004c   Code   RO          421    i.MX_ADC1_Init      adc.o
    0x08003380   0x08003380   0x0000003c   Code   RO          461    i.MX_DMA_Init       dma.o
    0x080033bc   0x080033bc   0x00000070   Code   RO          395    i.MX_GPIO_Init      gpio.o
    0x0800342c   0x0800342c   0x00000048   Code   RO          487    i.MX_SPI1_Init      spi.o
    0x08003474   0x08003474   0x000000c4   Code   RO          530    i.MX_TIM1_Init      tim.o
    0x08003538   0x08003538   0x00000094   Code   RO          531    i.MX_TIM2_Init      tim.o
    0x080035cc   0x080035cc   0x00000068   Code   RO          532    i.MX_TIM3_Init      tim.o
    0x08003634   0x08003634   0x0000006c   Code   RO          533    i.MX_TIM4_Init      tim.o
    0x080036a0   0x080036a0   0x00000038   Code   RO          595    i.MX_USART1_UART_Init  usart.o
    0x080036d8   0x080036d8   0x00000002   Code   RO          641    i.MemManage_Handler  stm32f1xx_it.o
    0x080036da   0x080036da   0x00000002   Code   RO          642    i.NMI_Handler       stm32f1xx_it.o
    0x080036dc   0x080036dc   0x00000002   Code   RO          643    i.PendSV_Handler    stm32f1xx_it.o
    0x080036de   0x080036de   0x00000020   Code   RO         2107    i.SPI_EndRxTxTransaction  stm32f1xx_hal_spi.o
    0x080036fe   0x080036fe   0x00000002   PAD
    0x08003700   0x08003700   0x000000b8   Code   RO         2112    i.SPI_WaitFlagStateUntilTimeout  stm32f1xx_hal_spi.o
    0x080037b8   0x080037b8   0x00000002   Code   RO          644    i.SVC_Handler       stm32f1xx_it.o
    0x080037ba   0x080037ba   0x00000004   Code   RO          645    i.SysTick_Handler   stm32f1xx_it.o
    0x080037be   0x080037be   0x00000078   Code   RO          248    i.SystemClock_Config  main.o
    0x08003836   0x08003836   0x00000002   Code   RO         3711    i.SystemInit        system_stm32f1xx.o
    0x08003838   0x08003838   0x0000000c   Code   RO          646    i.TIM2_IRQHandler   stm32f1xx_it.o
    0x08003844   0x08003844   0x0000000c   Code   RO          647    i.TIM4_IRQHandler   stm32f1xx_it.o
    0x08003850   0x08003850   0x0000006c   Code   RO         2475    i.TIM_Base_SetConfig  stm32f1xx_hal_tim.o
    0x080038bc   0x080038bc   0x0000001a   Code   RO         2476    i.TIM_CCxChannelCmd  stm32f1xx_hal_tim.o
    0x080038d6   0x080038d6   0x0000005e   Code   RO         2479    i.TIM_DMADelayPulseCplt  stm32f1xx_hal_tim.o
    0x08003934   0x08003934   0x00000038   Code   RO         2480    i.TIM_DMADelayPulseHalfCplt  stm32f1xx_hal_tim.o
    0x0800396c   0x0800396c   0x00000054   Code   RO         2481    i.TIM_DMAError      stm32f1xx_hal_tim.o
    0x080039c0   0x080039c0   0x00000014   Code   RO         2486    i.TIM_ETR_SetConfig  stm32f1xx_hal_tim.o
    0x080039d4   0x080039d4   0x00000010   Code   RO         2487    i.TIM_ITRx_SetConfig  stm32f1xx_hal_tim.o
    0x080039e4   0x080039e4   0x00000050   Code   RO         2488    i.TIM_OC1_SetConfig  stm32f1xx_hal_tim.o
    0x08003a34   0x08003a34   0x00000058   Code   RO         2489    i.TIM_OC2_SetConfig  stm32f1xx_hal_tim.o
    0x08003a8c   0x08003a8c   0x00000058   Code   RO         2490    i.TIM_OC3_SetConfig  stm32f1xx_hal_tim.o
    0x08003ae4   0x08003ae4   0x00000044   Code   RO         2491    i.TIM_OC4_SetConfig  stm32f1xx_hal_tim.o
    0x08003b28   0x08003b28   0x00000022   Code   RO         2493    i.TIM_TI1_ConfigInputStage  stm32f1xx_hal_tim.o
    0x08003b4a   0x08003b4a   0x00000002   PAD
    0x08003b4c   0x08003b4c   0x00000058   Code   RO         2494    i.TIM_TI1_SetConfig  stm32f1xx_hal_tim.o
    0x08003ba4   0x08003ba4   0x00000024   Code   RO         2495    i.TIM_TI2_ConfigInputStage  stm32f1xx_hal_tim.o
    0x08003bc8   0x08003bc8   0x00000036   Code   RO         2496    i.TIM_TI2_SetConfig  stm32f1xx_hal_tim.o
    0x08003bfe   0x08003bfe   0x00000010   Code   RO         3395    i.UART_DMAAbortOnError  stm32f1xx_hal_uart.o
    0x08003c0e   0x08003c0e   0x00000030   Code   RO         3405    i.UART_EndRxTransfer  stm32f1xx_hal_uart.o
    0x08003c3e   0x08003c3e   0x000000b6   Code   RO         3407    i.UART_Receive_IT   stm32f1xx_hal_uart.o
    0x08003cf4   0x08003cf4   0x000000b8   Code   RO         3408    i.UART_SetConfig    stm32f1xx_hal_uart.o
    0x08003dac   0x08003dac   0x00000036   Code   RO         3410    i.UART_Start_Receive_IT  stm32f1xx_hal_uart.o
    0x08003de2   0x08003de2   0x00000064   Code   RO         3411    i.UART_WaitOnFlagUntilTimeout  stm32f1xx_hal_uart.o
    0x08003e46   0x08003e46   0x00000002   PAD
    0x08003e48   0x08003e48   0x0000000c   Code   RO          648    i.USART1_IRQHandler  stm32f1xx_it.o
    0x08003e54   0x08003e54   0x00000002   Code   RO          649    i.UsageFault_Handler  stm32f1xx_it.o
    0x08003e56   0x08003e56   0x00000002   PAD
    0x08003e58   0x08003e58   0x00000020   Code   RO           14    i.WS2812_clear      ws2812.o
    0x08003e78   0x08003e78   0x00000018   Code   RO           15    i.WS2812_display    ws2812.o
    0x08003e90   0x08003e90   0x00000038   Code   RO           16    i.WS2812_display_RGB  ws2812.o
    0x08003ec8   0x08003ec8   0x00000024   Code   RO          169    i.Write_Byte        8x8led.o
    0x08003eec   0x08003eec   0x00000020   Code   RO          170    i.Write_Max7219     8x8led.o
    0x08003f0c   0x08003f0c   0x00000020   Code   RO         3993    i.__0printf         mc_w.l(printfa.o)
    0x08003f2c   0x08003f2c   0x00000020   Code   RO         1571    i.__NVIC_SetPriority  stm32f1xx_hal_cortex.o
    0x08003f4c   0x08003f4c   0x0000000e   Code   RO         4110    i.__scatterload_copy  mc_w.l(handlers.o)
    0x08003f5a   0x08003f5a   0x00000002   Code   RO         4111    i.__scatterload_null  mc_w.l(handlers.o)
    0x08003f5c   0x08003f5c   0x0000000e   Code   RO         4112    i.__scatterload_zeroinit  mc_w.l(handlers.o)
    0x08003f6a   0x08003f6a   0x00000002   PAD
    0x08003f6c   0x08003f6c   0x0000000c   Code   RO         4090    i.__set_errno       mc_w.l(errno.o)
    0x08003f78   0x08003f78   0x00000184   Code   RO         4000    i._fp_digits        mc_w.l(printfa.o)
    0x080040fc   0x080040fc   0x000006b4   Code   RO         4001    i._printf_core      mc_w.l(printfa.o)
    0x080047b0   0x080047b0   0x00000024   Code   RO         4002    i._printf_post_padding  mc_w.l(printfa.o)
    0x080047d4   0x080047d4   0x0000002e   Code   RO         4003    i._printf_pre_padding  mc_w.l(printfa.o)
    0x08004802   0x08004802   0x00000002   PAD
    0x08004804   0x08004804   0x0000002c   Code   RO          250    i.adj_vp            main.o
    0x08004830   0x08004830   0x000000a0   Code   RO          251    i.cal_arr_and_psc   main.o
    0x080048d0   0x080048d0   0x00000024   Code   RO          210    i.dac8830_write_Byte  dac8830.o
    0x080048f4   0x080048f4   0x00000048   Code   RO          211    i.dac8830_write_volt  dac8830.o
    0x0800493c   0x0800493c   0x00000018   Code   RO          253    i.fputc             main.o
    0x08004954   0x08004954   0x00000068   Code   RO          254    i.get_wave_type     main.o
    0x080049bc   0x080049bc   0x0000006c   Code   RO          255    i.led_show_freq     main.o
    0x08004a28   0x08004a28   0x00000360   Code   RO          256    i.main              main.o
    0x08004d88   0x08004d88   0x0000004c   Code   RO         3746    i.sqrt              m_ws.l(sqrt.o)
    0x08004dd4   0x08004dd4   0x00000028   Code   RO          257    i.to_microsecond    main.o
    0x08004dfc   0x08004dfc   0x000000dc   Code   RO          258    i.uart_HMI_show     main.o
    0x08004ed8   0x08004ed8   0x000001d0   Code   RO          259    i.ws2812_show_freq  main.o
    0x080050a8   0x080050a8   0x00000010   Data   RO         3712    .constdata          system_stm32f1xx.o
    0x080050b8   0x080050b8   0x00000008   Data   RO         3713    .constdata          system_stm32f1xx.o
    0x080050c0   0x080050c0   0x0000004c   Data   RO          262    .conststring        main.o
    0x0800510c   0x0800510c   0x00000020   Data   RO         4108    Region$$Table       anon$$obj.o


    Execution Region RW_IRAM1 (Exec base: 0x20000000, Load base: 0x0800512c, Size: 0x00002d80, Max: 0x00005000, ABSOLUTE)

    Exec Addr    Load Addr    Size         Type   Attr      Idx    E Section Name        Object

    0x20000000   0x0800512c   0x0000006c   Data   RW          263    .data               main.o
    0x2000006c   0x08005198   0x0000000c   Data   RW         1108    .data               stm32f1xx_hal.o
    0x20000078   0x080051a4   0x00000004   Data   RW         3714    .data               system_stm32f1xx.o
    0x2000007c   0x080051a8   0x00000004   Data   RW         4079    .data               mc_w.l(stdout.o)
    0x20000080   0x080051ac   0x00000004   Data   RW         4091    .data               mc_w.l(errno.o)
    0x20000084        -       0x000006d0   Zero   RW           18    .bss                ws2812.o
    0x20000754        -       0x00001fb4   Zero   RW          260    .bss                main.o
    0x20002708        -       0x00000074   Zero   RW          422    .bss                adc.o
    0x2000277c        -       0x00000058   Zero   RW          488    .bss                spi.o
    0x200027d4        -       0x00000164   Zero   RW          534    .bss                tim.o
    0x20002938        -       0x00000044   Zero   RW          596    .bss                usart.o
    0x2000297c   0x080051b0   0x00000004   PAD
    0x20002980        -       0x00000400   Zero   RW            1    STACK               startup_stm32f103xb.o


==============================================================================

Image component sizes


      Code (inc. data)   RO Data    RW Data    ZI Data      Debug   Object Name

       130         12          0          0          0       1722   8x8led.o
       236         30          0          0        116       1651   adc.o
       108         22          0          0          0       1258   dac8830.o
        60          4          0          0          0        718   dma.o
       112         10          0          0          0        867   gpio.o
      2436        318         76        108       8116      11739   main.o
       164         22          0          0         88       1545   spi.o
        36          8        236          0       1024        780   startup_stm32f103xb.o
       128         24          0         12          0       5137   stm32f1xx_hal.o
      1450         56          0          0          0       9746   stm32f1xx_hal_adc.o
       218          6          0          0          0       1907   stm32f1xx_hal_adc_ex.o
       198         14          0          0          0      28803   stm32f1xx_hal_cortex.o
       808         36          0          0          0       4826   stm32f1xx_hal_dma.o
       490         34          0          0          0       2820   stm32f1xx_hal_gpio.o
        60          8          0          0          0        826   stm32f1xx_hal_msp.o
      1272        100          0          0          0       5052   stm32f1xx_hal_rcc.o
       436         46          0          0          0       2465   stm32f1xx_hal_rcc_ex.o
       752          4          0          0          0       4286   stm32f1xx_hal_spi.o
      3440        116          0          0          0      25717   stm32f1xx_hal_tim.o
       192         12          0          0          0       3041   stm32f1xx_hal_tim_ex.o
      1432         10          0          0          0      10208   stm32f1xx_hal_uart.o
        92         36          0          0          0       6152   stm32f1xx_it.o
         2          0         24          4          0       1047   system_stm32f1xx.o
       904         74          0          0        356       4561   tim.o
       184         20          0          0         68       1590   usart.o
       124         22          0          0       1744     455022   ws2812.o

    ----------------------------------------------------------------------
     15500       1044        368        124      11516     593486   Object Totals
         0          0         32          0          0          0   (incl. Generated)
        36          0          0          0          4          0   (incl. Padding)

    ----------------------------------------------------------------------

      Code (inc. data)   RO Data    RW Data    ZI Data      Debug   Library Member Name

        76          0          0          0          0         84   sqrt.o
         0          0          0          0          0          0   entry.o
         0          0          0          0          0          0   entry10a.o
         0          0          0          0          0          0   entry11a.o
         4          0          0          0          0          0   entry12b.o
         8          4          0          0          0          0   entry2.o
         4          0          0          0          0          0   entry5.o
         0          0          0          0          0          0   entry7b.o
         0          0          0          0          0          0   entry8b.o
         8          4          0          0          0          0   entry9a.o
        12          6          0          4          0         68   errno.o
        30          0          0          0          0          0   handlers.o
        36          8          0          0          0         68   init.o
         0          0          0          0          0          0   iusefp.o
        30          0          0          0          0         68   llshl.o
        36          0          0          0          0         68   llsshr.o
        32          0          0          0          0         68   llushr.o
        36          0          0          0          0        108   memseta.o
      2218         90          0          0          0        464   printfa.o
         0          0          0          4          0          0   stdout.o
        44          0          0          0          0         80   uidiv.o
        98          0          0          0          0         92   uldiv.o
        48          0          0          0          0         68   cdrcmple.o
        20          0          0          0          0         68   cfcmple.o
        20          0          0          0          0         68   cfrcmple.o
        56          0          0          0          0         88   d2f.o
       334          0          0          0          0        148   dadd.o
       222          0          0          0          0        100   ddiv.o
       186          0          0          0          0        176   depilogue.o
        62          0          0          0          0         80   dfixi.o
        50          0          0          0          0         76   dfixui.o
        48          0          0          0          0         68   dfixul.o
        34          0          0          0          0         76   dflti.o
        26          0          0          0          0         76   dfltui.o
       228          0          0          0          0         96   dmul.o
        46          0          0          0          0         80   dscalb.o
       162          0          0          0          0        100   dsqrt.o
        38          0          0          0          0         68   f2d.o
       176          0          0          0          0        140   fadd.o
       124          0          0          0          0         88   fdiv.o
       110          0          0          0          0        168   fepilogue.o
        50          0          0          0          0         68   ffixi.o
        40          0          0          0          0         68   ffixui.o
        18          0          0          0          0         68   fflti.o
        10          0          0          0          0         68   ffltui.o
       100          0          0          0          0         76   fmul.o
        24          0          0          0          0         68   fscalb.o

    ----------------------------------------------------------------------
      4912        112          0          8          0       3416   Library Totals
         8          0          0          0          0          0   (incl. Padding)

    ----------------------------------------------------------------------

      Code (inc. data)   RO Data    RW Data    ZI Data      Debug   Library Name

        76          0          0          0          0         84   m_ws.l
      2596        112          0          8          0       1084   mc_w.l
      2232          0          0          0          0       2248   mf_w.l

    ----------------------------------------------------------------------
      4912        112          0          8          0       3416   Library Totals

    ----------------------------------------------------------------------

==============================================================================


      Code (inc. data)   RO Data    RW Data    ZI Data      Debug   

     20412       1156        368        132      11516     587434   Grand Totals
     20412       1156        368        132      11516     587434   ELF Image Totals
     20412       1156        368        132          0          0   ROM Totals

==============================================================================

    Total RO  Size (Code + RO Data)                20780 (  20.29kB)
    Total RW  Size (RW Data + ZI Data)             11648 (  11.38kB)
    Total ROM Size (Code + RO Data + RW Data)      20912 (  20.42kB)

==============================================================================

