Component: ARM Compiler 5.06 update 7 (build 960) Tool: armlink [4d3601]

==============================================================================

Section Cross References

    startup_stm32f103xb.o(STACK) refers (Special) to heapauxi.o(.text) for __use_two_region_memory
    startup_stm32f103xb.o(HEAP) refers (Special) to heapauxi.o(.text) for __use_two_region_memory
    startup_stm32f103xb.o(RESET) refers (Special) to heapauxi.o(.text) for __use_two_region_memory
    startup_stm32f103xb.o(RESET) refers to startup_stm32f103xb.o(STACK) for __initial_sp
    startup_stm32f103xb.o(RESET) refers to startup_stm32f103xb.o(.text) for Reset_Handler
    startup_stm32f103xb.o(RESET) refers to stm32f1xx_it.o(i.NMI_Handler) for NMI_Handler
    startup_stm32f103xb.o(RESET) refers to stm32f1xx_it.o(i.HardFault_Handler) for HardFault_Handler
    startup_stm32f103xb.o(RESET) refers to stm32f1xx_it.o(i.MemManage_Handler) for MemManage_Handler
    startup_stm32f103xb.o(RESET) refers to stm32f1xx_it.o(i.BusFault_Handler) for BusFault_Handler
    startup_stm32f103xb.o(RESET) refers to stm32f1xx_it.o(i.UsageFault_Handler) for UsageFault_Handler
    startup_stm32f103xb.o(RESET) refers to stm32f1xx_it.o(i.SVC_Handler) for SVC_Handler
    startup_stm32f103xb.o(RESET) refers to stm32f1xx_it.o(i.DebugMon_Handler) for DebugMon_Handler
    startup_stm32f103xb.o(RESET) refers to stm32f1xx_it.o(i.PendSV_Handler) for PendSV_Handler
    startup_stm32f103xb.o(RESET) refers to stm32f1xx_it.o(i.SysTick_Handler) for SysTick_Handler
    startup_stm32f103xb.o(RESET) refers to stm32f1xx_it.o(i.DMA1_Channel1_IRQHandler) for DMA1_Channel1_IRQHandler
    startup_stm32f103xb.o(RESET) refers to stm32f1xx_it.o(i.DMA1_Channel2_IRQHandler) for DMA1_Channel2_IRQHandler
    startup_stm32f103xb.o(RESET) refers to stm32f1xx_it.o(i.ADC1_2_IRQHandler) for ADC1_2_IRQHandler
    startup_stm32f103xb.o(RESET) refers to stm32f1xx_it.o(i.TIM2_IRQHandler) for TIM2_IRQHandler
    startup_stm32f103xb.o(RESET) refers to stm32f1xx_it.o(i.USART1_IRQHandler) for USART1_IRQHandler
    startup_stm32f103xb.o(.text) refers (Special) to heapauxi.o(.text) for __use_two_region_memory
    startup_stm32f103xb.o(.text) refers to system_stm32f1xx.o(i.SystemInit) for SystemInit
    startup_stm32f103xb.o(.text) refers to __main.o(!!!main) for __main
    startup_stm32f103xb.o(.text) refers to startup_stm32f103xb.o(HEAP) for Heap_Mem
    startup_stm32f103xb.o(.text) refers to startup_stm32f103xb.o(STACK) for Stack_Mem
    main.o(i.HAL_ADC_ConvCpltCallback) refers to main.o(.data) for .data
    main.o(i.HAL_TIM_IC_CaptureCallback) refers to stm32f1xx_hal_tim.o(i.HAL_TIM_ReadCapturedValue) for HAL_TIM_ReadCapturedValue
    main.o(i.HAL_TIM_IC_CaptureCallback) refers to stm32f1xx_hal_tim.o(i.HAL_TIM_IC_Stop_IT) for HAL_TIM_IC_Stop_IT
    main.o(i.HAL_TIM_IC_CaptureCallback) refers to main.o(.data) for .data
    main.o(i.HAL_TIM_IC_CaptureCallback) refers to tim.o(.bss) for htim2
    main.o(i.HAL_TIM_IC_CaptureCallback) refers to main.o(.bss) for .bss
    main.o(i.HAL_UART_RxCpltCallback) refers to main.o(i.UART_SendInfo) for UART_SendInfo
    main.o(i.HAL_UART_RxCpltCallback) refers to stm32f1xx_hal_uart.o(i.HAL_UART_Receive_IT) for HAL_UART_Receive_IT
    main.o(i.HAL_UART_RxCpltCallback) refers to main.o(.data) for .data
    main.o(i.HAL_UART_RxCpltCallback) refers to usart.o(.bss) for huart1
    main.o(i.SystemClock_Config) refers to rt_memclr_w.o(.text) for __aeabi_memclr4
    main.o(i.SystemClock_Config) refers to stm32f1xx_hal_rcc.o(i.HAL_RCC_OscConfig) for HAL_RCC_OscConfig
    main.o(i.SystemClock_Config) refers to stm32f1xx_hal_rcc.o(i.HAL_RCC_ClockConfig) for HAL_RCC_ClockConfig
    main.o(i.SystemClock_Config) refers to stm32f1xx_hal_rcc_ex.o(i.HAL_RCCEx_PeriphCLKConfig) for HAL_RCCEx_PeriphCLKConfig
    main.o(i.UART_SendInfo) refers to _printf_percent.o(.ARM.Collect$$_printf_percent$$00000000) for _printf_percent
    main.o(i.UART_SendInfo) refers to _printf_f.o(.ARM.Collect$$_printf_percent$$00000003) for _printf_f
    main.o(i.UART_SendInfo) refers to printf1.o(x$fpl$printf1) for _printf_fp_dec
    main.o(i.UART_SendInfo) refers to noretval__2sprintf.o(.text) for __2sprintf
    main.o(i.UART_SendInfo) refers to strlen.o(.text) for strlen
    main.o(i.UART_SendInfo) refers to stm32f1xx_hal_uart.o(i.HAL_UART_Transmit) for HAL_UART_Transmit
    main.o(i.UART_SendInfo) refers to f2d.o(x$fpl$f2d) for __aeabi_f2d
    main.o(i.UART_SendInfo) refers to main.o(.data) for .data
    main.o(i.UART_SendInfo) refers to main.o(.bss) for .bss
    main.o(i.UART_SendInfo) refers to usart.o(.bss) for huart1
    main.o(i.adj_vp) refers to f2d.o(x$fpl$f2d) for __aeabi_f2d
    main.o(i.adj_vp) refers to dmul.o(x$fpl$dmul) for __aeabi_dmul
    main.o(i.adj_vp) refers to d2f.o(x$fpl$d2f) for __aeabi_d2f
    main.o(i.adj_vp) refers to main.o(.data) for .data
    main.o(i.cal_arr_and_psc) refers to fdiv.o(x$fpl$fdiv) for __aeabi_fdiv
[...]
    TIM_DMADelayPulseCplt                    0x08003abb   Thumb Code    94  stm32f1xx_hal_tim.o(i.TIM_DMADelayPulseCplt)
    i.TIM_DMADelayPulseHalfCplt              0x08003b18   Section        0  stm32f1xx_hal_tim.o(i.TIM_DMADelayPulseHalfCplt)
    i.TIM_DMAError                           0x08003b50   Section        0  stm32f1xx_hal_tim.o(i.TIM_DMAError)
    i.TIM_ETR_SetConfig                      0x08003ba4   Section        0  stm32f1xx_hal_tim.o(i.TIM_ETR_SetConfig)
    i.TIM_ITRx_SetConfig                     0x08003bb8   Section        0  stm32f1xx_hal_tim.o(i.TIM_ITRx_SetConfig)
    TIM_ITRx_SetConfig                       0x08003bb9   Thumb Code    16  stm32f1xx_hal_tim.o(i.TIM_ITRx_SetConfig)
    i.TIM_OC1_SetConfig                      0x08003bc8   Section        0  stm32f1xx_hal_tim.o(i.TIM_OC1_SetConfig)
    TIM_OC1_SetConfig                        0x08003bc9   Thumb Code    74  stm32f1xx_hal_tim.o(i.TIM_OC1_SetConfig)
    i.TIM_OC2_SetConfig                      0x08003c18   Section        0  stm32f1xx_hal_tim.o(i.TIM_OC2_SetConfig)
    i.TIM_OC3_SetConfig                      0x08003c70   Section        0  stm32f1xx_hal_tim.o(i.TIM_OC3_SetConfig)
    TIM_OC3_SetConfig                        0x08003c71   Thumb Code    82  stm32f1xx_hal_tim.o(i.TIM_OC3_SetConfig)
    i.TIM_OC4_SetConfig                      0x08003cc8   Section        0  stm32f1xx_hal_tim.o(i.TIM_OC4_SetConfig)
    TIM_OC4_SetConfig                        0x08003cc9   Thumb Code    64  stm32f1xx_hal_tim.o(i.TIM_OC4_SetConfig)
    i.TIM_TI1_ConfigInputStage               0x08003d0c   Section        0  stm32f1xx_hal_tim.o(i.TIM_TI1_ConfigInputStage)
    TIM_TI1_ConfigInputStage                 0x08003d0d   Thumb Code    34  stm32f1xx_hal_tim.o(i.TIM_TI1_ConfigInputStage)
    i.TIM_TI1_SetConfig                      0x08003d30   Section        0  stm32f1xx_hal_tim.o(i.TIM_TI1_SetConfig)
    i.TIM_TI2_ConfigInputStage               0x08003d88   Section        0  stm32f1xx_hal_tim.o(i.TIM_TI2_ConfigInputStage)
    TIM_TI2_ConfigInputStage                 0x08003d89   Thumb Code    36  stm32f1xx_hal_tim.o(i.TIM_TI2_ConfigInputStage)
    i.TIM_TI2_SetConfig                      0x08003dac   Section        0  stm32f1xx_hal_tim.o(i.TIM_TI2_SetConfig)
    TIM_TI2_SetConfig                        0x08003dad   Thumb Code    54  stm32f1xx_hal_tim.o(i.TIM_TI2_SetConfig)
    i.UART_DMAAbortOnError                   0x08003de2   Section        0  stm32f1xx_hal_uart.o(i.UART_DMAAbortOnError)
    UART_DMAAbortOnError                     0x08003de3   Thumb Code    16  stm32f1xx_hal_uart.o(i.UART_DMAAbortOnError)
    i.UART_EndRxTransfer                     0x08003df2   Section        0  stm32f1xx_hal_uart.o(i.UART_EndRxTransfer)
    UART_EndRxTransfer                       0x08003df3   Thumb Code    48  stm32f1xx_hal_uart.o(i.UART_EndRxTransfer)
    i.UART_Receive_IT                        0x08003e22   Section        0  stm32f1xx_hal_uart.o(i.UART_Receive_IT)
    UART_Receive_IT                          0x08003e23   Thumb Code   182  stm32f1xx_hal_uart.o(i.UART_Receive_IT)
    i.UART_SendInfo                          0x08003ed8   Section        0  main.o(i.UART_SendInfo)
    i.UART_SetConfig                         0x08003f94   Section        0  stm32f1xx_hal_uart.o(i.UART_SetConfig)
    UART_SetConfig                           0x08003f95   Thumb Code   178  stm32f1xx_hal_uart.o(i.UART_SetConfig)
    i.UART_Start_Receive_IT                  0x0800404c   Section        0  stm32f1xx_hal_uart.o(i.UART_Start_Receive_IT)
    i.UART_WaitOnFlagUntilTimeout            0x08004082   Section        0  stm32f1xx_hal_uart.o(i.UART_WaitOnFlagUntilTimeout)
    UART_WaitOnFlagUntilTimeout              0x08004083   Thumb Code   100  stm32f1xx_hal_uart.o(i.UART_WaitOnFlagUntilTimeout)
    i.USART1_IRQHandler                      0x080040e8   Section        0  stm32f1xx_it.o(i.USART1_IRQHandler)
    i.UsageFault_Handler                     0x080040f4   Section        0  stm32f1xx_it.o(i.UsageFault_Handler)
    i.WS2812_clear                           0x080040f6   Section        0  ws2812.o(i.WS2812_clear)
    i.WS2812_display                         0x08004114   Section        0  ws2812.o(i.WS2812_display)
    i.WS2812_display_RGB                     0x0800412c   Section        0  ws2812.o(i.WS2812_display_RGB)
    i.__ARM_fpclassify                       0x08004164   Section        0  fpclassify.o(i.__ARM_fpclassify)
    i.__NVIC_SetPriority                     0x0800418c   Section        0  stm32f1xx_hal_cortex.o(i.__NVIC_SetPriority)
    __NVIC_SetPriority                       0x0800418d   Thumb Code    32  stm32f1xx_hal_cortex.o(i.__NVIC_SetPriority)
    i._is_digit                              0x080041ac   Section        0  __printf_wp.o(i._is_digit)
    i.adj_vp                                 0x080041bc   Section        0  main.o(i.adj_vp)
    i.cal_arr_and_psc                        0x080041e8   Section        0  main.o(i.cal_arr_and_psc)
    i.get_wave_type                          0x08004288   Section        0  main.o(i.get_wave_type)
    i.main                                   0x080042f0   Section        0  main.o(i.main)
    i.sqrt                                   0x08004508   Section        0  sqrt.o(i.sqrt)
    i.to_microsecond                         0x08004554   Section        0  main.o(i.to_microsecond)
    i.ws2812_show_freq                       0x0800457c   Section        0  main.o(i.ws2812_show_freq)
    locale$$code                             0x0800468c   Section       44  lc_numeric_c.o(locale$$code)
    x$fpl$d2f                                0x080046b8   Section       98  d2f.o(x$fpl$d2f)
    x$fpl$dadd                               0x0800471c   Section      336  daddsub_clz.o(x$fpl$dadd)
    _dadd1                                   0x0800472d   Thumb Code     0  daddsub_clz.o(x$fpl$dadd)
    x$fpl$dcheck1                            0x0800486c   Section       16  dcheck1.o(x$fpl$dcheck1)
    x$fpl$dcmpinf                            0x0800487c   Section       24  dcmpi.o(x$fpl$dcmpinf)
    x$fpl$ddiv                               0x08004894   Section      688  ddiv.o(x$fpl$ddiv)
    ddiv_entry                               0x0800489b   Thumb Code     0  ddiv.o(x$fpl$ddiv)
    x$fpl$dfixu                              0x08004b44   Section       90  dfixu.o(x$fpl$dfixu)
    x$fpl$dfltu                              0x08004b9e   Section       38  dflt_clz.o(x$fpl$dfltu)
    x$fpl$dleqf                              0x08004bc4   Section      120  dleqf.o(x$fpl$dleqf)
    x$fpl$dmul                               0x08004c3c   Section      340  dmul.o(x$fpl$dmul)
    x$fpl$dnaninf                            0x08004d90   Section      156  dnaninf.o(x$fpl$dnaninf)
    x$fpl$dretinf                            0x08004e2c   Section       12  dretinf.o(x$fpl$dretinf)
    x$fpl$drleqf                             0x08004e38   Section      108  drleqf.o(x$fpl$drleqf)
    x$fpl$dsqrt                              0x08004ea4   Section      460  dsqrt_noumaal.o(x$fpl$dsqrt)
    x$fpl$dsub                               0x08005070   Section      468  daddsub_clz.o(x$fpl$dsub)
    _dsub1                                   0x08005081   Thumb Code     0  daddsub_clz.o(x$fpl$dsub)
    x$fpl$f2d                                0x08005244   Section       86  f2d.o(x$fpl$f2d)
    x$fpl$fadd                               0x0800529c   Section      196  faddsub_clz.o(x$fpl$fadd)
    _fadd1                                   0x080052ab   Thumb Code     0  faddsub_clz.o(x$fpl$fadd)
    x$fpl$fcheck1                            0x08005360   Section       12  fcheck1.o(x$fpl$fcheck1)
    x$fpl$fcmpinf                            0x0800536c   Section       24  fcmpi.o(x$fpl$fcmpinf)
    x$fpl$fdiv                               0x08005384   Section      388  fdiv.o(x$fpl$fdiv)
    _fdiv1                                   0x08005385   Thumb Code     0  fdiv.o(x$fpl$fdiv)
    x$fpl$ffix                               0x08005508   Section       54  ffix.o(x$fpl$ffix)
    x$fpl$ffixu                              0x08005540   Section       62  ffixu.o(x$fpl$ffixu)
    x$fpl$ffltu                              0x08005580   Section       38  fflt_clz.o(x$fpl$ffltu)
    x$fpl$fleqf                              0x080055a8   Section      104  fleqf.o(x$fpl$fleqf)
    x$fpl$fmul                               0x08005610   Section      258  fmul.o(x$fpl$fmul)
    x$fpl$fnaninf                            0x08005712   Section      140  fnaninf.o(x$fpl$fnaninf)
    x$fpl$fretinf                            0x0800579e   Section       10  fretinf.o(x$fpl$fretinf)
    x$fpl$frleqf                             0x080057a8   Section       98  frleqf.o(x$fpl$frleqf)
    x$fpl$fsub                               0x0800580c   Section      234  faddsub_clz.o(x$fpl$fsub)
    _fsub1                                   0x0800581b   Thumb Code     0  faddsub_clz.o(x$fpl$fsub)
    x$fpl$printf1                            0x080058f6   Section        4  printf1.o(x$fpl$printf1)
    x$fpl$retnan                             0x080058fa   Section      100  retnan.o(x$fpl$retnan)
    x$fpl$scalbn                             0x0800595e   Section       92  scalbn.o(x$fpl$scalbn)
    x$fpl$scalbnf                            0x080059ba   Section       76  scalbnf.o(x$fpl$scalbnf)
    x$fpl$trapveneer                         0x08005a06   Section       48  trapv.o(x$fpl$trapveneer)
    .constdata                               0x08005a36   Section       16  system_stm32f1xx.o(.constdata)
    x$fpl$usenofp                            0x08005a36   Section        0  usenofp.o(x$fpl$usenofp)
    .constdata                               0x08005a46   Section        8  system_stm32f1xx.o(.constdata)
    .constdata                               0x08005a50   Section      148  bigflt0.o(.constdata)
    tenpwrs_x                                0x08005a50   Data          60  bigflt0.o(.constdata)
    tenpwrs_i                                0x08005a8c   Data          64  bigflt0.o(.constdata)
    locale$$data                             0x08005b04   Section       28  lc_numeric_c.o(locale$$data)
    __lcnum_c_name                           0x08005b08   Data           2  lc_numeric_c.o(locale$$data)
    __lcnum_c_start                          0x08005b10   Data           0  lc_numeric_c.o(locale$$data)
    __lcnum_c_point                          0x08005b1c   Data           0  lc_numeric_c.o(locale$$data)
    __lcnum_c_thousands                      0x08005b1e   Data           0  lc_numeric_c.o(locale$$data)
    __lcnum_c_grouping                       0x08005b1f   Data           0  lc_numeric_c.o(locale$$data)
    __lcnum_c_end                            0x08005b20   Data           0  lc_numeric_c.o(locale$$data)
    .data                                    0x20000000   Section      108  main.o(.data)
    .data                                    0x2000006c   Section       12  stm32f1xx_hal.o(.data)
    .data                                    0x20000078   Section        4  system_stm32f1xx.o(.data)
    .bss                                     0x2000007c   Section     4180  main.o(.bss)
    .bss                                     0x200010d0   Section      116  adc.o(.bss)
    .bss                                     0x20001144   Section      284  tim.o(.bss)
    .bss                                     0x20001260   Section       68  usart.o(.bss)
    .bss                                     0x200012a4   Section     3232  ws2812.o(.bss)
    .bss                                     0x20001f44   Section       96  libspace.o(.bss)
    HEAP                                     0x20001fa8   Section      512  startup_stm32f103xb.o(HEAP)
    Heap_Mem                                 0x20001fa8   Data         512  startup_stm32f103xb.o(HEAP)
    STACK                                    0x200021a8   Section     1024  startup_stm32f103xb.o(STACK)
    Stack_Mem                                0x200021a8   Data        1024  startup_stm32f103xb.o(STACK)
    __initial_sp                             0x200025a8   Data           0  startup_stm32f103xb.o(STACK)

    Global Symbols

    Symbol Name                              Value     Ov Type        Size  Object(Section)

    BuildAttributes$$THM_ISAv4$P$D$K$B$S$PE$A:L22UL41UL21$X:L11$S22US41US21$IEEE1$IW$USESV6$~STKCKD$USESV7$~SHL$OTIME$ROPI$IEEEJ$EBA8$UX$STANDARDLIB$REQ8$PRES8$EABIv2 0x00000000   Number         0  anon$$obj.o ABSOLUTE
    __ARM_use_no_argv                        0x00000000   Number         0  main.o ABSOLUTE
    _printf_flags                            0x00000000   Number         0  printf_stubs.o ABSOLUTE
    _printf_return_value                     0x00000000   Number         0  printf_stubs.o ABSOLUTE
    _printf_sizespec                         0x00000000   Number         0  printf_stubs.o ABSOLUTE
    _printf_widthprec                        0x00000000   Number         0  printf_stubs.o ABSOLUTE
    __ARM_exceptions_init                     - Undefined Weak Reference
    __alloca_initialize                       - Undefined Weak Reference
    __arm_fini_                               - Undefined Weak Reference
    __arm_preinit_                            - Undefined Weak Reference
    __cpp_initialize__aeabi_                  - Undefined Weak Reference
    __cxa_finalize                            - Undefined Weak Reference
    __sigvec_lookup                           - Undefined Weak Reference
    _atexit_init                              - Undefined Weak Reference
    _call_atexit_fns                          - Undefined Weak Reference
    _clock_init                               - Undefined Weak Reference
    _fp_trap_init                             - Undefined Weak Reference
    _fp_trap_shutdown                         - Undefined Weak Reference
    _get_lc_collate                           - Undefined Weak Reference
    _get_lc_ctype                             - Undefined Weak Reference
    _get_lc_monetary                          - Undefined Weak Reference
    _get_lc_time                              - Undefined Weak Reference
    _getenv_init                              - Undefined Weak Reference
    _handle_redirection                       - Undefined Weak Reference
    _init_alloc                               - Undefined Weak Reference
    _init_user_alloc                          - Undefined Weak Reference
    _initio                                   - Undefined Weak Reference
    _printf_post_padding                      - Undefined Weak Reference
    _printf_pre_padding                       - Undefined Weak Reference
    _rand_init                                - Undefined Weak Reference
    _signal_finish                            - Undefined Weak Reference
    _signal_init                              - Undefined Weak Reference
    _terminate_alloc                          - Undefined Weak Reference
    _terminate_user_alloc                     - Undefined Weak Reference
    _terminateio                              - Undefined Weak Reference
    __Vectors_Size                           0x000000ec   Number         0  startup_stm32f103xb.o ABSOLUTE
    __Vectors                                0x08000000   Data           4  startup_stm32f103xb.o(RESET)
    __Vectors_End                            0x080000ec   Data           0  startup_stm32f103xb.o(RESET)
    __main                                   0x080000ed   Thumb Code     8  __main.o(!!!main)
    __scatterload                            0x080000f5   Thumb Code     0  __scatter.o(!!!scatter)
    __scatterload_rt2                        0x080000f5   Thumb Code    44  __scatter.o(!!!scatter)
    __scatterload_rt2_thumb_only             0x080000f5   Thumb Code     0  __scatter.o(!!!scatter)
    __scatterload_null                       0x08000103   Thumb Code     0  __scatter.o(!!!scatter)
    __scatterload_copy                       0x08000129   Thumb Code    26  __scatter_copy.o(!!handler_copy)
    __scatterload_zeroinit                   0x08000145   Thumb Code    28  __scatter_zi.o(!!handler_zi)
    _printf_f                                0x08000161   Thumb Code     0  _printf_f.o(.ARM.Collect$$_printf_percent$$00000003)
    _printf_percent                          0x08000161   Thumb Code     0  _printf_percent.o(.ARM.Collect$$_printf_percent$$00000000)
    _printf_percent_end                      0x08000167   Thumb Code     0  _printf_percent_end.o(.ARM.Collect$$_printf_percent$$00000017)
    __rt_lib_init                            0x0800016b   Thumb Code     0  libinit.o(.ARM.Collect$$libinit$$00000000)
    __rt_lib_init_fp_1                       0x0800016d   Thumb Code     0  libinit2.o(.ARM.Collect$$libinit$$00000002)
    __rt_lib_init_heap_1                     0x0800016d   Thumb Code     0  libinit2.o(.ARM.Collect$$libinit$$0000000A)
    __rt_lib_init_lc_common                  0x0800016d   Thumb Code     0  libinit2.o(.ARM.Collect$$libinit$$0000000F)
    __rt_lib_init_preinit_1                  0x0800016d   Thumb Code     0  libinit2.o(.ARM.Collect$$libinit$$00000004)
    __rt_lib_init_rand_1                     0x0800016d   Thumb Code     0  libinit2.o(.ARM.Collect$$libinit$$0000000E)
    __rt_lib_init_user_alloc_1               0x0800016d   Thumb Code     0  libinit2.o(.ARM.Collect$$libinit$$0000000C)
    __rt_lib_init_lc_collate_1               0x08000173   Thumb Code     0  libinit2.o(.ARM.Collect$$libinit$$00000011)
    __rt_lib_init_lc_ctype_1                 0x08000173   Thumb Code     0  libinit2.o(.ARM.Collect$$libinit$$00000013)
    __rt_lib_init_lc_monetary_1              0x08000173   Thumb Code     0  libinit2.o(.ARM.Collect$$libinit$$00000015)
    __rt_lib_init_lc_numeric_2               0x08000173   Thumb Code     0  libinit2.o(.ARM.Collect$$libinit$$00000016)
    __rt_lib_init_alloca_1                   0x0800017d   Thumb Code     0  libinit2.o(.ARM.Collect$$libinit$$0000002E)
    __rt_lib_init_argv_1                     0x0800017d   Thumb Code     0  libinit2.o(.ARM.Collect$$libinit$$0000002C)
    __rt_lib_init_atexit_1                   0x0800017d   Thumb Code     0  libinit2.o(.ARM.Collect$$libinit$$0000001B)
    __rt_lib_init_clock_1                    0x0800017d   Thumb Code     0  libinit2.o(.ARM.Collect$$libinit$$00000021)
    __rt_lib_init_cpp_1                      0x0800017d   Thumb Code     0  libinit2.o(.ARM.Collect$$libinit$$00000032)
    __rt_lib_init_exceptions_1               0x0800017d   Thumb Code     0  libinit2.o(.ARM.Collect$$libinit$$00000030)
    __rt_lib_init_fp_trap_1                  0x0800017d   Thumb Code     0  libinit2.o(.ARM.Collect$$libinit$$0000001F)
    __rt_lib_init_getenv_1                   0x0800017d   Thumb Code     0  libinit2.o(.ARM.Collect$$libinit$$00000023)
    __rt_lib_init_lc_numeric_1               0x0800017d   Thumb Code     0  libinit2.o(.ARM.Collect$$libinit$$00000017)
    __rt_lib_init_lc_time_1                  0x0800017d   Thumb Code     0  libinit2.o(.ARM.Collect$$libinit$$00000019)
    __rt_lib_init_return                     0x0800017d   Thumb Code     0  libinit2.o(.ARM.Collect$$libinit$$00000033)
    __rt_lib_init_signal_1                   0x0800017d   Thumb Code     0  libinit2.o(.ARM.Collect$$libinit$$0000001D)
    __rt_lib_init_stdio_1                    0x0800017d   Thumb Code     0  libinit2.o(.ARM.Collect$$libinit$$00000025)
    __rt_lib_shutdown                        0x0800017f   Thumb Code     0  libshutdown.o(.ARM.Collect$$libshutdown$$00000000)
    __rt_lib_shutdown_cpp_1                  0x08000181   Thumb Code     0  libshutdown2.o(.ARM.Collect$$libshutdown$$00000004)
    __rt_lib_shutdown_fini_1                 0x08000181   Thumb Code     0  libshutdown2.o(.ARM.Collect$$libshutdown$$00000002)
    __rt_lib_shutdown_fp_trap_1              0x08000181   Thumb Code     0  libshutdown2.o(.ARM.Collect$$libshutdown$$00000009)
    __rt_lib_shutdown_heap_1                 0x08000181   Thumb Code     0  libshutdown2.o(.ARM.Collect$$libshutdown$$00000011)
    __rt_lib_shutdown_return                 0x08000181   Thumb Code     0  libshutdown2.o(.ARM.Collect$$libshutdown$$00000012)
    __rt_lib_shutdown_signal_1               0x08000181   Thumb Code     0  libshutdown2.o(.ARM.Collect$$libshutdown$$0000000C)
    __rt_lib_shutdown_stdio_1                0x08000181   Thumb Code     0  libshutdown2.o(.ARM.Collect$$libshutdown$$00000006)
    __rt_lib_shutdown_user_alloc_1           0x08000181   Thumb Code     0  libshutdown2.o(.ARM.Collect$$libshutdown$$0000000E)
    __rt_entry                               0x08000183   Thumb Code     0  __rtentry.o(.ARM.Collect$$rtentry$$00000000)
    __rt_entry_presh_1                       0x08000183   Thumb Code     0  __rtentry2.o(.ARM.Collect$$rtentry$$00000002)
    __rt_entry_sh                            0x08000183   Thumb Code     0  __rtentry4.o(.ARM.Collect$$rtentry$$00000004)
    __rt_entry_li                            0x08000189   Thumb Code     0  __rtentry2.o(.ARM.Collect$$rtentry$$0000000A)
    __rt_entry_postsh_1                      0x08000189   Thumb Code     0  __rtentry2.o(.ARM.Collect$$rtentry$$00000009)
    __rt_entry_main                          0x0800018d   Thumb Code     0  __rtentry2.o(.ARM.Collect$$rtentry$$0000000D)
    __rt_entry_postli_1                      0x0800018d   Thumb Code     0  __rtentry2.o(.ARM.Collect$$rtentry$$0000000C)
    __rt_exit                                0x08000195   Thumb Code     0  rtexit.o(.ARM.Collect$$rtexit$$00000000)
    __rt_exit_ls                             0x08000197   Thumb Code     0  rtexit2.o(.ARM.Collect$$rtexit$$00000003)
    __rt_exit_prels_1                        0x08000197   Thumb Code     0  rtexit2.o(.ARM.Collect$$rtexit$$00000002)
    __rt_exit_exit                           0x0800019b   Thumb Code     0  rtexit2.o(.ARM.Collect$$rtexit$$00000004)
    Reset_Handler                            0x080001a1   Thumb Code     8  startup_stm32f103xb.o(.text)
    CAN1_RX1_IRQHandler                      0x080001bb   Thumb Code     0  startup_stm32f103xb.o(.text)
    CAN1_SCE_IRQHandler                      0x080001bb   Thumb Code     0  startup_stm32f103xb.o(.text)
    DMA1_Channel3_IRQHandler                 0x080001bb   Thumb Code     0  startup_stm32f103xb.o(.text)
    DMA1_Channel4_IRQHandler                 0x080001bb   Thumb Code     0  startup_stm32f103xb.o(.text)
    DMA1_Channel5_IRQHandler                 0x080001bb   Thumb Code     0  startup_stm32f103xb.o(.text)
    DMA1_Channel6_IRQHandler                 0x080001bb   Thumb Code     0  startup_stm32f103xb.o(.text)
    DMA1_Channel7_IRQHandler                 0x080001bb   Thumb Code     0  startup_stm32f103xb.o(.text)
    EXTI0_IRQHandler                         0x080001bb   Thumb Code     0  startup_stm32f103xb.o(.text)
    EXTI15_10_IRQHandler                     0x080001bb   Thumb Code     0  startup_stm32f103xb.o(.text)
    EXTI1_IRQHandler                         0x080001bb   Thumb Code     0  startup_stm32f103xb.o(.text)
    EXTI2_IRQHandler                         0x080001bb   Thumb Code     0  startup_stm32f103xb.o(.text)
    EXTI3_IRQHandler                         0x080001bb   Thumb Code     0  startup_stm32f103xb.o(.text)
    EXTI4_IRQHandler                         0x080001bb   Thumb Code     0  startup_stm32f103xb.o(.text)
    EXTI9_5_IRQHandler                       0x080001bb   Thumb Code     0  startup_stm32f103xb.o(.text)
    FLASH_IRQHandler                         0x080001bb   Thumb Code     0  startup_stm32f103xb.o(.text)
    I2C1_ER_IRQHandler                       0x080001bb   Thumb Code     0  startup_stm32f103xb.o(.text)
    I2C1_EV_IRQHandler                       0x080001bb   Thumb Code     0  startup_stm32f103xb.o(.text)
    I2C2_ER_IRQHandler                       0x080001bb   Thumb Code     0  startup_stm32f103xb.o(.text)
    I2C2_EV_IRQHandler                       0x080001bb   Thumb Code     0  startup_stm32f103xb.o(.text)
    PVD_IRQHandler                           0x080001bb   Thumb Code     0  startup_stm32f103xb.o(.text)
    RCC_IRQHandler                           0x080001bb   Thumb Code     0  startup_stm32f103xb.o(.text)
    RTC_Alarm_IRQHandler                     0x080001bb   Thumb Code     0  startup_stm32f103xb.o(.text)
    RTC_IRQHandler                           0x080001bb   Thumb Code     0  startup_stm32f103xb.o(.text)
    SPI1_IRQHandler                          0x080001bb   Thumb Code     0  startup_stm32f103xb.o(.text)
    SPI2_IRQHandler                          0x080001bb   Thumb Code     0  startup_stm32f103xb.o(.text)
    TAMPER_IRQHandler                        0x080001bb   Thumb Code     0  startup_stm32f103xb.o(.text)
    TIM1_BRK_IRQHandler                      0x080001bb   Thumb Code     0  startup_stm32f103xb.o(.text)
    TIM1_CC_IRQHandler                       0x080001bb   Thumb Code     0  startup_stm32f103xb.o(.text)
    TIM1_TRG_COM_IRQHandler                  0x080001bb   Thumb Code     0  startup_stm32f103xb.o(.text)
    TIM1_UP_IRQHandler                       0x080001bb   Thumb Code     0  startup_stm32f103xb.o(.text)
    TIM3_IRQHandler                          0x080001bb   Thumb Code     0  startup_stm32f103xb.o(.text)
    TIM4_IRQHandler                          0x080001bb   Thumb Code     0  startup_stm32f103xb.o(.text)
    USART2_IRQHandler                        0x080001bb   Thumb Code     0  startup_stm32f103xb.o(.text)
    USART3_IRQHandler                        0x080001bb   Thumb Code     0  startup_stm32f103xb.o(.text)
    USBWakeUp_IRQHandler                     0x080001bb   Thumb Code     0  startup_stm32f103xb.o(.text)
    USB_HP_CAN1_TX_IRQHandler                0x080001bb   Thumb Code     0  startup_stm32f103xb.o(.text)
    USB_LP_CAN1_RX0_IRQHandler               0x080001bb   Thumb Code     0  startup_stm32f103xb.o(.text)
    WWDG_IRQHandler                          0x080001bb   Thumb Code     0  startup_stm32f103xb.o(.text)
    __user_initial_stackheap                 0x080001bd   Thumb Code     0  startup_stm32f103xb.o(.text)
    __2sprintf                               0x080001e1   Thumb Code    34  noretval__2sprintf.o(.text)
    __printf                                 0x08000209   Thumb Code   270  __printf_wp.o(.text)
    strlen                                   0x08000317   Thumb Code    62  strlen.o(.text)
    __aeabi_memclr4                          0x08000355   Thumb Code     0  rt_memclr_w.o(.text)
    __aeabi_memclr8                          0x08000355   Thumb Code     0  rt_memclr_w.o(.text)
    __rt_memclr_w                            0x08000355   Thumb Code    78  rt_memclr_w.o(.text)
    _memset_w                                0x08000359   Thumb Code     0  rt_memclr_w.o(.text)
    __use_two_region_memory                  0x080003a3   Thumb Code     2  heapauxi.o(.text)
    __rt_heap_escrow$2region                 0x080003a5   Thumb Code     2  heapauxi.o(.text)
    __rt_heap_expand$2region                 0x080003a7   Thumb Code     2  heapauxi.o(.text)
    __read_errno                             0x080003a9   Thumb Code    10  _rserrno.o(.text)
    __set_errno                              0x080003b3   Thumb Code    12  _rserrno.o(.text)
    __lib_sel_fp_printf                      0x080003bf   Thumb Code     2  _printf_fp_dec.o(.text)
    _printf_fp_dec_real                      0x08000571   Thumb Code   620  _printf_fp_dec.o(.text)
    _printf_char_common                      0x080007e7   Thumb Code    32  _printf_char_common.o(.text)
    _sputc                                   0x0800080d   Thumb Code    10  _sputc.o(.text)
    __rt_locale                              0x08000819   Thumb Code     8  rt_locale_intlibspace.o(.text)
    __aeabi_errno_addr                       0x08000821   Thumb Code     8  rt_errno_addr_intlibspace.o(.text)
    __errno$intlibspace                      0x08000821   Thumb Code     0  rt_errno_addr_intlibspace.o(.text)
    __rt_errno_addr$intlibspace              0x08000821   Thumb Code     0  rt_errno_addr_intlibspace.o(.text)
    _ll_udiv10                               0x08000829   Thumb Code   138  lludiv10.o(.text)
    _printf_fp_infnan                        0x080008b5   Thumb Code   112  _printf_fp_infnan.o(.text)
    _btod_etento                             0x08000935   Thumb Code   224  bigflt0.o(.text)
    __user_libspace                          0x08000a19   Thumb Code     8  libspace.o(.text)
    __user_perproc_libspace                  0x08000a19   Thumb Code     0  libspace.o(.text)
    __user_perthread_libspace                0x08000a19   Thumb Code     0  libspace.o(.text)
    __user_setup_stackheap                   0x08000a21   Thumb Code    74  sys_stackheap_outer.o(.text)
    exit                                     0x08000a6b   Thumb Code    18  exit.o(.text)
    strcmp                                   0x08000a7d   Thumb Code   128  strcmpv7m.o(.text)
    _sys_exit                                0x08000afd   Thumb Code     8  sys_exit.o(.text)
    __I$use$semihosting                      0x08000b09   Thumb Code     0  use_no_semi.o(.text)
    __use_no_semihosting_swi                 0x08000b09   Thumb Code     2  use_no_semi.o(.text)
    __semihosting_library_function           0x08000b0b   Thumb Code     0  indicate_semi.o(.text)
    _btod_d2e                                0x08000b0b   Thumb Code    62  btod.o(CL$$btod_d2e)
    _d2e_denorm_low                          0x08000b49   Thumb Code    70  btod.o(CL$$btod_d2e_denorm_low)
    _d2e_norm_op1                            0x08000b8f   Thumb Code    96  btod.o(CL$$btod_d2e_norm_op1)
    __btod_div_common                        0x08000bef   Thumb Code   696  btod.o(CL$$btod_div_common)
    _e2e                                     0x08000f27   Thumb Code   220  btod.o(CL$$btod_e2e)
    _btod_ediv                               0x08001003   Thumb Code    42  btod.o(CL$$btod_ediv)
    _btod_emul                               0x0800102d   Thumb Code    42  btod.o(CL$$btod_emul)
    __btod_mult_common                       0x08001057   Thumb Code   580  btod.o(CL$$btod_mult_common)
    ADC1_2_IRQHandler                        0x0800129d   Thumb Code     6  stm32f1xx_it.o(i.ADC1_2_IRQHandler)
    ADC_ConversionStop_Disable               0x080012a9   Thumb Code    86  stm32f1xx_hal_adc.o(i.ADC_ConversionStop_Disable)
    ADC_DMAConvCplt                          0x080012ff   Thumb Code    78  stm32f1xx_hal_adc.o(i.ADC_DMAConvCplt)
    ADC_DMAError                             0x0800134d   Thumb Code    26  stm32f1xx_hal_adc.o(i.ADC_DMAError)
    ADC_DMAHalfConvCplt                      0x08001367   Thumb Code    10  stm32f1xx_hal_adc.o(i.ADC_DMAHalfConvCplt)
    ADC_Enable                               0x08001371   Thumb Code   114  stm32f1xx_hal_adc.o(i.ADC_Enable)
    BusFault_Handler                         0x080013ed   Thumb Code     2  stm32f1xx_it.o(i.BusFault_Handler)
    DMA1_Channel1_IRQHandler                 0x080013f1   Thumb Code     6  stm32f1xx_it.o(i.DMA1_Channel1_IRQHandler)
    DMA1_Channel2_IRQHandler                 0x080013fd   Thumb Code     6  stm32f1xx_it.o(i.DMA1_Channel2_IRQHandler)
    DebugMon_Handler                         0x08001433   Thumb Code     2  stm32f1xx_it.o(i.DebugMon_Handler)
    Error_Handler                            0x08001435   Thumb Code     4  main.o(i.Error_Handler)
    HAL_ADCEx_Calibration_Start              0x08001439   Thumb Code   210  stm32f1xx_hal_adc_ex.o(i.HAL_ADCEx_Calibration_Start)
    HAL_ADCEx_InjectedConvCpltCallback       0x08001511   Thumb Code     2  stm32f1xx_hal_adc_ex.o(i.HAL_ADCEx_InjectedConvCpltCallback)
    HAL_ADC_ConfigChannel                    0x08001515   Thumb Code   240  stm32f1xx_hal_adc.o(i.HAL_ADC_ConfigChannel)
    HAL_ADC_ConvCpltCallback                 0x08001611   Thumb Code    16  main.o(i.HAL_ADC_ConvCpltCallback)
    HAL_ADC_ConvHalfCpltCallback             0x08001629   Thumb Code     2  stm32f1xx_hal_adc.o(i.HAL_ADC_ConvHalfCpltCallback)
    HAL_ADC_ErrorCallback                    0x0800162b   Thumb Code     2  stm32f1xx_hal_adc.o(i.HAL_ADC_ErrorCallback)
    HAL_ADC_IRQHandler                       0x0800162d   Thumb Code   230  stm32f1xx_hal_adc.o(i.HAL_ADC_IRQHandler)
    HAL_ADC_Init                             0x08001715   Thumb Code   272  stm32f1xx_hal_adc.o(i.HAL_ADC_Init)
    HAL_ADC_LevelOutOfWindowCallback         0x08001831   Thumb Code     2  stm32f1xx_hal_adc.o(i.HAL_ADC_LevelOutOfWindowCallback)
    HAL_ADC_MspInit                          0x08001835   Thumb Code   138  adc.o(i.HAL_ADC_MspInit)
    HAL_ADC_Start_DMA                        0x080018d5   Thumb Code   246  stm32f1xx_hal_adc.o(i.HAL_ADC_Start_DMA)
    HAL_DMA_Abort                            0x080019e1   Thumb Code    70  stm32f1xx_hal_dma.o(i.HAL_DMA_Abort)
    HAL_DMA_Abort_IT                         0x08001a29   Thumb Code   148  stm32f1xx_hal_dma.o(i.HAL_DMA_Abort_IT)
    HAL_DMA_IRQHandler                       0x08001ac1   Thumb Code   316  stm32f1xx_hal_dma.o(i.HAL_DMA_IRQHandler)
    HAL_DMA_Init                             0x08001c15   Thumb Code    84  stm32f1xx_hal_dma.o(i.HAL_DMA_Init)
    HAL_DMA_Start_IT                         0x08001c71   Thumb Code   112  stm32f1xx_hal_dma.o(i.HAL_DMA_Start_IT)
    HAL_GPIO_Init                            0x08001ce1   Thumb Code   446  stm32f1xx_hal_gpio.o(i.HAL_GPIO_Init)
    HAL_GPIO_WritePin                        0x08001ec1   Thumb Code    10  stm32f1xx_hal_gpio.o(i.HAL_GPIO_WritePin)
    HAL_GetTick                              0x08001ecd   Thumb Code     6  stm32f1xx_hal.o(i.HAL_GetTick)
    HAL_IncTick                              0x08001ed9   Thumb Code    12  stm32f1xx_hal.o(i.HAL_IncTick)
    HAL_Init                                 0x08001ee9   Thumb Code    32  stm32f1xx_hal.o(i.HAL_Init)
    HAL_InitTick                             0x08001f0d   Thumb Code    54  stm32f1xx_hal.o(i.HAL_InitTick)
    HAL_MspInit                              0x08001f4d   Thumb Code    52  stm32f1xx_hal_msp.o(i.HAL_MspInit)
    HAL_NVIC_EnableIRQ                       0x08001f89   Thumb Code    26  stm32f1xx_hal_cortex.o(i.HAL_NVIC_EnableIRQ)
    HAL_NVIC_SetPriority                     0x08001fa5   Thumb Code    60  stm32f1xx_hal_cortex.o(i.HAL_NVIC_SetPriority)
    HAL_NVIC_SetPriorityGrouping             0x08001fe5   Thumb Code    26  stm32f1xx_hal_cortex.o(i.HAL_NVIC_SetPriorityGrouping)
    HAL_RCCEx_GetPeriphCLKFreq               0x08002009   Thumb Code   166  stm32f1xx_hal_rcc_ex.o(i.HAL_RCCEx_GetPeriphCLKFreq)
    HAL_RCCEx_PeriphCLKConfig                0x080020d1   Thumb Code   224  stm32f1xx_hal_rcc_ex.o(i.HAL_RCCEx_PeriphCLKConfig)
    HAL_RCC_ClockConfig                      0x080021bd   Thumb Code   280  stm32f1xx_hal_rcc.o(i.HAL_RCC_ClockConfig)
    HAL_RCC_GetPCLK1Freq                     0x080022e9   Thumb Code    20  stm32f1xx_hal_rcc.o(i.HAL_RCC_GetPCLK1Freq)
    HAL_RCC_GetPCLK2Freq                     0x08002309   Thumb Code    20  stm32f1xx_hal_rcc.o(i.HAL_RCC_GetPCLK2Freq)
    HAL_RCC_GetSysClockFreq                  0x08002329   Thumb Code    74  stm32f1xx_hal_rcc.o(i.HAL_RCC_GetSysClockFreq)
    HAL_RCC_OscConfig                        0x08002395   Thumb Code   778  stm32f1xx_hal_rcc.o(i.HAL_RCC_OscConfig)
    HAL_SYSTICK_Config                       0x080026b5   Thumb Code    40  stm32f1xx_hal_cortex.o(i.HAL_SYSTICK_Config)
    HAL_TIMEx_BreakCallback                  0x080026dd   Thumb Code     2  stm32f1xx_hal_tim_ex.o(i.HAL_TIMEx_BreakCallback)
    HAL_TIMEx_CommutCallback                 0x080026df   Thumb Code     2  stm32f1xx_hal_tim_ex.o(i.HAL_TIMEx_CommutCallback)
    HAL_TIMEx_ConfigBreakDeadTime            0x080026e1   Thumb Code    84  stm32f1xx_hal_tim_ex.o(i.HAL_TIMEx_ConfigBreakDeadTime)
    HAL_TIMEx_MasterConfigSynchronization    0x08002735   Thumb Code    92  stm32f1xx_hal_tim_ex.o(i.HAL_TIMEx_MasterConfigSynchronization)
    HAL_TIM_Base_Init                        0x0800279d   Thumb Code    90  stm32f1xx_hal_tim.o(i.HAL_TIM_Base_Init)
    HAL_TIM_Base_MspInit                     0x080027f9   Thumb Code   204  tim.o(i.HAL_TIM_Base_MspInit)
    HAL_TIM_Base_Start                       0x080028e1   Thumb Code    66  stm32f1xx_hal_tim.o(i.HAL_TIM_Base_Start)
    HAL_TIM_ConfigClockSource                0x08002931   Thumb Code   214  stm32f1xx_hal_tim.o(i.HAL_TIM_ConfigClockSource)
    HAL_TIM_ErrorCallback                    0x08002a07   Thumb Code     2  stm32f1xx_hal_tim.o(i.HAL_TIM_ErrorCallback)
    HAL_TIM_IC_CaptureCallback               0x08002a09   Thumb Code   114  main.o(i.HAL_TIM_IC_CaptureCallback)
    HAL_TIM_IC_ConfigChannel                 0x08002a89   Thumb Code   270  stm32f1xx_hal_tim.o(i.HAL_TIM_IC_ConfigChannel)
    HAL_TIM_IC_Init                          0x08002b97   Thumb Code    90  stm32f1xx_hal_tim.o(i.HAL_TIM_IC_Init)
    HAL_TIM_IC_MspInit                       0x08002bf1   Thumb Code     2  stm32f1xx_hal_tim.o(i.HAL_TIM_IC_MspInit)
    HAL_TIM_IC_Start_IT                      0x08002bf5   Thumb Code   212  stm32f1xx_hal_tim.o(i.HAL_TIM_IC_Start_IT)
    HAL_TIM_IC_Stop_IT                       0x08002cd5   Thumb Code   134  stm32f1xx_hal_tim.o(i.HAL_TIM_IC_Stop_IT)
    HAL_TIM_IRQHandler                       0x08002d5b   Thumb Code   358  stm32f1xx_hal_tim.o(i.HAL_TIM_IRQHandler)
    HAL_TIM_MspPostInit                      0x08002ec1   Thumb Code    64  tim.o(i.HAL_TIM_MspPostInit)
    HAL_TIM_OC_DelayElapsedCallback          0x08002f0d   Thumb Code     2  stm32f1xx_hal_tim.o(i.HAL_TIM_OC_DelayElapsedCallback)
    HAL_TIM_PWM_ConfigChannel                0x08002f0f   Thumb Code   198  stm32f1xx_hal_tim.o(i.HAL_TIM_PWM_ConfigChannel)
    HAL_TIM_PWM_Init                         0x08002fd5   Thumb Code    90  stm32f1xx_hal_tim.o(i.HAL_TIM_PWM_Init)
    HAL_TIM_PWM_MspInit                      0x0800302f   Thumb Code     2  stm32f1xx_hal_tim.o(i.HAL_TIM_PWM_MspInit)
    HAL_TIM_PWM_PulseFinishedCallback        0x08003031   Thumb Code     8  ws2812.o(i.HAL_TIM_PWM_PulseFinishedCallback)
    HAL_TIM_PWM_PulseFinishedHalfCpltCallback 0x0800303d   Thumb Code     2  stm32f1xx_hal_tim.o(i.HAL_TIM_PWM_PulseFinishedHalfCpltCallback)
    HAL_TIM_PWM_Start_DMA                    0x08003041   Thumb Code   362  stm32f1xx_hal_tim.o(i.HAL_TIM_PWM_Start_DMA)
    HAL_TIM_PWM_Stop_DMA                     0x080031c5   Thumb Code   178  stm32f1xx_hal_tim.o(i.HAL_TIM_PWM_Stop_DMA)
    HAL_TIM_PeriodElapsedCallback            0x0800327d   Thumb Code     2  stm32f1xx_hal_tim.o(i.HAL_TIM_PeriodElapsedCallback)
    HAL_TIM_ReadCapturedValue                0x0800327f   Thumb Code    42  stm32f1xx_hal_tim.o(i.HAL_TIM_ReadCapturedValue)
    HAL_TIM_TriggerCallback                  0x080032a9   Thumb Code     2  stm32f1xx_hal_tim.o(i.HAL_TIM_TriggerCallback)
    HAL_UARTEx_RxEventCallback               0x080032ab   Thumb Code     2  stm32f1xx_hal_uart.o(i.HAL_UARTEx_RxEventCallback)
    HAL_UART_ErrorCallback                   0x080032ad   Thumb Code     2  stm32f1xx_hal_uart.o(i.HAL_UART_ErrorCallback)
    HAL_UART_IRQHandler                      0x080032b1   Thumb Code   520  stm32f1xx_hal_uart.o(i.HAL_UART_IRQHandler)
    HAL_UART_Init                            0x080034bd   Thumb Code    98  stm32f1xx_hal_uart.o(i.HAL_UART_Init)
    HAL_UART_MspInit                         0x08003521   Thumb Code   116  usart.o(i.HAL_UART_MspInit)
    HAL_UART_Receive_IT                      0x080035a1   Thumb Code    42  stm32f1xx_hal_uart.o(i.HAL_UART_Receive_IT)
    HAL_UART_RxCpltCallback                  0x080035cd   Thumb Code    30  main.o(i.HAL_UART_RxCpltCallback)
    HAL_UART_Transmit                        0x080035f9   Thumb Code   178  stm32f1xx_hal_uart.o(i.HAL_UART_Transmit)
    HAL_UART_TxCpltCallback                  0x080036ab   Thumb Code     2  stm32f1xx_hal_uart.o(i.HAL_UART_TxCpltCallback)
    HardFault_Handler                        0x080036ad   Thumb Code     2  stm32f1xx_it.o(i.HardFault_Handler)
    MX_ADC1_Init                             0x080036b1   Thumb Code    68  adc.o(i.MX_ADC1_Init)
    MX_DMA_Init                              0x080036fd   Thumb Code    56  dma.o(i.MX_DMA_Init)
    MX_GPIO_Init                             0x08003739   Thumb Code   104  gpio.o(i.MX_GPIO_Init)
    MX_TIM1_Init                             0x080037a9   Thumb Code   188  tim.o(i.MX_TIM1_Init)
    MX_TIM2_Init                             0x0800386d   Thumb Code   144  tim.o(i.MX_TIM2_Init)
    MX_TIM3_Init                             0x08003901   Thumb Code    96  tim.o(i.MX_TIM3_Init)
    MX_USART1_UART_Init                      0x08003969   Thumb Code    48  usart.o(i.MX_USART1_UART_Init)
    MemManage_Handler                        0x080039a1   Thumb Code     2  stm32f1xx_it.o(i.MemManage_Handler)
    NMI_Handler                              0x080039a3   Thumb Code     2  stm32f1xx_it.o(i.NMI_Handler)
    PendSV_Handler                           0x080039a5   Thumb Code     2  stm32f1xx_it.o(i.PendSV_Handler)
    SVC_Handler                              0x080039a7   Thumb Code     2  stm32f1xx_it.o(i.SVC_Handler)
    SysTick_Handler                          0x080039a9   Thumb Code     4  stm32f1xx_it.o(i.SysTick_Handler)
    SystemClock_Config                       0x080039ad   Thumb Code   120  main.o(i.SystemClock_Config)
    SystemInit                               0x08003a25   Thumb Code     2  system_stm32f1xx.o(i.SystemInit)
    TIM2_IRQHandler                          0x08003a29   Thumb Code     6  stm32f1xx_it.o(i.TIM2_IRQHandler)
    TIM_Base_SetConfig                       0x08003a35   Thumb Code    94  stm32f1xx_hal_tim.o(i.TIM_Base_SetConfig)
    TIM_CCxChannelCmd                        0x08003aa1   Thumb Code    26  stm32f1xx_hal_tim.o(i.TIM_CCxChannelCmd)
    TIM_DMADelayPulseHalfCplt                0x08003b19   Thumb Code    56  stm32f1xx_hal_tim.o(i.TIM_DMADelayPulseHalfCplt)
    TIM_DMAError                             0x08003b51   Thumb Code    84  stm32f1xx_hal_tim.o(i.TIM_DMAError)
    TIM_ETR_SetConfig                        0x08003ba5   Thumb Code    20  stm32f1xx_hal_tim.o(i.TIM_ETR_SetConfig)
    TIM_OC2_SetConfig                        0x08003c19   Thumb Code    84  stm32f1xx_hal_tim.o(i.TIM_OC2_SetConfig)
    TIM_TI1_SetConfig                        0x08003d31   Thumb Code    76  stm32f1xx_hal_tim.o(i.TIM_TI1_SetConfig)
    UART_SendInfo                            0x08003ed9   Thumb Code   120  main.o(i.UART_SendInfo)
    UART_Start_Receive_IT                    0x0800404d   Thumb Code    54  stm32f1xx_hal_uart.o(i.UART_Start_Receive_IT)
    USART1_IRQHandler                        0x080040e9   Thumb Code     6  stm32f1xx_it.o(i.USART1_IRQHandler)
    UsageFault_Handler                       0x080040f5   Thumb Code     2  stm32f1xx_it.o(i.UsageFault_Handler)
    WS2812_clear                             0x080040f7   Thumb Code    30  ws2812.o(i.WS2812_clear)
    WS2812_display                           0x08004115   Thumb Code    14  ws2812.o(i.WS2812_display)
    WS2812_display_RGB                       0x0800412d   Thumb Code    52  ws2812.o(i.WS2812_display_RGB)
    __ARM_fpclassify                         0x08004165   Thumb Code    40  fpclassify.o(i.__ARM_fpclassify)
    _is_digit                                0x080041ad   Thumb Code    14  __printf_wp.o(i._is_digit)
    adj_vp                                   0x080041bd   Thumb Code    32  main.o(i.adj_vp)
    cal_arr_and_psc                          0x080041e9   Thumb Code   154  main.o(i.cal_arr_and_psc)
    get_wave_type                            0x08004289   Thumb Code    98  main.o(i.get_wave_type)
    main                                     0x080042f1   Thumb Code   470  main.o(i.main)
    sqrt                                     0x08004509   Thumb Code    76  sqrt.o(i.sqrt)
    to_microsecond                           0x08004555   Thumb Code    34  main.o(i.to_microsecond)
    ws2812_show_freq                         0x0800457d   Thumb Code   246  main.o(i.ws2812_show_freq)
    _get_lc_numeric                          0x0800468d   Thumb Code    44  lc_numeric_c.o(locale$$code)
    __aeabi_d2f                              0x080046b9   Thumb Code     0  d2f.o(x$fpl$d2f)
    _d2f                                     0x080046b9   Thumb Code    98  d2f.o(x$fpl$d2f)
    __aeabi_dadd                             0x0800471d   Thumb Code     0  daddsub_clz.o(x$fpl$dadd)
    _dadd                                    0x0800471d   Thumb Code   332  daddsub_clz.o(x$fpl$dadd)
    __fpl_dcheck_NaN1                        0x0800486d   Thumb Code    10  dcheck1.o(x$fpl$dcheck1)
    __fpl_dcmp_Inf                           0x0800487d   Thumb Code    24  dcmpi.o(x$fpl$dcmpinf)
    __aeabi_ddiv                             0x08004895   Thumb Code     0  ddiv.o(x$fpl$ddiv)
    _ddiv                                    0x08004895   Thumb Code   552  ddiv.o(x$fpl$ddiv)
    __aeabi_d2uiz                            0x08004b45   Thumb Code     0  dfixu.o(x$fpl$dfixu)
    _dfixu                                   0x08004b45   Thumb Code    90  dfixu.o(x$fpl$dfixu)
    __aeabi_ui2d                             0x08004b9f   Thumb Code     0  dflt_clz.o(x$fpl$dfltu)
    _dfltu                                   0x08004b9f   Thumb Code    38  dflt_clz.o(x$fpl$dfltu)
    __aeabi_cdcmple                          0x08004bc5   Thumb Code     0  dleqf.o(x$fpl$dleqf)
    _dcmple                                  0x08004bc5   Thumb Code   120  dleqf.o(x$fpl$dleqf)
    __fpl_dcmple_InfNaN                      0x08004c27   Thumb Code     0  dleqf.o(x$fpl$dleqf)
    __aeabi_dmul                             0x08004c3d   Thumb Code     0  dmul.o(x$fpl$dmul)
    _dmul                                    0x08004c3d   Thumb Code   332  dmul.o(x$fpl$dmul)
    __fpl_dnaninf                            0x08004d91   Thumb Code   156  dnaninf.o(x$fpl$dnaninf)
    __fpl_dretinf                            0x08004e2d   Thumb Code    12  dretinf.o(x$fpl$dretinf)
    __aeabi_cdrcmple                         0x08004e39   Thumb Code     0  drleqf.o(x$fpl$drleqf)
    _drcmple                                 0x08004e39   Thumb Code   108  drleqf.o(x$fpl$drleqf)
    _dsqrt                                   0x08004ea5   Thumb Code   456  dsqrt_noumaal.o(x$fpl$dsqrt)
    __aeabi_dsub                             0x08005071   Thumb Code     0  daddsub_clz.o(x$fpl$dsub)
    _dsub                                    0x08005071   Thumb Code   464  daddsub_clz.o(x$fpl$dsub)
    __aeabi_f2d                              0x08005245   Thumb Code     0  f2d.o(x$fpl$f2d)
    _f2d                                     0x08005245   Thumb Code    86  f2d.o(x$fpl$f2d)
    __aeabi_fadd                             0x0800529d   Thumb Code     0  faddsub_clz.o(x$fpl$fadd)
    _fadd                                    0x0800529d   Thumb Code   196  faddsub_clz.o(x$fpl$fadd)
    __fpl_fcheck_NaN1                        0x08005361   Thumb Code     6  fcheck1.o(x$fpl$fcheck1)
    __fpl_fcmp_Inf                           0x0800536d   Thumb Code    24  fcmpi.o(x$fpl$fcmpinf)
    __aeabi_fdiv                             0x08005385   Thumb Code     0  fdiv.o(x$fpl$fdiv)
    _fdiv                                    0x08005385   Thumb Code   384  fdiv.o(x$fpl$fdiv)
    __aeabi_f2iz                             0x08005509   Thumb Code     0  ffix.o(x$fpl$ffix)
    _ffix                                    0x08005509   Thumb Code    54  ffix.o(x$fpl$ffix)
    __aeabi_f2uiz                            0x08005541   Thumb Code     0  ffixu.o(x$fpl$ffixu)
    _ffixu                                   0x08005541   Thumb Code    62  ffixu.o(x$fpl$ffixu)
    __aeabi_ui2f                             0x08005581   Thumb Code     0  fflt_clz.o(x$fpl$ffltu)
    _ffltu                                   0x08005581   Thumb Code    38  fflt_clz.o(x$fpl$ffltu)
    __aeabi_cfcmple                          0x080055a9   Thumb Code     0  fleqf.o(x$fpl$fleqf)
    _fcmple                                  0x080055a9   Thumb Code   104  fleqf.o(x$fpl$fleqf)
    __fpl_fcmple_InfNaN                      0x080055fb   Thumb Code     0  fleqf.o(x$fpl$fleqf)
    __aeabi_fmul                             0x08005611   Thumb Code     0  fmul.o(x$fpl$fmul)
    _fmul                                    0x08005611   Thumb Code   258  fmul.o(x$fpl$fmul)
    __fpl_fnaninf                            0x08005713   Thumb Code   140  fnaninf.o(x$fpl$fnaninf)
    __fpl_fretinf                            0x0800579f   Thumb Code    10  fretinf.o(x$fpl$fretinf)
    __aeabi_cfrcmple                         0x080057a9   Thumb Code     0  frleqf.o(x$fpl$frleqf)
    _frcmple                                 0x080057a9   Thumb Code    98  frleqf.o(x$fpl$frleqf)
    __aeabi_fsub                             0x0800580d   Thumb Code     0  faddsub_clz.o(x$fpl$fsub)
    _fsub                                    0x0800580d   Thumb Code   234  faddsub_clz.o(x$fpl$fsub)
    _printf_fp_dec                           0x080058f7   Thumb Code     4  printf1.o(x$fpl$printf1)
    __fpl_return_NaN                         0x080058fb   Thumb Code   100  retnan.o(x$fpl$retnan)
    __ARM_scalbn                             0x0800595f   Thumb Code    92  scalbn.o(x$fpl$scalbn)
    __ARM_scalbnf                            0x080059bb   Thumb Code    76  scalbnf.o(x$fpl$scalbnf)
    __fpl_cmpreturn                          0x08005a07   Thumb Code    48  trapv.o(x$fpl$trapveneer)
    AHBPrescTable                            0x08005a36   Data          16  system_stm32f1xx.o(.constdata)
    __I$use$fp                               0x08005a36   Number         0  usenofp.o(x$fpl$usenofp)
    APBPrescTable                            0x08005a46   Data           8  system_stm32f1xx.o(.constdata)
    Region$$Table$$Base                      0x08005ae4   Number         0  anon$$obj.o(Region$$Table)
    Region$$Table$$Limit                     0x08005b04   Number         0  anon$$obj.o(Region$$Table)
    Rx_char                                  0x20000000   Data           1  main.o(.data)
    capture_Cnt                              0x20000001   Data           1  main.o(.data)
    wave_type                                0x20000004   Data           4  main.o(.data)
    adcBufFullFlag                           0x20000008   Data           4  main.o(.data)
    high_time                                0x2000000c   Data           4  main.o(.data)
    low_time                                 0x20000010   Data           4  main.o(.data)
    total_time                               0x20000014   Data           4  main.o(.data)
    duty_cycle                               0x20000018   Data           4  main.o(.data)
    freq                                     0x2000001c   Data           4  main.o(.data)
    rms                                      0x20000020   Data           4  main.o(.data)
    vp                                       0x20000024   Data           4  main.o(.data)
    adjVp                                    0x20000028   Data           4  main.o(.data)
    preFreq                                  0x2000002c   Data           4  main.o(.data)
    Tx_str1                                  0x20000030   Data          15  main.o(.data)
    ws2812_sine                              0x20000040   Data          16  main.o(.data)
    ws2812_square                            0x20000050   Data          28  main.o(.data)
    uwTickFreq                               0x2000006c   Data           1  stm32f1xx_hal.o(.data)
    uwTickPrio                               0x20000070   Data           4  stm32f1xx_hal.o(.data)
    uwTick                                   0x20000074   Data           4  stm32f1xx_hal.o(.data)
    SystemCoreClock                          0x20000078   Data           4  system_stm32f1xx.o(.data)
    capture_Buf                              0x2000007c   Data          20  main.o(.bss)
    str_buff                                 0x20000090   Data          64  main.o(.bss)
    adc_buf                                  0x200000d0   Data        4096  main.o(.bss)
    hadc1                                    0x200010d0   Data          48  adc.o(.bss)
    hdma_adc1                                0x20001100   Data          68  adc.o(.bss)
    htim1                                    0x20001144   Data          72  tim.o(.bss)
    htim2                                    0x2000118c   Data          72  tim.o(.bss)
    htim3                                    0x200011d4   Data          72  tim.o(.bss)
    hdma_tim1_ch1                            0x2000121c   Data          68  tim.o(.bss)
    huart1                                   0x20001260   Data          68  usart.o(.bss)
    RGB_buffur                               0x200012a4   Data        3232  ws2812.o(.bss)
    __libspace_start                         0x20001f44   Data          96  libspace.o(.bss)
    __temporary_stack_top$libspace           0x20001fa4   Data           0  libspace.o(.bss)



==============================================================================

Memory Map of the image

  Image Entry point : 0x080000ed

  Load Region LR_IROM1 (Base: 0x08000000, Size: 0x00005b9c, Max: 0x00010000, ABSOLUTE)

    Execution Region ER_IROM1 (Exec base: 0x08000000, Load base: 0x08000000, Size: 0x00005b20, Max: 0x00010000, ABSOLUTE)

    Exec Addr    Load Addr    Size         Type   Attr      Idx    E Section Name        Object

    0x08000000   0x08000000   0x000000ec   Data   RO            3    RESET               startup_stm32f103xb.o
    0x080000ec   0x080000ec   0x00000008   Code   RO         3299  * !!!main             c_w.l(__main.o)
    0x080000f4   0x080000f4   0x00000034   Code   RO         3614    !!!scatter          c_w.l(__scatter.o)
    0x08000128   0x08000128   0x0000001a   Code   RO         3616    !!handler_copy      c_w.l(__scatter_copy.o)
    0x08000142   0x08000142   0x00000002   PAD
    0x08000144   0x08000144   0x0000001c   Code   RO         3618    !!handler_zi        c_w.l(__scatter_zi.o)
    0x08000160   0x08000160   0x00000000   Code   RO         3292    .ARM.Collect$$_printf_percent$$00000000  c_w.l(_printf_percent.o)
    0x08000160   0x08000160   0x00000006   Code   RO         3291    .ARM.Collect$$_printf_percent$$00000003  c_w.l(_printf_f.o)
    0x08000166   0x08000166   0x00000004   Code   RO         3382    .ARM.Collect$$_printf_percent$$00000017  c_w.l(_printf_percent_end.o)
    0x0800016a   0x0800016a   0x00000002   Code   RO         3483    .ARM.Collect$$libinit$$00000000  c_w.l(libinit.o)
    0x0800016c   0x0800016c   0x00000000   Code   RO         3485    .ARM.Collect$$libinit$$00000002  c_w.l(libinit2.o)
    0x0800016c   0x0800016c   0x00000000   Code   RO         3487    .ARM.Collect$$libinit$$00000004  c_w.l(libinit2.o)
    0x0800016c   0x0800016c   0x00000000   Code   RO         3490    .ARM.Collect$$libinit$$0000000A  c_w.l(libinit2.o)
    0x0800016c   0x0800016c   0x00000000   Code   RO         3492    .ARM.Collect$$libinit$$0000000C  c_w.l(libinit2.o)
    0x0800016c   0x0800016c   0x00000000   Code   RO         3494    .ARM.Collect$$libinit$$0000000E  c_w.l(libinit2.o)
    0x0800016c   0x0800016c   0x00000006   Code   RO         3495    .ARM.Collect$$libinit$$0000000F  c_w.l(libinit2.o)
    0x08000172   0x08000172   0x00000000   Code   RO         3497    .ARM.Collect$$libinit$$00000011  c_w.l(libinit2.o)
    0x08000172   0x08000172   0x00000000   Code   RO         3499    .ARM.Collect$$libinit$$00000013  c_w.l(libinit2.o)
    0x08000172   0x08000172   0x00000000   Code   RO         3501    .ARM.Collect$$libinit$$00000015  c_w.l(libinit2.o)
    0x08000172   0x08000172   0x0000000a   Code   RO         3502    .ARM.Collect$$libinit$$00000016  c_w.l(libinit2.o)
    0x0800017c   0x0800017c   0x00000000   Code   RO         3503    .ARM.Collect$$libinit$$00000017  c_w.l(libinit2.o)
    0x0800017c   0x0800017c   0x00000000   Code   RO         3505    .ARM.Collect$$libinit$$00000019  c_w.l(libinit2.o)
    0x0800017c   0x0800017c   0x00000000   Code   RO         3507    .ARM.Collect$$libinit$$0000001B  c_w.l(libinit2.o)
    0x0800017c   0x0800017c   0x00000000   Code   RO         3509    .ARM.Collect$$libinit$$0000001D  c_w.l(libinit2.o)
    0x0800017c   0x0800017c   0x00000000   Code   RO         3511    .ARM.Collect$$libinit$$0000001F  c_w.l(libinit2.o)
    0x0800017c   0x0800017c   0x00000000   Code   RO         3513    .ARM.Collect$$libinit$$00000021  c_w.l(libinit2.o)
    0x0800017c   0x0800017c   0x00000000   Code   RO         3515    .ARM.Collect$$libinit$$00000023  c_w.l(libinit2.o)
    0x0800017c   0x0800017c   0x00000000   Code   RO         3517    .ARM.Collect$$libinit$$00000025  c_w.l(libinit2.o)
    0x0800017c   0x0800017c   0x00000000   Code   RO         3521    .ARM.Collect$$libinit$$0000002C  c_w.l(libinit2.o)
    0x0800017c   0x0800017c   0x00000000   Code   RO         3523    .ARM.Collect$$libinit$$0000002E  c_w.l(libinit2.o)
    0x0800017c   0x0800017c   0x00000000   Code   RO         3525    .ARM.Collect$$libinit$$00000030  c_w.l(libinit2.o)
    0x0800017c   0x0800017c   0x00000000   Code   RO         3527    .ARM.Collect$$libinit$$00000032  c_w.l(libinit2.o)
    0x0800017c   0x0800017c   0x00000002   Code   RO         3528    .ARM.Collect$$libinit$$00000033  c_w.l(libinit2.o)
    0x0800017e   0x0800017e   0x00000002   Code   RO         3560    .ARM.Collect$$libshutdown$$00000000  c_w.l(libshutdown.o)
    0x08000180   0x08000180   0x00000000   Code   RO         3571    .ARM.Collect$$libshutdown$$00000002  c_w.l(libshutdown2.o)
    0x08000180   0x08000180   0x00000000   Code   RO         3573    .ARM.Collect$$libshutdown$$00000004  c_w.l(libshutdown2.o)
    0x08000180   0x08000180   0x00000000   Code   RO         3575    .ARM.Collect$$libshutdown$$00000006  c_w.l(libshutdown2.o)
    0x08000180   0x08000180   0x00000000   Code   RO         3578    .ARM.Collect$$libshutdown$$00000009  c_w.l(libshutdown2.o)
    0x08000180   0x08000180   0x00000000   Code   RO         3581    .ARM.Collect$$libshutdown$$0000000C  c_w.l(libshutdown2.o)
    0x08000180   0x08000180   0x00000000   Code   RO         3583    .ARM.Collect$$libshutdown$$0000000E  c_w.l(libshutdown2.o)
    0x08000180   0x08000180   0x00000000   Code   RO         3586    .ARM.Collect$$libshutdown$$00000011  c_w.l(libshutdown2.o)
    0x08000180   0x08000180   0x00000002   Code   RO         3587    .ARM.Collect$$libshutdown$$00000012  c_w.l(libshutdown2.o)
    0x08000182   0x08000182   0x00000000   Code   RO         3373    .ARM.Collect$$rtentry$$00000000  c_w.l(__rtentry.o)
    0x08000182   0x08000182   0x00000000   Code   RO         3403    .ARM.Collect$$rtentry$$00000002  c_w.l(__rtentry2.o)
    0x08000182   0x08000182   0x00000006   Code   RO         3415    .ARM.Collect$$rtentry$$00000004  c_w.l(__rtentry4.o)
    0x08000188   0x08000188   0x00000000   Code   RO         3405    .ARM.Collect$$rtentry$$00000009  c_w.l(__rtentry2.o)
    0x08000188   0x08000188   0x00000004   Code   RO         3406    .ARM.Collect$$rtentry$$0000000A  c_w.l(__rtentry2.o)
    0x0800018c   0x0800018c   0x00000000   Code   RO         3408    .ARM.Collect$$rtentry$$0000000C  c_w.l(__rtentry2.o)
    0x0800018c   0x0800018c   0x00000008   Code   RO         3409    .ARM.Collect$$rtentry$$0000000D  c_w.l(__rtentry2.o)
    0x08000194   0x08000194   0x00000002   Code   RO         3531    .ARM.Collect$$rtexit$$00000000  c_w.l(rtexit.o)
    0x08000196   0x08000196   0x00000000   Code   RO         3538    .ARM.Collect$$rtexit$$00000002  c_w.l(rtexit2.o)
    0x08000196   0x08000196   0x00000004   Code   RO         3539    .ARM.Collect$$rtexit$$00000003  c_w.l(rtexit2.o)
    0x0800019a   0x0800019a   0x00000006   Code   RO         3540    .ARM.Collect$$rtexit$$00000004  c_w.l(rtexit2.o)
    0x080001a0   0x080001a0   0x00000040   Code   RO            4    .text               startup_stm32f103xb.o
    0x080001e0   0x080001e0   0x00000028   Code   RO         3267    .text               c_w.l(noretval__2sprintf.o)
    0x08000208   0x08000208   0x0000010e   Code   RO         3279    .text               c_w.l(__printf_wp.o)
    0x08000316   0x08000316   0x0000003e   Code   RO         3293    .text               c_w.l(strlen.o)
    0x08000354   0x08000354   0x0000004e   Code   RO         3295    .text               c_w.l(rt_memclr_w.o)
    0x080003a2   0x080003a2   0x00000006   Code   RO         3297    .text               c_w.l(heapauxi.o)
    0x080003a8   0x080003a8   0x00000016   Code   RO         3374    .text               c_w.l(_rserrno.o)
    0x080003be   0x080003be   0x0000041e   Code   RO         3376    .text               c_w.l(_printf_fp_dec.o)
    0x080007dc   0x080007dc   0x00000030   Code   RO         3378    .text               c_w.l(_printf_char_common.o)
    0x0800080c   0x0800080c   0x0000000a   Code   RO         3380    .text               c_w.l(_sputc.o)
    0x08000816   0x08000816   0x00000002   PAD
    0x08000818   0x08000818   0x00000008   Code   RO         3420    .text               c_w.l(rt_locale_intlibspace.o)
    0x08000820   0x08000820   0x00000008   Code   RO         3425    .text               c_w.l(rt_errno_addr_intlibspace.o)
    0x08000828   0x08000828   0x0000008a   Code   RO         3427    .text               c_w.l(lludiv10.o)
    0x080008b2   0x080008b2   0x00000002   PAD
    0x080008b4   0x080008b4   0x00000080   Code   RO         3429    .text               c_w.l(_printf_fp_infnan.o)
    0x08000934   0x08000934   0x000000e4   Code   RO         3433    .text               c_w.l(bigflt0.o)
    0x08000a18   0x08000a18   0x00000008   Code   RO         3469    .text               c_w.l(libspace.o)
    0x08000a20   0x08000a20   0x0000004a   Code   RO         3472    .text               c_w.l(sys_stackheap_outer.o)
    0x08000a6a   0x08000a6a   0x00000012   Code   RO         3474    .text               c_w.l(exit.o)
    0x08000a7c   0x08000a7c   0x00000080   Code   RO         3476    .text               c_w.l(strcmpv7m.o)
    0x08000afc   0x08000afc   0x0000000c   Code   RO         3550    .text               c_w.l(sys_exit.o)
    0x08000b08   0x08000b08   0x00000002   Code   RO         3561    .text               c_w.l(use_no_semi.o)
    0x08000b0a   0x08000b0a   0x00000000   Code   RO         3563    .text               c_w.l(indicate_semi.o)
    0x08000b0a   0x08000b0a   0x0000003e   Code   RO         3436    CL$$btod_d2e        c_w.l(btod.o)
    0x08000b48   0x08000b48   0x00000046   Code   RO         3438    CL$$btod_d2e_denorm_low  c_w.l(btod.o)
    0x08000b8e   0x08000b8e   0x00000060   Code   RO         3437    CL$$btod_d2e_norm_op1  c_w.l(btod.o)
    0x08000bee   0x08000bee   0x00000338   Code   RO         3446    CL$$btod_div_common  c_w.l(btod.o)
    0x08000f26   0x08000f26   0x000000dc   Code   RO         3443    CL$$btod_e2e        c_w.l(btod.o)
    0x08001002   0x08001002   0x0000002a   Code   RO         3440    CL$$btod_ediv       c_w.l(btod.o)
    0x0800102c   0x0800102c   0x0000002a   Code   RO         3439    CL$$btod_emul       c_w.l(btod.o)
    0x08001056   0x08001056   0x00000244   Code   RO         3445    CL$$btod_mult_common  c_w.l(btod.o)
    0x0800129a   0x0800129a   0x00000002   PAD
    0x0800129c   0x0800129c   0x0000000c   Code   RO          428    i.ADC1_2_IRQHandler  stm32f1xx_it.o
    0x080012a8   0x080012a8   0x00000056   Code   RO          645    i.ADC_ConversionStop_Disable  stm32f1xx_hal_adc.o
    0x080012fe   0x080012fe   0x0000004e   Code   RO          646    i.ADC_DMAConvCplt   stm32f1xx_hal_adc.o
    0x0800134c   0x0800134c   0x0000001a   Code   RO          647    i.ADC_DMAError      stm32f1xx_hal_adc.o
    0x08001366   0x08001366   0x0000000a   Code   RO          648    i.ADC_DMAHalfConvCplt  stm32f1xx_hal_adc.o
    0x08001370   0x08001370   0x0000007c   Code   RO          649    i.ADC_Enable        stm32f1xx_hal_adc.o
    0x080013ec   0x080013ec   0x00000002   Code   RO          429    i.BusFault_Handler  stm32f1xx_it.o
    0x080013ee   0x080013ee   0x00000002   PAD
    0x080013f0   0x080013f0   0x0000000c   Code   RO          430    i.DMA1_Channel1_IRQHandler  stm32f1xx_it.o
    0x080013fc   0x080013fc   0x0000000c   Code   RO          431    i.DMA1_Channel2_IRQHandler  stm32f1xx_it.o
    0x08001408   0x08001408   0x0000002a   Code   RO         1299    i.DMA_SetConfig     stm32f1xx_hal_dma.o
    0x08001432   0x08001432   0x00000002   Code   RO          432    i.DebugMon_Handler  stm32f1xx_it.o
    0x08001434   0x08001434   0x00000004   Code   RO           13    i.Error_Handler     main.o
    0x08001438   0x08001438   0x000000d8   Code   RO          825    i.HAL_ADCEx_Calibration_Start  stm32f1xx_hal_adc_ex.o
    0x08001510   0x08001510   0x00000002   Code   RO          827    i.HAL_ADCEx_InjectedConvCpltCallback  stm32f1xx_hal_adc_ex.o
    0x08001512   0x08001512   0x00000002   PAD
    0x08001514   0x08001514   0x000000fc   Code   RO          651    i.HAL_ADC_ConfigChannel  stm32f1xx_hal_adc.o
    0x08001610   0x08001610   0x00000018   Code   RO           14    i.HAL_ADC_ConvCpltCallback  main.o
    0x08001628   0x08001628   0x00000002   Code   RO          653    i.HAL_ADC_ConvHalfCpltCallback  stm32f1xx_hal_adc.o
    0x0800162a   0x0800162a   0x00000002   Code   RO          655    i.HAL_ADC_ErrorCallback  stm32f1xx_hal_adc.o
    0x0800162c   0x0800162c   0x000000e6   Code   RO          659    i.HAL_ADC_IRQHandler  stm32f1xx_hal_adc.o
    0x08001712   0x08001712   0x00000002   PAD
    0x08001714   0x08001714   0x0000011c   Code   RO          660    i.HAL_ADC_Init      stm32f1xx_hal_adc.o
    0x08001830   0x08001830   0x00000002   Code   RO          661    i.HAL_ADC_LevelOutOfWindowCallback  stm32f1xx_hal_adc.o
    0x08001832   0x08001832   0x00000002   PAD
    0x08001834   0x08001834   0x000000a0   Code   RO          261    i.HAL_ADC_MspInit   adc.o
    0x080018d4   0x080018d4   0x0000010c   Code   RO          667    i.HAL_ADC_Start_DMA  stm32f1xx_hal_adc.o
    0x080019e0   0x080019e0   0x00000046   Code   RO         1300    i.HAL_DMA_Abort     stm32f1xx_hal_dma.o
    0x08001a26   0x08001a26   0x00000002   PAD
    0x08001a28   0x08001a28   0x00000098   Code   RO         1301    i.HAL_DMA_Abort_IT  stm32f1xx_hal_dma.o
    0x08001ac0   0x08001ac0   0x00000154   Code   RO         1305    i.HAL_DMA_IRQHandler  stm32f1xx_hal_dma.o
    0x08001c14   0x08001c14   0x0000005c   Code   RO         1306    i.HAL_DMA_Init      stm32f1xx_hal_dma.o
    0x08001c70   0x08001c70   0x00000070   Code   RO         1310    i.HAL_DMA_Start_IT  stm32f1xx_hal_dma.o
    0x08001ce0   0x08001ce0   0x000001e0   Code   RO         1236    i.HAL_GPIO_Init     stm32f1xx_hal_gpio.o
    0x08001ec0   0x08001ec0   0x0000000a   Code   RO         1240    i.HAL_GPIO_WritePin  stm32f1xx_hal_gpio.o
    0x08001eca   0x08001eca   0x00000002   PAD
    0x08001ecc   0x08001ecc   0x0000000c   Code   RO          932    i.HAL_GetTick       stm32f1xx_hal.o
    0x08001ed8   0x08001ed8   0x00000010   Code   RO          938    i.HAL_IncTick       stm32f1xx_hal.o
    0x08001ee8   0x08001ee8   0x00000024   Code   RO          939    i.HAL_Init          stm32f1xx_hal.o
    0x08001f0c   0x08001f0c   0x00000040   Code   RO          940    i.HAL_InitTick      stm32f1xx_hal.o
    0x08001f4c   0x08001f4c   0x0000003c   Code   RO          534    i.HAL_MspInit       stm32f1xx_hal_msp.o
    0x08001f88   0x08001f88   0x0000001a   Code   RO         1396    i.HAL_NVIC_EnableIRQ  stm32f1xx_hal_cortex.o
    0x08001fa2   0x08001fa2   0x00000002   PAD
    0x08001fa4   0x08001fa4   0x00000040   Code   RO         1402    i.HAL_NVIC_SetPriority  stm32f1xx_hal_cortex.o
    0x08001fe4   0x08001fe4   0x00000024   Code   RO         1403    i.HAL_NVIC_SetPriorityGrouping  stm32f1xx_hal_cortex.o
    0x08002008   0x08002008   0x000000c8   Code   RO         1198    i.HAL_RCCEx_GetPeriphCLKFreq  stm32f1xx_hal_rcc_ex.o
    0x080020d0   0x080020d0   0x000000ec   Code   RO         1199    i.HAL_RCCEx_PeriphCLKConfig  stm32f1xx_hal_rcc_ex.o
    0x080021bc   0x080021bc   0x0000012c   Code   RO         1096    i.HAL_RCC_ClockConfig  stm32f1xx_hal_rcc.o
    0x080022e8   0x080022e8   0x00000020   Code   RO         1103    i.HAL_RCC_GetPCLK1Freq  stm32f1xx_hal_rcc.o
    0x08002308   0x08002308   0x00000020   Code   RO         1104    i.HAL_RCC_GetPCLK2Freq  stm32f1xx_hal_rcc.o
    0x08002328   0x08002328   0x0000006c   Code   RO         1105    i.HAL_RCC_GetSysClockFreq  stm32f1xx_hal_rcc.o
    0x08002394   0x08002394   0x00000320   Code   RO         1108    i.HAL_RCC_OscConfig  stm32f1xx_hal_rcc.o
    0x080026b4   0x080026b4   0x00000028   Code   RO         1407    i.HAL_SYSTICK_Config  stm32f1xx_hal_cortex.o
    0x080026dc   0x080026dc   0x00000002   Code   RO         2602    i.HAL_TIMEx_BreakCallback  stm32f1xx_hal_tim_ex.o
    0x080026de   0x080026de   0x00000002   Code   RO         2603    i.HAL_TIMEx_CommutCallback  stm32f1xx_hal_tim_ex.o
    0x080026e0   0x080026e0   0x00000054   Code   RO         2605    i.HAL_TIMEx_ConfigBreakDeadTime  stm32f1xx_hal_tim_ex.o
    0x08002734   0x08002734   0x00000068   Code   RO         2621    i.HAL_TIMEx_MasterConfigSynchronization  stm32f1xx_hal_tim_ex.o
    0x0800279c   0x0800279c   0x0000005a   Code   RO         1898    i.HAL_TIM_Base_Init  stm32f1xx_hal_tim.o
    0x080027f6   0x080027f6   0x00000002   PAD
    0x080027f8   0x080027f8   0x000000e8   Code   RO          327    i.HAL_TIM_Base_MspInit  tim.o
    0x080028e0   0x080028e0   0x00000050   Code   RO         1901    i.HAL_TIM_Base_Start  stm32f1xx_hal_tim.o
    0x08002930   0x08002930   0x000000d6   Code   RO         1907    i.HAL_TIM_ConfigClockSource  stm32f1xx_hal_tim.o
    0x08002a06   0x08002a06   0x00000002   Code   RO         1928    i.HAL_TIM_ErrorCallback  stm32f1xx_hal_tim.o
    0x08002a08   0x08002a08   0x00000080   Code   RO           15    i.HAL_TIM_IC_CaptureCallback  main.o
    0x08002a88   0x08002a88   0x0000010e   Code   RO         1934    i.HAL_TIM_IC_ConfigChannel  stm32f1xx_hal_tim.o
    0x08002b96   0x08002b96   0x0000005a   Code   RO         1937    i.HAL_TIM_IC_Init   stm32f1xx_hal_tim.o
    0x08002bf0   0x08002bf0   0x00000002   Code   RO         1939    i.HAL_TIM_IC_MspInit  stm32f1xx_hal_tim.o
    0x08002bf2   0x08002bf2   0x00000002   PAD
    0x08002bf4   0x08002bf4   0x000000e0   Code   RO         1942    i.HAL_TIM_IC_Start_IT  stm32f1xx_hal_tim.o
    0x08002cd4   0x08002cd4   0x00000086   Code   RO         1945    i.HAL_TIM_IC_Stop_IT  stm32f1xx_hal_tim.o
    0x08002d5a   0x08002d5a   0x00000166   Code   RO         1946    i.HAL_TIM_IRQHandler  stm32f1xx_hal_tim.o
    0x08002ec0   0x08002ec0   0x0000004c   Code   RO          328    i.HAL_TIM_MspPostInit  tim.o
    0x08002f0c   0x08002f0c   0x00000002   Code   RO         1949    i.HAL_TIM_OC_DelayElapsedCallback  stm32f1xx_hal_tim.o
    0x08002f0e   0x08002f0e   0x000000c6   Code   RO         1970    i.HAL_TIM_PWM_ConfigChannel  stm32f1xx_hal_tim.o
    0x08002fd4   0x08002fd4   0x0000005a   Code   RO         1973    i.HAL_TIM_PWM_Init  stm32f1xx_hal_tim.o
    0x0800302e   0x0800302e   0x00000002   Code   RO         1975    i.HAL_TIM_PWM_MspInit  stm32f1xx_hal_tim.o
    0x08003030   0x08003030   0x0000000c   Code   RO          558    i.HAL_TIM_PWM_PulseFinishedCallback  ws2812.o
    0x0800303c   0x0800303c   0x00000002   Code   RO         1977    i.HAL_TIM_PWM_PulseFinishedHalfCpltCallback  stm32f1xx_hal_tim.o
    0x0800303e   0x0800303e   0x00000002   PAD
    0x08003040   0x08003040   0x00000184   Code   RO         1979    i.HAL_TIM_PWM_Start_DMA  stm32f1xx_hal_tim.o
    0x080031c4   0x080031c4   0x000000b8   Code   RO         1982    i.HAL_TIM_PWM_Stop_DMA  stm32f1xx_hal_tim.o
    0x0800327c   0x0800327c   0x00000002   Code   RO         1984    i.HAL_TIM_PeriodElapsedCallback  stm32f1xx_hal_tim.o
    0x0800327e   0x0800327e   0x0000002a   Code   RO         1986    i.HAL_TIM_ReadCapturedValue  stm32f1xx_hal_tim.o
    0x080032a8   0x080032a8   0x00000002   Code   RO         1989    i.HAL_TIM_TriggerCallback  stm32f1xx_hal_tim.o
    0x080032aa   0x080032aa   0x00000002   Code   RO         2880    i.HAL_UARTEx_RxEventCallback  stm32f1xx_hal_uart.o
    0x080032ac   0x080032ac   0x00000002   Code   RO         2894    i.HAL_UART_ErrorCallback  stm32f1xx_hal_uart.o
    0x080032ae   0x080032ae   0x00000002   PAD
    0x080032b0   0x080032b0   0x0000020c   Code   RO         2897    i.HAL_UART_IRQHandler  stm32f1xx_hal_uart.o
    0x080034bc   0x080034bc   0x00000062   Code   RO         2898    i.HAL_UART_Init     stm32f1xx_hal_uart.o
    0x0800351e   0x0800351e   0x00000002   PAD
    0x08003520   0x08003520   0x00000080   Code   RO          387    i.HAL_UART_MspInit  usart.o
    0x080035a0   0x080035a0   0x0000002a   Code   RO         2903    i.HAL_UART_Receive_IT  stm32f1xx_hal_uart.o
    0x080035ca   0x080035ca   0x00000002   PAD
    0x080035cc   0x080035cc   0x0000002c   Code   RO           16    i.HAL_UART_RxCpltCallback  main.o
    0x080035f8   0x080035f8   0x000000b2   Code   RO         2906    i.HAL_UART_Transmit  stm32f1xx_hal_uart.o
    0x080036aa   0x080036aa   0x00000002   Code   RO         2909    i.HAL_UART_TxCpltCallback  stm32f1xx_hal_uart.o
    0x080036ac   0x080036ac   0x00000002   Code   RO          433    i.HardFault_Handler  stm32f1xx_it.o
    0x080036ae   0x080036ae   0x00000002   PAD
    0x080036b0   0x080036b0   0x0000004c   Code   RO          262    i.MX_ADC1_Init      adc.o
    0x080036fc   0x080036fc   0x0000003c   Code   RO          302    i.MX_DMA_Init       dma.o
    0x08003738   0x08003738   0x00000070   Code   RO          236    i.MX_GPIO_Init      gpio.o
    0x080037a8   0x080037a8   0x000000c4   Code   RO          329    i.MX_TIM1_Init      tim.o
    0x0800386c   0x0800386c   0x00000094   Code   RO          330    i.MX_TIM2_Init      tim.o
    0x08003900   0x08003900   0x00000068   Code   RO          331    i.MX_TIM3_Init      tim.o
    0x08003968   0x08003968   0x00000038   Code   RO          388    i.MX_USART1_UART_Init  usart.o
    0x080039a0   0x080039a0   0x00000002   Code   RO          434    i.MemManage_Handler  stm32f1xx_it.o
    0x080039a2   0x080039a2   0x00000002   Code   RO          435    i.NMI_Handler       stm32f1xx_it.o
    0x080039a4   0x080039a4   0x00000002   Code   RO          436    i.PendSV_Handler    stm32f1xx_it.o
    0x080039a6   0x080039a6   0x00000002   Code   RO          437    i.SVC_Handler       stm32f1xx_it.o
    0x080039a8   0x080039a8   0x00000004   Code   RO          438    i.SysTick_Handler   stm32f1xx_it.o
    0x080039ac   0x080039ac   0x00000078   Code   RO           17    i.SystemClock_Config  main.o
    0x08003a24   0x08003a24   0x00000002   Code   RO         3227    i.SystemInit        system_stm32f1xx.o
    0x08003a26   0x08003a26   0x00000002   PAD
    0x08003a28   0x08003a28   0x0000000c   Code   RO          439    i.TIM2_IRQHandler   stm32f1xx_it.o
    0x08003a34   0x08003a34   0x0000006c   Code   RO         1991    i.TIM_Base_SetConfig  stm32f1xx_hal_tim.o
    0x08003aa0   0x08003aa0   0x0000001a   Code   RO         1992    i.TIM_CCxChannelCmd  stm32f1xx_hal_tim.o
    0x08003aba   0x08003aba   0x0000005e   Code   RO         1995    i.TIM_DMADelayPulseCplt  stm32f1xx_hal_tim.o
    0x08003b18   0x08003b18   0x00000038   Code   RO         1996    i.TIM_DMADelayPulseHalfCplt  stm32f1xx_hal_tim.o
    0x08003b50   0x08003b50   0x00000054   Code   RO         1997    i.TIM_DMAError      stm32f1xx_hal_tim.o
    0x08003ba4   0x08003ba4   0x00000014   Code   RO         2002    i.TIM_ETR_SetConfig  stm32f1xx_hal_tim.o
    0x08003bb8   0x08003bb8   0x00000010   Code   RO         2003    i.TIM_ITRx_SetConfig  stm32f1xx_hal_tim.o
    0x08003bc8   0x08003bc8   0x00000050   Code   RO         2004    i.TIM_OC1_SetConfig  stm32f1xx_hal_tim.o
    0x08003c18   0x08003c18   0x00000058   Code   RO         2005    i.TIM_OC2_SetConfig  stm32f1xx_hal_tim.o
    0x08003c70   0x08003c70   0x00000058   Code   RO         2006    i.TIM_OC3_SetConfig  stm32f1xx_hal_tim.o
    0x08003cc8   0x08003cc8   0x00000044   Code   RO         2007    i.TIM_OC4_SetConfig  stm32f1xx_hal_tim.o
    0x08003d0c   0x08003d0c   0x00000022   Code   RO         2009    i.TIM_TI1_ConfigInputStage  stm32f1xx_hal_tim.o
    0x08003d2e   0x08003d2e   0x00000002   PAD
    0x08003d30   0x08003d30   0x00000058   Code   RO         2010    i.TIM_TI1_SetConfig  stm32f1xx_hal_tim.o
    0x08003d88   0x08003d88   0x00000024   Code   RO         2011    i.TIM_TI2_ConfigInputStage  stm32f1xx_hal_tim.o
    0x08003dac   0x08003dac   0x00000036   Code   RO         2012    i.TIM_TI2_SetConfig  stm32f1xx_hal_tim.o
    0x08003de2   0x08003de2   0x00000010   Code   RO         2911    i.UART_DMAAbortOnError  stm32f1xx_hal_uart.o
    0x08003df2   0x08003df2   0x00000030   Code   RO         2921    i.UART_EndRxTransfer  stm32f1xx_hal_uart.o
    0x08003e22   0x08003e22   0x000000b6   Code   RO         2923    i.UART_Receive_IT   stm32f1xx_hal_uart.o
    0x08003ed8   0x08003ed8   0x000000bc   Code   RO           18    i.UART_SendInfo     main.o
    0x08003f94   0x08003f94   0x000000b8   Code   RO         2924    i.UART_SetConfig    stm32f1xx_hal_uart.o
    0x0800404c   0x0800404c   0x00000036   Code   RO         2926    i.UART_Start_Receive_IT  stm32f1xx_hal_uart.o
    0x08004082   0x08004082   0x00000064   Code   RO         2927    i.UART_WaitOnFlagUntilTimeout  stm32f1xx_hal_uart.o
    0x080040e6   0x080040e6   0x00000002   PAD
    0x080040e8   0x080040e8   0x0000000c   Code   RO          440    i.USART1_IRQHandler  stm32f1xx_it.o
    0x080040f4   0x080040f4   0x00000002   Code   RO          441    i.UsageFault_Handler  stm32f1xx_it.o
    0x080040f6   0x080040f6   0x0000001e   Code   RO          559    i.WS2812_clear      ws2812.o
    0x08004114   0x08004114   0x00000018   Code   RO          560    i.WS2812_display    ws2812.o
    0x0800412c   0x0800412c   0x00000038   Code   RO          561    i.WS2812_display_RGB  ws2812.o
    0x08004164   0x08004164   0x00000028   Code   RO         3467    i.__ARM_fpclassify  m_ws.l(fpclassify.o)
    0x0800418c   0x0800418c   0x00000020   Code   RO         1409    i.__NVIC_SetPriority  stm32f1xx_hal_cortex.o
    0x080041ac   0x080041ac   0x0000000e   Code   RO         3281    i._is_digit         c_w.l(__printf_wp.o)
    0x080041ba   0x080041ba   0x00000002   PAD
    0x080041bc   0x080041bc   0x0000002c   Code   RO           19    i.adj_vp            main.o
    0x080041e8   0x080041e8   0x000000a0   Code   RO           20    i.cal_arr_and_psc   main.o
    0x08004288   0x08004288   0x00000068   Code   RO           21    i.get_wave_type     main.o
    0x080042f0   0x080042f0   0x00000218   Code   RO           22    i.main              main.o
    0x08004508   0x08004508   0x0000004c   Code   RO         3366    i.sqrt              m_ws.l(sqrt.o)
    0x08004554   0x08004554   0x00000028   Code   RO           23    i.to_microsecond    main.o
    0x0800457c   0x0800457c   0x00000110   Code   RO           24    i.ws2812_show_freq  main.o
    0x0800468c   0x0800468c   0x0000002c   Code   RO         3459    locale$$code        c_w.l(lc_numeric_c.o)
    0x080046b8   0x080046b8   0x00000062   Code   RO         3301    x$fpl$d2f           fz_ws.l(d2f.o)
    0x0800471a   0x0800471a   0x00000002   PAD
    0x0800471c   0x0800471c   0x00000150   Code   RO         3303    x$fpl$dadd          fz_ws.l(daddsub_clz.o)
    0x0800486c   0x0800486c   0x00000010   Code   RO         3383    x$fpl$dcheck1       fz_ws.l(dcheck1.o)
    0x0800487c   0x0800487c   0x00000018   Code   RO         3461    x$fpl$dcmpinf       fz_ws.l(dcmpi.o)
    0x08004894   0x08004894   0x000002b0   Code   RO         3310    x$fpl$ddiv          fz_ws.l(ddiv.o)
    0x08004b44   0x08004b44   0x0000005a   Code   RO         3313    x$fpl$dfixu         fz_ws.l(dfixu.o)
    0x08004b9e   0x08004b9e   0x00000026   Code   RO         3317    x$fpl$dfltu         fz_ws.l(dflt_clz.o)
    0x08004bc4   0x08004bc4   0x00000078   Code   RO         3385    x$fpl$dleqf         fz_ws.l(dleqf.o)
    0x08004c3c   0x08004c3c   0x00000154   Code   RO         3323    x$fpl$dmul          fz_ws.l(dmul.o)
    0x08004d90   0x08004d90   0x0000009c   Code   RO         3387    x$fpl$dnaninf       fz_ws.l(dnaninf.o)
    0x08004e2c   0x08004e2c   0x0000000c   Code   RO         3389    x$fpl$dretinf       fz_ws.l(dretinf.o)
    0x08004e38   0x08004e38   0x0000006c   Code   RO         3325    x$fpl$drleqf        fz_ws.l(drleqf.o)
    0x08004ea4   0x08004ea4   0x000001cc   Code   RO         3391    x$fpl$dsqrt         fz_ws.l(dsqrt_noumaal.o)
    0x08005070   0x08005070   0x000001d4   Code   RO         3305    x$fpl$dsub          fz_ws.l(daddsub_clz.o)
    0x08005244   0x08005244   0x00000056   Code   RO         3327    x$fpl$f2d           fz_ws.l(f2d.o)
    0x0800529a   0x0800529a   0x00000002   PAD
    0x0800529c   0x0800529c   0x000000c4   Code   RO         3329    x$fpl$fadd          fz_ws.l(faddsub_clz.o)
    0x08005360   0x08005360   0x0000000c   Code   RO         3393    x$fpl$fcheck1       fz_ws.l(fcheck1.o)
    0x0800536c   0x0800536c   0x00000018   Code   RO         3395    x$fpl$fcmpinf       fz_ws.l(fcmpi.o)
    0x08005384   0x08005384   0x00000184   Code   RO         3336    x$fpl$fdiv          fz_ws.l(fdiv.o)
    0x08005508   0x08005508   0x00000036   Code   RO         3339    x$fpl$ffix          fz_ws.l(ffix.o)
    0x0800553e   0x0800553e   0x00000002   PAD
    0x08005540   0x08005540   0x0000003e   Code   RO         3343    x$fpl$ffixu         fz_ws.l(ffixu.o)
    0x0800557e   0x0800557e   0x00000002   PAD
    0x08005580   0x08005580   0x00000026   Code   RO         3347    x$fpl$ffltu         fz_ws.l(fflt_clz.o)
    0x080055a6   0x080055a6   0x00000002   PAD
    0x080055a8   0x080055a8   0x00000068   Code   RO         3353    x$fpl$fleqf         fz_ws.l(fleqf.o)
    0x08005610   0x08005610   0x00000102   Code   RO         3355    x$fpl$fmul          fz_ws.l(fmul.o)
    0x08005712   0x08005712   0x0000008c   Code   RO         3397    x$fpl$fnaninf       fz_ws.l(fnaninf.o)
    0x0800579e   0x0800579e   0x0000000a   Code   RO         3399    x$fpl$fretinf       fz_ws.l(fretinf.o)
    0x080057a8   0x080057a8   0x00000062   Code   RO         3357    x$fpl$frleqf        fz_ws.l(frleqf.o)
    0x0800580a   0x0800580a   0x00000002   PAD
    0x0800580c   0x0800580c   0x000000ea   Code   RO         3331    x$fpl$fsub          fz_ws.l(faddsub_clz.o)
    0x080058f6   0x080058f6   0x00000004   Code   RO         3359    x$fpl$printf1       fz_ws.l(printf1.o)
    0x080058fa   0x080058fa   0x00000064   Code   RO         3465    x$fpl$retnan        fz_ws.l(retnan.o)
    0x0800595e   0x0800595e   0x0000005c   Code   RO         3361    x$fpl$scalbn        fz_ws.l(scalbn.o)
    0x080059ba   0x080059ba   0x0000004c   Code   RO         3363    x$fpl$scalbnf       fz_ws.l(scalbnf.o)
    0x08005a06   0x08005a06   0x00000030   Code   RO         3529    x$fpl$trapveneer    fz_ws.l(trapv.o)
    0x08005a36   0x08005a36   0x00000000   Code   RO         3401    x$fpl$usenofp       fz_ws.l(usenofp.o)
    0x08005a36   0x08005a36   0x00000010   Data   RO         3228    .constdata          system_stm32f1xx.o
    0x08005a46   0x08005a46   0x00000008   Data   RO         3229    .constdata          system_stm32f1xx.o
    0x08005a4e   0x08005a4e   0x00000002   PAD
    0x08005a50   0x08005a50   0x00000094   Data   RO         3434    .constdata          c_w.l(bigflt0.o)
    0x08005ae4   0x08005ae4   0x00000020   Data   RO         3612    Region$$Table       anon$$obj.o
    0x08005b04   0x08005b04   0x0000001c   Data   RO         3458    locale$$data        c_w.l(lc_numeric_c.o)


    Execution Region RW_IRAM1 (Exec base: 0x20000000, Load base: 0x08005b20, Size: 0x000025a8, Max: 0x00005000, ABSOLUTE)

    Exec Addr    Load Addr    Size         Type   Attr      Idx    E Section Name        Object

    0x20000000   0x08005b20   0x0000006c   Data   RW           26    .data               main.o
    0x2000006c   0x08005b8c   0x0000000c   Data   RW          946    .data               stm32f1xx_hal.o
    0x20000078   0x08005b98   0x00000004   Data   RW         3230    .data               system_stm32f1xx.o
    0x2000007c        -       0x00001054   Zero   RW           25    .bss                main.o
    0x200010d0        -       0x00000074   Zero   RW          263    .bss                adc.o
    0x20001144        -       0x0000011c   Zero   RW          332    .bss                tim.o
    0x20001260        -       0x00000044   Zero   RW          389    .bss                usart.o
    0x200012a4        -       0x00000ca0   Zero   RW          563    .bss                ws2812.o
    0x20001f44        -       0x00000060   Zero   RW         3470    .bss                c_w.l(libspace.o)
    0x20001fa4   0x08005b9c   0x00000004   PAD
    0x20001fa8        -       0x00000200   Zero   RW            2    HEAP                startup_stm32f103xb.o
    0x200021a8        -       0x00000400   Zero   RW            1    STACK               startup_stm32f103xb.o


==============================================================================

Image component sizes


      Code (inc. data)   RO Data    RW Data    ZI Data      Debug   Object Name

       236         30          0          0        116       1651   adc.o
        60          4          0          0          0        718   dma.o
       112          8          0          0          0        871   gpio.o
      1664        226          0        108       4180     454747   main.o
        64         26        236          0       1536        788   startup_stm32f103xb.o
       128         24          0         12          0       5137   stm32f1xx_hal.o
      1364         56          0          0          0       8999   stm32f1xx_hal_adc.o
       218          6          0          0          0       1907   stm32f1xx_hal_adc_ex.o
       198         14          0          0          0      28803   stm32f1xx_hal_cortex.o
       808         36          0          0          0       4826   stm32f1xx_hal_dma.o
       490         34          0          0          0       2820   stm32f1xx_hal_gpio.o
        60          8          0          0          0        826   stm32f1xx_hal_msp.o
      1272        100          0          0          0       5052   stm32f1xx_hal_rcc.o
       436         46          0          0          0       2465   stm32f1xx_hal_rcc_ex.o
      3316        104          0          0          0      25025   stm32f1xx_hal_tim.o
       192         12          0          0          0       3041   stm32f1xx_hal_tim_ex.o
      1432         10          0          0          0      10208   stm32f1xx_hal_uart.o
        80         30          0          0          0       5746   stm32f1xx_it.o
         2          0         24          4          0       1047   system_stm32f1xx.o
       756         60          0          0        284       3896   tim.o
       184         20          0          0         68       1590   usart.o
       122         18          0          0       3232       2454   ws2812.o

    ----------------------------------------------------------------------
     13228        872        294        124       9416     572617   Object Totals
         0          0         32          0          0          0   (incl. Generated)
        34          0          2          0          0          0   (incl. Padding)

    ----------------------------------------------------------------------

      Code (inc. data)   RO Data    RW Data    ZI Data      Debug   Library Member Name

         8          0          0          0          0         68   __main.o
       284          0          0          0          0        156   __printf_wp.o
         0          0          0          0          0          0   __rtentry.o
        12          0          0          0          0          0   __rtentry2.o
         6          0          0          0          0          0   __rtentry4.o
        52          8          0          0          0          0   __scatter.o
        26          0          0          0          0          0   __scatter_copy.o
        28          0          0          0          0          0   __scatter_zi.o
        48          6          0          0          0         96   _printf_char_common.o
         6          0          0          0          0          0   _printf_f.o
      1054          0          0          0          0        216   _printf_fp_dec.o
       128         16          0          0          0         84   _printf_fp_infnan.o
         0          0          0          0          0          0   _printf_percent.o
         4          0          0          0          0          0   _printf_percent_end.o
        22          0          0          0          0        100   _rserrno.o
        10          0          0          0          0         68   _sputc.o
       228          4        148          0          0         96   bigflt0.o
      1936        128          0          0          0        672   btod.o
        18          0          0          0          0         80   exit.o
         6          0          0          0          0        152   heapauxi.o
         0          0          0          0          0          0   indicate_semi.o
        44         10         28          0          0         76   lc_numeric_c.o
         2          0          0          0          0          0   libinit.o
        18          0          0          0          0          0   libinit2.o
         2          0          0          0          0          0   libshutdown.o
         2          0          0          0          0          0   libshutdown2.o
         8          4          0          0         96         68   libspace.o
       138          0          0          0          0         80   lludiv10.o
        40          6          0          0          0         84   noretval__2sprintf.o
         8          4          0          0          0         68   rt_errno_addr_intlibspace.o
         8          4          0          0          0         68   rt_locale_intlibspace.o
        78          0          0          0          0         80   rt_memclr_w.o
         2          0          0          0          0          0   rtexit.o
        10          0          0          0          0          0   rtexit2.o
       128          0          0          0          0         68   strcmpv7m.o
        62          0          0          0          0         76   strlen.o
        12          4          0          0          0         68   sys_exit.o
        74          0          0          0          0         80   sys_stackheap_outer.o
         2          0          0          0          0         68   use_no_semi.o
        98          4          0          0          0         92   d2f.o
       804         16          0          0          0        272   daddsub_clz.o
        16          4          0          0          0         68   dcheck1.o
        24          0          0          0          0         68   dcmpi.o
       688        140          0          0          0        208   ddiv.o
        90          4          0          0          0         92   dfixu.o
        38          0          0          0          0         68   dflt_clz.o
       120          4          0          0          0         92   dleqf.o
       340         12          0          0          0        104   dmul.o
       156          4          0          0          0         92   dnaninf.o
        12          0          0          0          0         68   dretinf.o
       108          0          0          0          0         80   drleqf.o
       460         56          0          0          0        120   dsqrt_noumaal.o
        86          4          0          0          0         84   f2d.o
       430          8          0          0          0        168   faddsub_clz.o
        12          4          0          0          0         68   fcheck1.o
        24          0          0          0          0         68   fcmpi.o
       388         76          0          0          0         96   fdiv.o
        54          4          0          0          0         84   ffix.o
        62          4          0          0          0         84   ffixu.o
        38          0          0          0          0         68   fflt_clz.o
       104          4          0          0          0         84   fleqf.o
       258          4          0          0          0         84   fmul.o
       140          4          0          0          0         84   fnaninf.o
        10          0          0          0          0         68   fretinf.o
        98          0          0          0          0         68   frleqf.o
         4          0          0          0          0         68   printf1.o
       100          0          0          0          0         68   retnan.o
        92          0          0          0          0         68   scalbn.o
        76          0          0          0          0         68   scalbnf.o
        48          0          0          0          0         68   trapv.o
         0          0          0          0          0          0   usenofp.o
        40          0          0          0          0         68   fpclassify.o
        76          0          0          0          0         84   sqrt.o

    ----------------------------------------------------------------------
      9630        550        176          0        100       5696   Library Totals
        22          0          0          0          4          0   (incl. Padding)

    ----------------------------------------------------------------------

      Code (inc. data)   RO Data    RW Data    ZI Data      Debug   Library Name

      4514        194        176          0         96       2672   c_w.l
      4978        356          0          0          0       2872   fz_ws.l
       116          0          0          0          0        152   m_ws.l

    ----------------------------------------------------------------------
      9630        550        176          0        100       5696   Library Totals

    ----------------------------------------------------------------------

==============================================================================


      Code (inc. data)   RO Data    RW Data    ZI Data      Debug   

     22858       1422        470        124       9516     568377   Grand Totals
     22858       1422        470        124       9516     568377   ELF Image Totals
     22858       1422        470        124          0          0   ROM Totals

==============================================================================

    Total RO  Size (Code + RO Data)                23328 (  22.78kB)
    Total RW  Size (RW Data + ZI Data)              9640 (   9.41kB)
    Total ROM Size (Code + RO Data + RW Data)      23452 (  22.90kB)

==============================================================================

